Archive member included to satisfy reference by file (symbol)

C:/ST/STM32CubeIDE_1.15.1/STM32CubeIDE/plugins/com.st.stm32cube.ide.mcu.externaltools.gnu-tools-for-stm32.13.3.rel1.win32_1.0.0.202411081344/tools/bin/../lib/gcc/arm-none-eabi/13.3.1/../../../../arm-none-eabi/lib/thumb/v7e-m+dp/hard\libc_nano.a(libc_a-exit.o)
                              C:/ST/STM32CubeIDE_1.15.1/STM32CubeIDE/plugins/com.st.stm32cube.ide.mcu.externaltools.gnu-tools-for-stm32.13.3.rel1.win32_1.0.0.202411081344/tools/bin/../lib/gcc/arm-none-eabi/13.3.1/../../../../arm-none-eabi/lib/thumb/v7e-m+dp/hard/crt0.o (exit)
C:/ST/STM32CubeIDE_1.15.1/STM32CubeIDE/plugins/com.st.stm32cube.ide.mcu.externaltools.gnu-tools-for-stm32.13.3.rel1.win32_1.0.0.202411081344/tools/bin/../lib/gcc/arm-none-eabi/13.3.1/../../../../arm-none-eabi/lib/thumb/v7e-m+dp/hard\libc_nano.a(libc_a-findfp.o)
                              ./Middlewares/Third_Party/FreeRTOS/Source/tasks.o (__sf)
C:/ST/STM32CubeIDE_1.15.1/STM32CubeIDE/plugins/com.st.stm32cube.ide.mcu.externaltools.gnu-tools-for-stm32.13.3.rel1.win32_1.0.0.202411081344/tools/bin/../lib/gcc/arm-none-eabi/13.3.1/../../../../arm-none-eabi/lib/thumb/v7e-m+dp/hard\libc_nano.a(libc_a-fwalk.o)
                              C:/ST/STM32CubeIDE_1.15.1/STM32CubeIDE/plugins/com.st.stm32cube.ide.mcu.externaltools.gnu-tools-for-stm32.13.3.rel1.win32_1.0.0.202411081344/tools/bin/../lib/gcc/arm-none-eabi/13.3.1/../../../../arm-none-eabi/lib/thumb/v7e-m+dp/hard\libc_nano.a(libc_a-findfp.o) (_fwalk_sglue)
C:/ST/STM32CubeIDE_1.15.1/STM32CubeIDE/plugins/com.st.stm32cube.ide.mcu.externaltools.gnu-tools-for-stm32.13.3.rel1.win32_1.0.0.202411081344/tools/bin/../lib/gcc/arm-none-eabi/13.3.1/../../../../arm-none-eabi/lib/thumb/v7e-m+dp/hard\libc_nano.a(libc_a-puts.o)
                              ./Core/Src/My_Audio.o (puts)
C:/ST/STM32CubeIDE_1.15.1/STM32CubeIDE/plugins/com.st.stm32cube.ide.mcu.externaltools.gnu-tools-for-stm32.13.3.rel1.win32_1.0.0.202411081344/tools/bin/../lib/gcc/arm-none-eabi/13.3.1/../../../../arm-none-eabi/lib/thumb/v7e-m+dp/hard\libc_nano.a(libc_a-sprintf.o)
                              ./Core/Src/main.o (sprintf)
C:/ST/STM32CubeIDE_1.15.1/STM32CubeIDE/plugins/com.st.stm32cube.ide.mcu.externaltools.gnu-tools-for-stm32.13.3.rel1.win32_1.0.0.202411081344/tools/bin/../lib/gcc/arm-none-eabi/13.3.1/../../../../arm-none-eabi/lib/thumb/v7e-m+dp/hard\libc_nano.a(libc_a-stdio.o)
                              C:/ST/STM32CubeIDE_1.15.1/STM32CubeIDE/plugins/com.st.stm32cube.ide.mcu.externaltools.gnu-tools-for-stm32.13.3.rel1.win32_1.0.0.202411081344/tools/bin/../lib/gcc/arm-none-eabi/13.3.1/../../../../arm-none-eabi/lib/thumb/v7e-m+dp/hard\libc_nano.a(libc_a-findfp.o) (__sread)
C:/ST/STM32CubeIDE_1.15.1/STM32CubeIDE/plugins/com.st.stm32cube.ide.mcu.externaltools.gnu-tools-for-stm32.13.3.rel1.win32_1.0.0.202411081344/tools/bin/../lib/gcc/arm-none-eabi/13.3.1/../../../../arm-none-eabi/lib/thumb/v7e-m+dp/hard\libc_nano.a(libc_a-wbuf.o)
                              C:/ST/STM32CubeIDE_1.15.1/STM32CubeIDE/plugins/com.st.stm32cube.ide.mcu.externaltools.gnu-tools-for-stm32.13.3.rel1.win32_1.0.0.202411081344/tools/bin/../lib/gcc/arm-none-eabi/13.3.1/../../../../arm-none-eabi/lib/thumb/v7e-m+dp/hard\libc_nano.a(libc_a-puts.o) (__swbuf_r)
C:/ST/STM32CubeIDE_1.15.1/STM32CubeIDE/plugins/com.st.stm32cube.ide.mcu.externaltools.gnu-tools-for-stm32.13.3.rel1.win32_1.0.0.202411081344/tools/bin/../lib/gcc/arm-none-eabi/13.3.1/../../../../arm-none-eabi/lib/thumb/v7e-m+dp/hard\libc_nano.a(libc_a-wsetup.o)
                              C:/ST/STM32CubeIDE_1.15.1/STM32CubeIDE/plugins/com.st.stm32cube.ide.mcu.externaltools.gnu-tools-for-stm32.13.3.rel1.win32_1.0.0.202411081344/tools/bin/../lib/gcc/arm-none-eabi/13.3.1/../../../../arm-none-eabi/lib/thumb/v7e-m+dp/hard\libc_nano.a(libc_a-puts.o) (__swsetup_r)
C:/ST/STM32CubeIDE_1.15.1/STM32CubeIDE/plugins/com.st.stm32cube.ide.mcu.externaltools.gnu-tools-for-stm32.13.3.rel1.win32_1.0.0.202411081344/tools/bin/../lib/gcc/arm-none-eabi/13.3.1/../../../../arm-none-eabi/lib/thumb/v7e-m+dp/hard\libc_nano.a(libc_a-memset.o)
                              C:/ST/STM32CubeIDE_1.15.1/STM32CubeIDE/plugins/com.st.stm32cube.ide.mcu.externaltools.gnu-tools-for-stm32.13.3.rel1.win32_1.0.0.202411081344/tools/bin/../lib/gcc/arm-none-eabi/13.3.1/../../../../arm-none-eabi/lib/thumb/v7e-m+dp/hard/crt0.o (memset)
C:/ST/STM32CubeIDE_1.15.1/STM32CubeIDE/plugins/com.st.stm32cube.ide.mcu.externaltools.gnu-tools-for-stm32.13.3.rel1.win32_1.0.0.202411081344/tools/bin/../lib/gcc/arm-none-eabi/13.3.1/../../../../arm-none-eabi/lib/thumb/v7e-m+dp/hard\libc_nano.a(libc_a-strcat.o)
                              ./Core/Src/main.o (strcat)
C:/ST/STM32CubeIDE_1.15.1/STM32CubeIDE/plugins/com.st.stm32cube.ide.mcu.externaltools.gnu-tools-for-stm32.13.3.rel1.win32_1.0.0.202411081344/tools/bin/../lib/gcc/arm-none-eabi/13.3.1/../../../../arm-none-eabi/lib/thumb/v7e-m+dp/hard\libc_nano.a(libc_a-closer.o)
[...]
Memory Configuration

Name             Origin             Length             Attributes
RAM              0x20000000         0x00080000         xrw
FLASH            0x08000000         0x00200000         xr
*default*        0x00000000         0xffffffff

Linker script and memory map

LOAD C:/ST/STM32CubeIDE_1.15.1/STM32CubeIDE/plugins/com.st.stm32cube.ide.mcu.externaltools.gnu-tools-for-stm32.13.3.rel1.win32_1.0.0.202411081344/tools/bin/../lib/gcc/arm-none-eabi/13.3.1/thumb/v7e-m+dp/hard/crti.o
LOAD C:/ST/STM32CubeIDE_1.15.1/STM32CubeIDE/plugins/com.st.stm32cube.ide.mcu.externaltools.gnu-tools-for-stm32.13.3.rel1.win32_1.0.0.202411081344/tools/bin/../lib/gcc/arm-none-eabi/13.3.1/thumb/v7e-m+dp/hard/crtbegin.o
LOAD C:/ST/STM32CubeIDE_1.15.1/STM32CubeIDE/plugins/com.st.stm32cube.ide.mcu.externaltools.gnu-tools-for-stm32.13.3.rel1.win32_1.0.0.202411081344/tools/bin/../lib/gcc/arm-none-eabi/13.3.1/../../../../arm-none-eabi/lib/thumb/v7e-m+dp/hard/crt0.o
LOAD ./Core/Src/My_Audio.o
LOAD ./Core/Src/dfsdm.o
LOAD ./Core/Src/freertos.o
LOAD ./Core/Src/main.o
LOAD ./Core/Src/stm32f7xx_hal_msp.o
LOAD ./Core/Src/stm32f7xx_it.o
LOAD ./Core/Src/syscalls.o
LOAD ./Core/Src/sysmem.o
LOAD ./Core/Src/system_stm32f7xx.o
LOAD ./Core/Startup/startup_stm32f769nihx.o
LOAD ./Drivers/BSP/Components/wm8994/wm8994.o
LOAD ./Drivers/BSP/STM32F769I-Discovery/stm32f769i_discovery.o
LOAD ./Drivers/STM32F7xx_HAL_Driver/Src/stm32f7xx_hal.o
LOAD ./Drivers/STM32F7xx_HAL_Driver/Src/stm32f7xx_hal_cortex.o
LOAD ./Drivers/STM32F7xx_HAL_Driver/Src/stm32f7xx_hal_dfsdm.o
LOAD ./Drivers/STM32F7xx_HAL_Driver/Src/stm32f7xx_hal_dma.o
LOAD ./Drivers/STM32F7xx_HAL_Driver/Src/stm32f7xx_hal_dma_ex.o
LOAD ./Drivers/STM32F7xx_HAL_Driver/Src/stm32f7xx_hal_exti.o
LOAD ./Drivers/STM32F7xx_HAL_Driver/Src/stm32f7xx_hal_flash.o
LOAD ./Drivers/STM32F7xx_HAL_Driver/Src/stm32f7xx_hal_flash_ex.o
LOAD ./Drivers/STM32F7xx_HAL_Driver/Src/stm32f7xx_hal_gpio.o
LOAD ./Drivers/STM32F7xx_HAL_Driver/Src/stm32f7xx_hal_i2c.o
LOAD ./Drivers/STM32F7xx_HAL_Driver/Src/stm32f7xx_hal_i2c_ex.o
LOAD ./Drivers/STM32F7xx_HAL_Driver/Src/stm32f7xx_hal_mmc.o
LOAD ./Drivers/STM32F7xx_HAL_Driver/Src/stm32f7xx_hal_pwr.o
LOAD ./Drivers/STM32F7xx_HAL_Driver/Src/stm32f7xx_hal_pwr_ex.o
LOAD ./Drivers/STM32F7xx_HAL_Driver/Src/stm32f7xx_hal_rcc.o
LOAD ./Drivers/STM32F7xx_HAL_Driver/Src/stm32f7xx_hal_rcc_ex.o
LOAD ./Drivers/STM32F7xx_HAL_Driver/Src/stm32f7xx_hal_sai.o
LOAD ./Drivers/STM32F7xx_HAL_Driver/Src/stm32f7xx_hal_sai_ex.o
LOAD ./Drivers/STM32F7xx_HAL_Driver/Src/stm32f7xx_hal_sd.o
LOAD ./Drivers/STM32F7xx_HAL_Driver/Src/stm32f7xx_hal_uart.o
LOAD ./Drivers/STM32F7xx_HAL_Driver/Src/stm32f7xx_hal_uart_ex.o
LOAD ./Drivers/STM32F7xx_HAL_Driver/Src/stm32f7xx_ll_sdmmc.o
LOAD ./FATFS/App/fatfs.o
LOAD ./FATFS/Target/bsp_driver_sd.o
LOAD ./FATFS/Target/fatfs_platform.o
LOAD ./FATFS/Target/sd_diskio.o
LOAD ./Middlewares/Third_Party/FatFs/src/diskio.o
LOAD ./Middlewares/Third_Party/FatFs/src/ff.o
LOAD ./Middlewares/Third_Party/FatFs/src/ff_gen_drv.o
LOAD ./Middlewares/Third_Party/FatFs/src/option/syscall.o
LOAD ./Middlewares/Third_Party/FreeRTOS/Source/CMSIS_RTOS/cmsis_os.o
LOAD ./Middlewares/Third_Party/FreeRTOS/Source/croutine.o
LOAD ./Middlewares/Third_Party/FreeRTOS/Source/event_groups.o
LOAD ./Middlewares/Third_Party/FreeRTOS/Source/list.o
LOAD ./Middlewares/Third_Party/FreeRTOS/Source/queue.o
LOAD ./Middlewares/Third_Party/FreeRTOS/Source/stream_buffer.o
LOAD ./Middlewares/Third_Party/FreeRTOS/Source/tasks.o
LOAD ./Middlewares/Third_Party/FreeRTOS/Source/timers.o
LOAD ./Middlewares/Third_Party/FreeRTOS/Source/portable/GCC/ARM_CM7/r0p1/port.o
LOAD ./Middlewares/Third_Party/FreeRTOS/Source/portable/MemMang/heap_4.o
START GROUP
LOAD C:/ST/STM32CubeIDE_1.15.1/STM32CubeIDE/plugins/com.st.stm32cube.ide.mcu.externaltools.gnu-tools-for-stm32.13.3.rel1.win32_1.0.0.202411081344/tools/bin/../lib/gcc/arm-none-eabi/13.3.1/../../../../arm-none-eabi/lib/thumb/v7e-m+dp/hard\libc_nano.a
LOAD C:/ST/STM32CubeIDE_1.15.1/STM32CubeIDE/plugins/com.st.stm32cube.ide.mcu.externaltools.gnu-tools-for-stm32.13.3.rel1.win32_1.0.0.202411081344/tools/bin/../lib/gcc/arm-none-eabi/13.3.1/../../../../arm-none-eabi/lib/thumb/v7e-m+dp/hard\libm.a
END GROUP
START GROUP
LOAD C:/ST/STM32CubeIDE_1.15.1/STM32CubeIDE/plugins/com.st.stm32cube.ide.mcu.externaltools.gnu-tools-for-stm32.13.3.rel1.win32_1.0.0.202411081344/tools/bin/../lib/gcc/arm-none-eabi/13.3.1/thumb/v7e-m+dp/hard\libgcc.a
LOAD C:/ST/STM32CubeIDE_1.15.1/STM32CubeIDE/plugins/com.st.stm32cube.ide.mcu.externaltools.gnu-tools-for-stm32.13.3.rel1.win32_1.0.0.202411081344/tools/bin/../lib/gcc/arm-none-eabi/13.3.1/../../../../arm-none-eabi/lib/thumb/v7e-m+dp/hard\libc_nano.a
END GROUP
START GROUP
LOAD C:/ST/STM32CubeIDE_1.15.1/STM32CubeIDE/plugins/com.st.stm32cube.ide.mcu.externaltools.gnu-tools-for-stm32.13.3.rel1.win32_1.0.0.202411081344/tools/bin/../lib/gcc/arm-none-eabi/13.3.1/thumb/v7e-m+dp/hard\libgcc.a
LOAD C:/ST/STM32CubeIDE_1.15.1/STM32CubeIDE/plugins/com.st.stm32cube.ide.mcu.externaltools.gnu-tools-for-stm32.13.3.rel1.win32_1.0.0.202411081344/tools/bin/../lib/gcc/arm-none-eabi/13.3.1/../../../../arm-none-eabi/lib/thumb/v7e-m+dp/hard\libc_nano.a
LOAD C:/ST/STM32CubeIDE_1.15.1/STM32CubeIDE/plugins/com.st.stm32cube.ide.mcu.externaltools.gnu-tools-for-stm32.13.3.rel1.win32_1.0.0.202411081344/tools/bin/../lib/gcc/arm-none-eabi/13.3.1/../../../../arm-none-eabi/lib/thumb/v7e-m+dp/hard\libnosys.a
END GROUP
START GROUP
LOAD C:/ST/STM32CubeIDE_1.15.1/STM32CubeIDE/plugins/com.st.stm32cube.ide.mcu.externaltools.gnu-tools-for-stm32.13.3.rel1.win32_1.0.0.202411081344/tools/bin/../lib/gcc/arm-none-eabi/13.3.1/thumb/v7e-m+dp/hard\libgcc.a
LOAD C:/ST/STM32CubeIDE_1.15.1/STM32CubeIDE/plugins/com.st.stm32cube.ide.mcu.externaltools.gnu-tools-for-stm32.13.3.rel1.win32_1.0.0.202411081344/tools/bin/../lib/gcc/arm-none-eabi/13.3.1/../../../../arm-none-eabi/lib/thumb/v7e-m+dp/hard\libc_nano.a
LOAD C:/ST/STM32CubeIDE_1.15.1/STM32CubeIDE/plugins/com.st.stm32cube.ide.mcu.externaltools.gnu-tools-for-stm32.13.3.rel1.win32_1.0.0.202411081344/tools/bin/../lib/gcc/arm-none-eabi/13.3.1/../../../../arm-none-eabi/lib/thumb/v7e-m+dp/hard\libnosys.a
END GROUP
LOAD C:/ST/STM32CubeIDE_1.15.1/STM32CubeIDE/plugins/com.st.stm32cube.ide.mcu.externaltools.gnu-tools-for-stm32.13.3.rel1.win32_1.0.0.202411081344/tools/bin/../lib/gcc/arm-none-eabi/13.3.1/thumb/v7e-m+dp/hard/crtend.o
LOAD C:/ST/STM32CubeIDE_1.15.1/STM32CubeIDE/plugins/com.st.stm32cube.ide.mcu.externaltools.gnu-tools-for-stm32.13.3.rel1.win32_1.0.0.202411081344/tools/bin/../lib/gcc/arm-none-eabi/13.3.1/thumb/v7e-m+dp/hard/crtn.o
                0x20080000                        _estack = (ORIGIN (RAM) + LENGTH (RAM))
                0x00000400                        _Min_Heap_Size = 0x400
                0x00000800                        _Min_Stack_Size = 0x800

.isr_vector     0x08000000      0x1f8
                0x08000000                        . = ALIGN (0x4)
 *(.isr_vector)
 .isr_vector    0x08000000      0x1f8 ./Core/Startup/startup_stm32f769nihx.o
                0x08000000                g_pfnVectors
                0x080001f8                        . = ALIGN (0x4)

.text           0x08000200     0xd6d4
                0x08000200                        . = ALIGN (0x4)
 *(.text)
 .text          0x08000200       0x40 C:/ST/STM32CubeIDE_1.15.1/STM32CubeIDE/plugins/com.st.stm32cube.ide.mcu.externaltools.gnu-tools-for-stm32.13.3.rel1.win32_1.0.0.202411081344/tools/bin/../lib/gcc/arm-none-eabi/13.3.1/thumb/v7e-m+dp/hard/crtbegin.o
 .text          0x08000240       0x30 C:/ST/STM32CubeIDE_1.15.1/STM32CubeIDE/plugins/com.st.stm32cube.ide.mcu.externaltools.gnu-tools-for-stm32.13.3.rel1.win32_1.0.0.202411081344/tools/bin/../lib/gcc/arm-none-eabi/13.3.1/thumb/v7e-m+dp/hard\libgcc.a(_aeabi_uldivmod.o)
                0x08000240                __aeabi_uldivmod
 .text          0x08000270      0x2f8 C:/ST/STM32CubeIDE_1.15.1/STM32CubeIDE/plugins/com.st.stm32cube.ide.mcu.externaltools.gnu-tools-for-stm32.13.3.rel1.win32_1.0.0.202411081344/tools/bin/../lib/gcc/arm-none-eabi/13.3.1/thumb/v7e-m+dp/hard\libgcc.a(_udivmoddi4.o)
                0x08000270                __udivmoddi4
 .text          0x08000568        0x4 C:/ST/STM32CubeIDE_1.15.1/STM32CubeIDE/plugins/com.st.stm32cube.ide.mcu.externaltools.gnu-tools-for-stm32.13.3.rel1.win32_1.0.0.202411081344/tools/bin/../lib/gcc/arm-none-eabi/13.3.1/thumb/v7e-m+dp/hard\libgcc.a(_dvmd_tls.o)
                0x08000568                __aeabi_idiv0
                0x08000568                __aeabi_ldiv0
 *(.text*)
 .text.Audio_passThrough
                0x0800056c       0xb4 ./Core/Src/My_Audio.o
                0x0800056c                Audio_passThrough
 .text.CopyBuffer
                0x08000620       0x48 ./Core/Src/My_Audio.o
 .text.SAIx_Out_Init
                0x08000668       0xdc ./Core/Src/My_Audio.o
 .text.SAIx_In_Init
                0x08000744       0xd8 ./Core/Src/My_Audio.o
 .text.SAIx_In_DeInit
                0x0800081c       0x2c ./Core/Src/My_Audio.o
 .text.SAIx_Out_DeInit
                0x08000848       0x2c ./Core/Src/My_Audio.o
 .text.SAI_Clock_Configuration
                0x08000874       0xd4 ./Core/Src/My_Audio.o
                0x08000874                SAI_Clock_Configuration
 .text.Sai_Out_MspInit
                0x08000948      0x144 ./Core/Src/My_Audio.o
                0x08000948                Sai_Out_MspInit
 .text.Sai_In_MspInit
                0x08000a8c      0x164 ./Core/Src/My_Audio.o
                0x08000a8c                Sai_In_MspInit
 .text.CodekInit
                0x08000bf0       0x2a ./Core/Src/My_Audio.o
                0x08000bf0                CodekInit
 *fill*         0x08000c1a        0x2 
 .text.AudioInit
                0x08000c1c       0x70 ./Core/Src/My_Audio.o
                0x08000c1c                AudioInit
 .text.vApplicationGetIdleTaskMemory
                0x08000c8c       0x34 ./Core/Src/freertos.o
                0x08000c8c                vApplicationGetIdleTaskMemory
 .text.main     0x08000cc0       0xe8 ./Core/Src/main.o
                0x08000cc0                main
 .text.SystemClock_Config
                0x08000da8       0xe0 ./Core/Src/main.o
                0x08000da8                SystemClock_Config
 .text.PeriphCommonClock_Config
                0x08000e88       0x4e ./Core/Src/main.o
                0x08000e88                PeriphCommonClock_Config
 *fill*         0x08000ed6        0x2 
 .text.MX_DFSDM1_Init
                0x08000ed8       0xb0 ./Core/Src/main.o
 .text.MX_SAI1_Init
                0x08000f88      0x184 ./Core/Src/main.o
 .text.MX_SDMMC2_SD_Init
                0x0800110c       0x40 ./Core/Src/main.o
 .text.MX_USART1_UART_Init
                0x0800114c       0x60 ./Core/Src/main.o
 .text.MX_DMA_Init
                0x080011ac       0x6c ./Core/Src/main.o
 .text.MX_GPIO_Init
                0x08001218      0x148 ./Core/Src/main.o
 .text.HAL_SAI_RxCpltCallback
                0x08001360       0x14 ./Core/Src/main.o
                0x08001360                HAL_SAI_RxCpltCallback
 .text.HAL_SAI_RxHalfCpltCallback
                0x08001374       0x14 ./Core/Src/main.o
                0x08001374                HAL_SAI_RxHalfCpltCallback
 .text.BSP_AUDIO_IN_TransferComplete_CallBack
                0x08001388       0x18 ./Core/Src/main.o
                0x08001388                BSP_AUDIO_IN_TransferComplete_CallBack
 .text.BSP_AUDIO_IN_HalfTransfer_CallBack
                0x080013a0       0x18 ./Core/Src/main.o
                0x080013a0                BSP_AUDIO_IN_HalfTransfer_CallBack
 .text.StartSDCardTask
                0x080013b8       0x10 ./Core/Src/main.o
                0x080013b8                StartSDCardTask
 .text.StartGUI_Task
                0x080013c8       0x4c ./Core/Src/main.o
                0x080013c8                StartGUI_Task
 .text.StartRecordTask
                0x08001414       0x10 ./Core/Src/main.o
                0x08001414                StartRecordTask
 .text.Error_Handler
                0x08001424       0x24 ./Core/Src/main.o
                0x08001424                Error_Handler
 .text.HAL_MspInit
                0x08001448       0x50 ./Core/Src/stm32f7xx_hal_msp.o
                0x08001448                HAL_MspInit
 .text.HAL_DFSDM_FilterMspInit
                0x08001498       0xec ./Core/Src/stm32f7xx_hal_msp.o
                0x08001498                HAL_DFSDM_FilterMspInit
 .text.HAL_DFSDM_ChannelMspInit
                0x08001584       0xdc ./Core/Src/stm32f7xx_hal_msp.o
                0x08001584                HAL_DFSDM_ChannelMspInit
 .text.HAL_SD_MspInit
                0x08001660      0x21c ./Core/Src/stm32f7xx_hal_msp.o
                0x08001660                HAL_SD_MspInit
 .text.HAL_UART_MspInit
                0x0800187c       0xbc ./Core/Src/stm32f7xx_hal_msp.o
                0x0800187c                HAL_UART_MspInit
 .text.HAL_SAI_MspInit
                0x08001938      0x1f0 ./Core/Src/stm32f7xx_hal_msp.o
                0x08001938                HAL_SAI_MspInit
 .text.HAL_SAI_MspDeInit
                0x08001b28       0xb8 ./Core/Src/stm32f7xx_hal_msp.o
                0x08001b28                HAL_SAI_MspDeInit
 .text.NMI_Handler
                0x08001be0        0x8 ./Core/Src/stm32f7xx_it.o
                0x08001be0                NMI_Handler
 .text.HardFault_Handler
                0x08001be8        0x8 ./Core/Src/stm32f7xx_it.o
                0x08001be8                HardFault_Handler
 .text.MemManage_Handler
                0x08001bf0        0x8 ./Core/Src/stm32f7xx_it.o
                0x08001bf0                MemManage_Handler
 .text.BusFault_Handler
                0x08001bf8        0x8 ./Core/Src/stm32f7xx_it.o
                0x08001bf8                BusFault_Handler
 .text.UsageFault_Handler
                0x08001c00        0x8 ./Core/Src/stm32f7xx_it.o
                0x08001c00                UsageFault_Handler
 .text.DebugMon_Handler
                0x08001c08        0xe ./Core/Src/stm32f7xx_it.o
                0x08001c08                DebugMon_Handler
 .text.SysTick_Handler
                0x08001c16       0x1a ./Core/Src/stm32f7xx_it.o
                0x08001c16                SysTick_Handler
 .text.DMA2_Stream0_IRQHandler
                0x08001c30       0x14 ./Core/Src/stm32f7xx_it.o
                0x08001c30                DMA2_Stream0_IRQHandler
 .text.DMA2_Stream1_IRQHandler
                0x08001c44       0x14 ./Core/Src/stm32f7xx_it.o
                0x08001c44                DMA2_Stream1_IRQHandler
 .text.DMA2_Stream4_IRQHandler
                0x08001c58       0x14 ./Core/Src/stm32f7xx_it.o
                0x08001c58                DMA2_Stream4_IRQHandler
 .text.DMA2_Stream5_IRQHandler
                0x08001c6c       0x14 ./Core/Src/stm32f7xx_it.o
                0x08001c6c                DMA2_Stream5_IRQHandler
 .text.DFSDM1_FLT0_IRQHandler
                0x08001c80       0x14 ./Core/Src/stm32f7xx_it.o
                0x08001c80                DFSDM1_FLT0_IRQHandler
 .text.SDMMC2_IRQHandler
                0x08001c94       0x14 ./Core/Src/stm32f7xx_it.o
                0x08001c94                SDMMC2_IRQHandler
 .text._read    0x08001ca8       0x3a ./Core/Src/syscalls.o
                0x08001ca8                _read
 .text._write   0x08001ce2       0x38 ./Core/Src/syscalls.o
                0x08001ce2                _write
 .text._close   0x08001d1a       0x18 ./Core/Src/syscalls.o
                0x08001d1a                _close
 .text._fstat   0x08001d32       0x20 ./Core/Src/syscalls.o
                0x08001d32                _fstat
 .text._isatty  0x08001d52       0x16 ./Core/Src/syscalls.o
                0x08001d52                _isatty
 .text._lseek   0x08001d68       0x1a ./Core/Src/syscalls.o
                0x08001d68                _lseek
 *fill*         0x08001d82        0x2 
 .text._sbrk    0x08001d84       0x6c ./Core/Src/sysmem.o
                0x08001d84                _sbrk
 .text.SystemInit
                0x08001df0       0x24 ./Core/Src/system_stm32f7xx.o
                0x08001df0                SystemInit
 .text.Reset_Handler
                0x08001e14       0x50 ./Core/Startup/startup_stm32f769nihx.o
                0x08001e14                Reset_Handler
 .text.Default_Handler
                0x08001e64        0x2 ./Core/Startup/startup_stm32f769nihx.o
                0x08001e64                RTC_Alarm_IRQHandler
                0x08001e64                EXTI2_IRQHandler
                0x08001e64                TIM8_CC_IRQHandler
                0x08001e64                UART8_IRQHandler
                0x08001e64                SPI4_IRQHandler
                0x08001e64                TIM1_CC_IRQHandler
                0x08001e64                JPEG_IRQHandler
                0x08001e64                DMA1_Stream5_IRQHandler
                0x08001e64                CAN3_RX1_IRQHandler
                0x08001e64                PVD_IRQHandler
                0x08001e64                TAMP_STAMP_IRQHandler
                0x08001e64                CAN2_RX1_IRQHandler
                0x08001e64                EXTI3_IRQHandler
                0x08001e64                TIM8_TRG_COM_TIM14_IRQHandler
                0x08001e64                DFSDM1_FLT1_IRQHandler
                0x08001e64                TIM1_UP_TIM10_IRQHandler
                0x08001e64                TIM8_UP_TIM13_IRQHandler
                0x08001e64                I2C3_ER_IRQHandler
                0x08001e64                DFSDM1_FLT2_IRQHandler
                0x08001e64                EXTI0_IRQHandler
                0x08001e64                I2C2_EV_IRQHandler
                0x08001e64                DMA1_Stream2_IRQHandler
                0x08001e64                CAN1_RX0_IRQHandler
                0x08001e64                FPU_IRQHandler
                0x08001e64                OTG_HS_WKUP_IRQHandler
                0x08001e64                CAN3_SCE_IRQHandler
                0x08001e64                LTDC_ER_IRQHandler
                0x08001e64                CAN2_SCE_IRQHandler
                0x08001e64                DMA2_Stream2_IRQHandler
                0x08001e64                SPI1_IRQHandler
                0x08001e64                TIM6_DAC_IRQHandler
                0x08001e64                TIM1_BRK_TIM9_IRQHandler
                0x08001e64                DCMI_IRQHandler
                0x08001e64                CAN2_RX0_IRQHandler
                0x08001e64                DMA2_Stream3_IRQHandler
                0x08001e64                SAI2_IRQHandler
                0x08001e64                DFSDM1_FLT3_IRQHandler
                0x08001e64                USART6_IRQHandler
                0x08001e64                CAN3_RX0_IRQHandler
                0x08001e64                USART3_IRQHandler
                0x08001e64                CAN1_RX1_IRQHandler
                0x08001e64                UART5_IRQHandler
                0x08001e64                TIM4_IRQHandler
                0x08001e64                QUADSPI_IRQHandler
                0x08001e64                I2C1_EV_IRQHandler
                0x08001e64                DMA1_Stream6_IRQHandler
                0x08001e64                DMA1_Stream1_IRQHandler
                0x08001e64                UART4_IRQHandler
                0x08001e64                TIM3_IRQHandler
                0x08001e64                RCC_IRQHandler
                0x08001e64                TIM8_BRK_TIM12_IRQHandler
                0x08001e64                Default_Handler
                0x08001e64                CEC_IRQHandler
                0x08001e64                EXTI15_10_IRQHandler
                0x08001e64                ADC_IRQHandler
                0x08001e64                DMA1_Stream7_IRQHandler
                0x08001e64                SPI5_IRQHandler
                0x08001e64                TIM7_IRQHandler
                0x08001e64                SDMMC1_IRQHandler
                0x08001e64                CAN2_TX_IRQHandler
                0x08001e64                TIM5_IRQHandler
                0x08001e64                DMA2_Stream7_IRQHandler
                0x08001e64                I2C3_EV_IRQHandler
                0x08001e64                EXTI9_5_IRQHandler
                0x08001e64                RTC_WKUP_IRQHandler
                0x08001e64                LTDC_IRQHandler
                0x08001e64                ETH_WKUP_IRQHandler
                0x08001e64                SPDIF_RX_IRQHandler
                0x08001e64                SPI2_IRQHandler
                0x08001e64                OTG_HS_EP1_IN_IRQHandler
                0x08001e64                DMA1_Stream0_IRQHandler
                0x08001e64                CAN1_TX_IRQHandler
                0x08001e64                EXTI4_IRQHandler
                0x08001e64                RNG_IRQHandler
                0x08001e64                DSI_IRQHandler
                0x08001e64                ETH_IRQHandler
                0x08001e64                OTG_HS_EP1_OUT_IRQHandler
                0x08001e64                WWDG_IRQHandler
                0x08001e64                SPI6_IRQHandler
                0x08001e64                MDIOS_IRQHandler
                0x08001e64                I2C4_EV_IRQHandler
                0x08001e64                CAN3_TX_IRQHandler
                0x08001e64                TIM2_IRQHandler
                0x08001e64                OTG_FS_WKUP_IRQHandler
                0x08001e64                TIM1_TRG_COM_TIM11_IRQHandler
                0x08001e64                OTG_HS_IRQHandler
                0x08001e64                DMA2D_IRQHandler
                0x08001e64                EXTI1_IRQHandler
                0x08001e64                UART7_IRQHandler
                0x08001e64                USART2_IRQHandler
                0x08001e64                I2C2_ER_IRQHandler
                0x08001e64                CAN1_SCE_IRQHandler
                0x08001e64                FLASH_IRQHandler
                0x08001e64                USART1_IRQHandler
                0x08001e64                OTG_FS_IRQHandler
                0x08001e64                SPI3_IRQHandler
                0x08001e64                DMA1_Stream4_IRQHandler
                0x08001e64                I2C1_ER_IRQHandler
                0x08001e64                FMC_IRQHandler
                0x08001e64                LPTIM1_IRQHandler
                0x08001e64                I2C4_ER_IRQHandler
                0x08001e64                DMA2_Stream6_IRQHandler
                0x08001e64                SAI1_IRQHandler
                0x08001e64                DMA1_Stream3_IRQHandler
 *fill*         0x08001e66        0x2 
 .text.wm8994_Init
                0x08001e68      0xcc8 ./Drivers/BSP/Components/wm8994/wm8994.o
                0x08001e68                wm8994_Init
 .text.wm8994_DeInit
                0x08002b30        0xc ./Drivers/BSP/Components/wm8994/wm8994.o
                0x08002b30                wm8994_DeInit
 .text.wm8994_ReadID
                0x08002b3c       0x24 ./Drivers/BSP/Components/wm8994/wm8994.o
                0x08002b3c                wm8994_ReadID
 .text.wm8994_Play
                0x08002b60       0x30 ./Drivers/BSP/Components/wm8994/wm8994.o
                0x08002b60                wm8994_Play
 .text.wm8994_Pause
                0x08002b90       0x42 ./Drivers/BSP/Components/wm8994/wm8994.o
                0x08002b90                wm8994_Pause
 .text.wm8994_Resume
                0x08002bd2       0x2a ./Drivers/BSP/Components/wm8994/wm8994.o
                0x08002bd2                wm8994_Resume
 .text.wm8994_Stop
                0x08002bfc       0xdc ./Drivers/BSP/Components/wm8994/wm8994.o
                0x08002bfc                wm8994_Stop
 .text.wm8994_SetVolume
                0x08002cd8      0x248 ./Drivers/BSP/Components/wm8994/wm8994.o
                0x08002cd8                wm8994_SetVolume
 .text.wm8994_SetMute
                0x08002f20       0x9c ./Drivers/BSP/Components/wm8994/wm8994.o
                0x08002f20                wm8994_SetMute
 .text.wm8994_SetOutputMode
                0x08002fbc      0x246 ./Drivers/BSP/Components/wm8994/wm8994.o
                0x08002fbc                wm8994_SetOutputMode
 *fill*         0x08003202        0x2 
 .text.wm8994_SetFrequency
                0x08003204      0x174 ./Drivers/BSP/Components/wm8994/wm8994.o
                0x08003204                wm8994_SetFrequency
 .text.wm8994_Reset
                0x08003378       0x40 ./Drivers/BSP/Components/wm8994/wm8994.o
                0x08003378                wm8994_Reset
 .text.CODEC_IO_Write
                0x080033b8       0x2e ./Drivers/BSP/Components/wm8994/wm8994.o
 *fill*         0x080033e6        0x2 
 .text.I2Cx_MspInit
                0x080033e8      0x17c ./Drivers/BSP/STM32F769I-Discovery/stm32f769i_discovery.o
 .text.I2Cx_Init
                0x08003564       0x78 ./Drivers/BSP/STM32F769I-Discovery/stm32f769i_discovery.o
 .text.I2Cx_ReadMultiple
                0x080035dc       0x5a ./Drivers/BSP/STM32F769I-Discovery/stm32f769i_discovery.o
 .text.I2Cx_WriteMultiple
                0x08003636       0x5a ./Drivers/BSP/STM32F769I-Discovery/stm32f769i_discovery.o
 .text.I2Cx_Error
                0x08003690       0x20 ./Drivers/BSP/STM32F769I-Discovery/stm32f769i_discovery.o
 .text.AUDIO_IO_Init
                0x080036b0       0x14 ./Drivers/BSP/STM32F769I-Discovery/stm32f769i_discovery.o
                0x080036b0                AUDIO_IO_Init
 .text.AUDIO_IO_DeInit
                0x080036c4        0xe ./Drivers/BSP/STM32F769I-Discovery/stm32f769i_discovery.o
                0x080036c4                AUDIO_IO_DeInit
 *fill*         0x080036d2        0x2 
 .text.AUDIO_IO_Write
                0x080036d4       0x54 ./Drivers/BSP/STM32F769I-Discovery/stm32f769i_discovery.o
                0x080036d4                AUDIO_IO_Write
 .text.AUDIO_IO_Read
                0x08003728       0x58 ./Drivers/BSP/STM32F769I-Discovery/stm32f769i_discovery.o
                0x08003728                AUDIO_IO_Read
 .text.AUDIO_IO_Delay
                0x08003780       0x16 ./Drivers/BSP/STM32F769I-Discovery/stm32f769i_discovery.o
                0x08003780                AUDIO_IO_Delay
 .text.HAL_Init
                0x08003796       0x1a ./Drivers/STM32F7xx_HAL_Driver/Src/stm32f7xx_hal.o
                0x08003796                HAL_Init
 .text.HAL_InitTick
                0x080037b0       0x60 ./Drivers/STM32F7xx_HAL_Driver/Src/stm32f7xx_hal.o
                0x080037b0                HAL_InitTick
 .text.HAL_IncTick
                0x08003810       0x28 ./Drivers/STM32F7xx_HAL_Driver/Src/stm32f7xx_hal.o
                0x08003810                HAL_IncTick
 .text.HAL_GetTick
                0x08003838       0x18 ./Drivers/STM32F7xx_HAL_Driver/Src/stm32f7xx_hal.o
                0x08003838                HAL_GetTick
 .text.HAL_Delay
                0x08003850       0x48 ./Drivers/STM32F7xx_HAL_Driver/Src/stm32f7xx_hal.o
                0x08003850                HAL_Delay
 .text.__NVIC_SetPriorityGrouping
                0x08003898       0x48 ./Drivers/STM32F7xx_HAL_Driver/Src/stm32f7xx_hal_cortex.o
 .text.__NVIC_GetPriorityGrouping
                0x080038e0       0x1c ./Drivers/STM32F7xx_HAL_Driver/Src/stm32f7xx_hal_cortex.o
 .text.__NVIC_EnableIRQ
                0x080038fc       0x3c ./Drivers/STM32F7xx_HAL_Driver/Src/stm32f7xx_hal_cortex.o
 .text.__NVIC_SetPriority
                0x08003938       0x54 ./Drivers/STM32F7xx_HAL_Driver/Src/stm32f7xx_hal_cortex.o
 .text.NVIC_EncodePriority
                0x0800398c       0x66 ./Drivers/STM32F7xx_HAL_Driver/Src/stm32f7xx_hal_cortex.o
 *fill*         0x080039f2        0x2 
 .text.SysTick_Config
                0x080039f4       0x44 ./Drivers/STM32F7xx_HAL_Driver/Src/stm32f7xx_hal_cortex.o
 .text.HAL_NVIC_SetPriorityGrouping
                0x08003a38       0x16 ./Drivers/STM32F7xx_HAL_Driver/Src/stm32f7xx_hal_cortex.o
                0x08003a38                HAL_NVIC_SetPriorityGrouping
 .text.HAL_NVIC_SetPriority
                0x08003a4e       0x38 ./Drivers/STM32F7xx_HAL_Driver/Src/stm32f7xx_hal_cortex.o
                0x08003a4e                HAL_NVIC_SetPriority
 .text.HAL_NVIC_EnableIRQ
                0x08003a86       0x1c ./Drivers/STM32F7xx_HAL_Driver/Src/stm32f7xx_hal_cortex.o
                0x08003a86                HAL_NVIC_EnableIRQ
 .text.HAL_SYSTICK_Config
                0x08003aa2       0x18 ./Drivers/STM32F7xx_HAL_Driver/Src/stm32f7xx_hal_cortex.o
                0x08003aa2                HAL_SYSTICK_Config
 *fill*         0x08003aba        0x2 
 .text.HAL_SYSTICK_CLKSourceConfig
                0x08003abc       0x38 ./Drivers/STM32F7xx_HAL_Driver/Src/stm32f7xx_hal_cortex.o
                0x08003abc                HAL_SYSTICK_CLKSourceConfig
 .text.HAL_DFSDM_ChannelInit
                0x08003af4      0x180 ./Drivers/STM32F7xx_HAL_Driver/Src/stm32f7xx_hal_dfsdm.o
                0x08003af4                HAL_DFSDM_ChannelInit
 .text.HAL_DFSDM_ChannelCkabCallback
                0x08003c74       0x14 ./Drivers/STM32F7xx_HAL_Driver/Src/stm32f7xx_hal_dfsdm.o
                0x08003c74                HAL_DFSDM_ChannelCkabCallback
 .text.HAL_DFSDM_ChannelScdCallback
                0x08003c88       0x14 ./Drivers/STM32F7xx_HAL_Driver/Src/stm32f7xx_hal_dfsdm.o
                0x08003c88                HAL_DFSDM_ChannelScdCallback
 .text.HAL_DFSDM_FilterInit
                0x08003c9c      0x1b4 ./Drivers/STM32F7xx_HAL_Driver/Src/stm32f7xx_hal_dfsdm.o
                0x08003c9c                HAL_DFSDM_FilterInit
 .text.HAL_DFSDM_FilterConfigRegChannel
                0x08003e50       0x8c ./Drivers/STM32F7xx_HAL_Driver/Src/stm32f7xx_hal_dfsdm.o
                0x08003e50                HAL_DFSDM_FilterConfigRegChannel
 .text.HAL_DFSDM_IRQHandler
                0x08003edc      0x2f0 ./Drivers/STM32F7xx_HAL_Driver/Src/stm32f7xx_hal_dfsdm.o
                0x08003edc                HAL_DFSDM_IRQHandler
 .text.HAL_DFSDM_FilterRegConvCpltCallback
                0x080041cc       0x14 ./Drivers/STM32F7xx_HAL_Driver/Src/stm32f7xx_hal_dfsdm.o
                0x080041cc                HAL_DFSDM_FilterRegConvCpltCallback
 .text.HAL_DFSDM_FilterInjConvCpltCallback
                0x080041e0       0x14 ./Drivers/STM32F7xx_HAL_Driver/Src/stm32f7xx_hal_dfsdm.o
                0x080041e0                HAL_DFSDM_FilterInjConvCpltCallback
 .text.HAL_DFSDM_FilterAwdCallback
                0x080041f4       0x18 ./Drivers/STM32F7xx_HAL_Driver/Src/stm32f7xx_hal_dfsdm.o
                0x080041f4                HAL_DFSDM_FilterAwdCallback
 .text.HAL_DFSDM_FilterErrorCallback
                0x0800420c       0x14 ./Drivers/STM32F7xx_HAL_Driver/Src/stm32f7xx_hal_dfsdm.o
                0x0800420c                HAL_DFSDM_FilterErrorCallback
 .text.DFSDM_GetChannelFromInstance
                0x08004220       0x98 ./Drivers/STM32F7xx_HAL_Driver/Src/stm32f7xx_hal_dfsdm.o
 .text.HAL_DMA_Init
                0x080042b8      0x15c ./Drivers/STM32F7xx_HAL_Driver/Src/stm32f7xx_hal_dma.o
                0x080042b8                HAL_DMA_Init
 .text.HAL_DMA_DeInit
                0x08004414       0xbc ./Drivers/STM32F7xx_HAL_Driver/Src/stm32f7xx_hal_dma.o
                0x08004414                HAL_DMA_DeInit
 .text.HAL_DMA_Start_IT
                0x080044d0       0xc0 ./Drivers/STM32F7xx_HAL_Driver/Src/stm32f7xx_hal_dma.o
                0x080044d0                HAL_DMA_Start_IT
 .text.HAL_DMA_Abort_IT
                0x08004590       0x44 ./Drivers/STM32F7xx_HAL_Driver/Src/stm32f7xx_hal_dma.o
                0x08004590                HAL_DMA_Abort_IT
 .text.HAL_DMA_IRQHandler
                0x080045d4      0x314 ./Drivers/STM32F7xx_HAL_Driver/Src/stm32f7xx_hal_dma.o
                0x080045d4                HAL_DMA_IRQHandler
 .text.HAL_DMA_GetError
                0x080048e8       0x18 ./Drivers/STM32F7xx_HAL_Driver/Src/stm32f7xx_hal_dma.o
                0x080048e8                HAL_DMA_GetError
 .text.DMA_SetConfig
                0x08004900       0x5c ./Drivers/STM32F7xx_HAL_Driver/Src/stm32f7xx_hal_dma.o
 .text.DMA_CalcBaseAndBitshift
                0x0800495c       0x6c ./Drivers/STM32F7xx_HAL_Driver/Src/stm32f7xx_hal_dma.o
 .text.DMA_CheckFifoParam
                0x080049c8       0xf8 ./Drivers/STM32F7xx_HAL_Driver/Src/stm32f7xx_hal_dma.o
 .text.HAL_GPIO_Init
                0x08004ac0      0x358 ./Drivers/STM32F7xx_HAL_Driver/Src/stm32f7xx_hal_gpio.o
                0x08004ac0                HAL_GPIO_Init
 .text.HAL_GPIO_DeInit
                0x08004e18      0x218 ./Drivers/STM32F7xx_HAL_Driver/Src/stm32f7xx_hal_gpio.o
                0x08004e18                HAL_GPIO_DeInit
 .text.HAL_GPIO_ReadPin
                0x08005030       0x30 ./Drivers/STM32F7xx_HAL_Driver/Src/stm32f7xx_hal_gpio.o
                0x08005030                HAL_GPIO_ReadPin
 .text.HAL_GPIO_WritePin
                0x08005060       0x32 ./Drivers/STM32F7xx_HAL_Driver/Src/stm32f7xx_hal_gpio.o
                0x08005060                HAL_GPIO_WritePin
 .text.HAL_GPIO_TogglePin
                0x08005092       0x34 ./Drivers/STM32F7xx_HAL_Driver/Src/stm32f7xx_hal_gpio.o
                0x08005092                HAL_GPIO_TogglePin
 *fill*         0x080050c6        0x2 
 .text.HAL_I2C_Init
                0x080050c8      0x138 ./Drivers/STM32F7xx_HAL_Driver/Src/stm32f7xx_hal_i2c.o
                0x080050c8                HAL_I2C_Init
 .text.HAL_I2C_DeInit
                0x08005200       0x5e ./Drivers/STM32F7xx_HAL_Driver/Src/stm32f7xx_hal_i2c.o
                0x08005200                HAL_I2C_DeInit
 .text.HAL_I2C_MspInit
                0x0800525e       0x14 ./Drivers/STM32F7xx_HAL_Driver/Src/stm32f7xx_hal_i2c.o
                0x0800525e                HAL_I2C_MspInit
 .text.HAL_I2C_MspDeInit
                0x08005272       0x14 ./Drivers/STM32F7xx_HAL_Driver/Src/stm32f7xx_hal_i2c.o
                0x08005272                HAL_I2C_MspDeInit
 *fill*         0x08005286        0x2 
 .text.HAL_I2C_Mem_Write
                0x08005288      0x228 ./Drivers/STM32F7xx_HAL_Driver/Src/stm32f7xx_hal_i2c.o
                0x08005288                HAL_I2C_Mem_Write
 .text.HAL_I2C_Mem_Read
                0x080054b0      0x234 ./Drivers/STM32F7xx_HAL_Driver/Src/stm32f7xx_hal_i2c.o
                0x080054b0                HAL_I2C_Mem_Read
 .text.HAL_I2C_GetState
                0x080056e4       0x1c ./Drivers/STM32F7xx_HAL_Driver/Src/stm32f7xx_hal_i2c.o
                0x080056e4                HAL_I2C_GetState
 .text.I2C_RequestMemoryWrite
                0x08005700       0xa8 ./Drivers/STM32F7xx_HAL_Driver/Src/stm32f7xx_hal_i2c.o
 .text.I2C_RequestMemoryRead
                0x080057a8       0xa8 ./Drivers/STM32F7xx_HAL_Driver/Src/stm32f7xx_hal_i2c.o
 .text.I2C_Flush_TXDR
                0x08005850       0x48 ./Drivers/STM32F7xx_HAL_Driver/Src/stm32f7xx_hal_i2c.o
 .text.I2C_WaitOnFlagUntilTimeout
                0x08005898       0xb2 ./Drivers/STM32F7xx_HAL_Driver/Src/stm32f7xx_hal_i2c.o
 .text.I2C_WaitOnTXISFlagUntilTimeout
                0x0800594a       0x8e ./Drivers/STM32F7xx_HAL_Driver/Src/stm32f7xx_hal_i2c.o
 .text.I2C_WaitOnSTOPFlagUntilTimeout
                0x080059d8       0x86 ./Drivers/STM32F7xx_HAL_Driver/Src/stm32f7xx_hal_i2c.o
 *fill*         0x08005a5e        0x2 
 .text.I2C_IsErrorOccurred
                0x08005a60      0x1c0 ./Drivers/STM32F7xx_HAL_Driver/Src/stm32f7xx_hal_i2c.o
 .text.I2C_TransferConfig
                0x08005c20       0x64 ./Drivers/STM32F7xx_HAL_Driver/Src/stm32f7xx_hal_i2c.o
 .text.HAL_PWREx_EnableOverDrive
                0x08005c84       0xa0 ./Drivers/STM32F7xx_HAL_Driver/Src/stm32f7xx_hal_pwr_ex.o
                0x08005c84                HAL_PWREx_EnableOverDrive
 .text.HAL_RCC_OscConfig
                0x08005d24      0x55c ./Drivers/STM32F7xx_HAL_Driver/Src/stm32f7xx_hal_rcc.o
                0x08005d24                HAL_RCC_OscConfig
 .text.HAL_RCC_ClockConfig
                0x08006280      0x1d8 ./Drivers/STM32F7xx_HAL_Driver/Src/stm32f7xx_hal_rcc.o
                0x08006280                HAL_RCC_ClockConfig
 .text.HAL_RCC_GetSysClockFreq
                0x08006458      0x18c ./Drivers/STM32F7xx_HAL_Driver/Src/stm32f7xx_hal_rcc.o
                0x08006458                HAL_RCC_GetSysClockFreq
 .text.HAL_RCC_GetHCLKFreq
                0x080065e4       0x18 ./Drivers/STM32F7xx_HAL_Driver/Src/stm32f7xx_hal_rcc.o
                0x080065e4                HAL_RCC_GetHCLKFreq
 .text.HAL_RCC_GetPCLK1Freq
                0x080065fc       0x28 ./Drivers/STM32F7xx_HAL_Driver/Src/stm32f7xx_hal_rcc.o
                0x080065fc                HAL_RCC_GetPCLK1Freq
 .text.HAL_RCC_GetPCLK2Freq
                0x08006624       0x28 ./Drivers/STM32F7xx_HAL_Driver/Src/stm32f7xx_hal_rcc.o
                0x08006624                HAL_RCC_GetPCLK2Freq
 .text.HAL_RCCEx_PeriphCLKConfig
                0x0800664c      0x850 ./Drivers/STM32F7xx_HAL_Driver/Src/stm32f7xx_hal_rcc_ex.o
                0x0800664c                HAL_RCCEx_PeriphCLKConfig
 .text.HAL_RCCEx_GetPeriphCLKConfig
                0x08006e9c      0x248 ./Drivers/STM32F7xx_HAL_Driver/Src/stm32f7xx_hal_rcc_ex.o
                0x08006e9c                HAL_RCCEx_GetPeriphCLKConfig
 .text.HAL_RCCEx_GetPeriphCLKFreq
                0x080070e4      0x2dc ./Drivers/STM32F7xx_HAL_Driver/Src/stm32f7xx_hal_rcc_ex.o
                0x080070e4                HAL_RCCEx_GetPeriphCLKFreq
 .text.HAL_SAI_Init
                0x080073c0      0x2fc ./Drivers/STM32F7xx_HAL_Driver/Src/stm32f7xx_hal_sai.o
                0x080073c0                HAL_SAI_Init
 .text.HAL_SAI_DeInit
                0x080076bc       0x6a ./Drivers/STM32F7xx_HAL_Driver/Src/stm32f7xx_hal_sai.o
                0x080076bc                HAL_SAI_DeInit
 *fill*         0x08007726        0x2 
 .text.HAL_SAI_Transmit_DMA
                0x08007728      0x160 ./Drivers/STM32F7xx_HAL_Driver/Src/stm32f7xx_hal_sai.o
                0x08007728                HAL_SAI_Transmit_DMA
 .text.HAL_SAI_Receive_DMA
                0x08007888      0x11c ./Drivers/STM32F7xx_HAL_Driver/Src/stm32f7xx_hal_sai.o
                0x08007888                HAL_SAI_Receive_DMA
 .text.HAL_SAI_TxCpltCallback
                0x080079a4       0x14 ./Drivers/STM32F7xx_HAL_Driver/Src/stm32f7xx_hal_sai.o
                0x080079a4                HAL_SAI_TxCpltCallback
 .text.HAL_SAI_TxHalfCpltCallback
                0x080079b8       0x14 ./Drivers/STM32F7xx_HAL_Driver/Src/stm32f7xx_hal_sai.o
                0x080079b8                HAL_SAI_TxHalfCpltCallback
 .text.HAL_SAI_ErrorCallback
                0x080079cc       0x14 ./Drivers/STM32F7xx_HAL_Driver/Src/stm32f7xx_hal_sai.o
                0x080079cc                HAL_SAI_ErrorCallback
 .text.HAL_SAI_GetState
                0x080079e0       0x1c ./Drivers/STM32F7xx_HAL_Driver/Src/stm32f7xx_hal_sai.o
                0x080079e0                HAL_SAI_GetState
 .text.SAI_InterruptFlag
                0x080079fc       0x6c ./Drivers/STM32F7xx_HAL_Driver/Src/stm32f7xx_hal_sai.o
 .text.SAI_Disable
                0x08007a68       0x70 ./Drivers/STM32F7xx_HAL_Driver/Src/stm32f7xx_hal_sai.o
 .text.SAI_DMATxCplt
                0x08007ad8       0x60 ./Drivers/STM32F7xx_HAL_Driver/Src/stm32f7xx_hal_sai.o
 .text.SAI_DMATxHalfCplt
                0x08007b38       0x1c ./Drivers/STM32F7xx_HAL_Driver/Src/stm32f7xx_hal_sai.o
 .text.SAI_DMARxCplt
                0x08007b54       0x60 ./Drivers/STM32F7xx_HAL_Driver/Src/stm32f7xx_hal_sai.o
 .text.SAI_DMARxHalfCplt
                0x08007bb4       0x1c ./Drivers/STM32F7xx_HAL_Driver/Src/stm32f7xx_hal_sai.o
 .text.SAI_DMAError
                0x08007bd0       0x66 ./Drivers/STM32F7xx_HAL_Driver/Src/stm32f7xx_hal_sai.o
 .text.HAL_SD_Init
                0x08007c36       0x60 ./Drivers/STM32F7xx_HAL_Driver/Src/stm32f7xx_hal_sd.o
                0x08007c36                HAL_SD_Init
 *fill*         0x08007c96        0x2 
 .text.HAL_SD_InitCard
                0x08007c98      0x110 ./Drivers/STM32F7xx_HAL_Driver/Src/stm32f7xx_hal_sd.o
                0x08007c98                HAL_SD_InitCard
 .text.HAL_SD_ReadBlocks_DMA
                0x08007da8      0x1c4 ./Drivers/STM32F7xx_HAL_Driver/Src/stm32f7xx_hal_sd.o
                0x08007da8                HAL_SD_ReadBlocks_DMA
 .text.HAL_SD_WriteBlocks_DMA
                0x08007f6c      0x1cc ./Drivers/STM32F7xx_HAL_Driver/Src/stm32f7xx_hal_sd.o
                0x08007f6c                HAL_SD_WriteBlocks_DMA
 .text.HAL_SD_IRQHandler
                0x08008138      0x2ec ./Drivers/STM32F7xx_HAL_Driver/Src/stm32f7xx_hal_sd.o
                0x08008138                HAL_SD_IRQHandler
 .text.HAL_SD_ErrorCallback
                0x08008424       0x14 ./Drivers/STM32F7xx_HAL_Driver/Src/stm32f7xx_hal_sd.o
                0x08008424                HAL_SD_ErrorCallback
 .text.HAL_SD_GetCardCSD
                0x08008438      0x348 ./Drivers/STM32F7xx_HAL_Driver/Src/stm32f7xx_hal_sd.o
                0x08008438                HAL_SD_GetCardCSD
 .text.HAL_SD_GetCardInfo
                0x08008780       0x58 ./Drivers/STM32F7xx_HAL_Driver/Src/stm32f7xx_hal_sd.o
                0x08008780                HAL_SD_GetCardInfo
 .text.HAL_SD_GetCardState
                0x080087d8       0x40 ./Drivers/STM32F7xx_HAL_Driver/Src/stm32f7xx_hal_sd.o
                0x080087d8                HAL_SD_GetCardState
 .text.SD_DMATransmitCplt
                0x08008818       0x2a ./Drivers/STM32F7xx_HAL_Driver/Src/stm32f7xx_hal_sd.o
 .text.SD_DMAReceiveCplt
                0x08008842       0x70 ./Drivers/STM32F7xx_HAL_Driver/Src/stm32f7xx_hal_sd.o
 *fill*         0x080088b2        0x2 
 .text.SD_DMAError
                0x080088b4       0xa4 ./Drivers/STM32F7xx_HAL_Driver/Src/stm32f7xx_hal_sd.o
 .text.SD_DMATxAbort
                0x08008958       0x6e ./Drivers/STM32F7xx_HAL_Driver/Src/stm32f7xx_hal_sd.o
 .text.SD_DMARxAbort
                0x080089c6       0x6e ./Drivers/STM32F7xx_HAL_Driver/Src/stm32f7xx_hal_sd.o
 .text.SD_InitCard
                0x08008a34      0x19c ./Drivers/STM32F7xx_HAL_Driver/Src/stm32f7xx_hal_sd.o
 .text.SD_PowerON
                0x08008bd0      0x11c ./Drivers/STM32F7xx_HAL_Driver/Src/stm32f7xx_hal_sd.o
 .text.SD_SendStatus
                0x08008cec       0x50 ./Drivers/STM32F7xx_HAL_Driver/Src/stm32f7xx_hal_sd.o
 .text.SD_Read_IT
                0x08008d3c       0xa2 ./Drivers/STM32F7xx_HAL_Driver/Src/stm32f7xx_hal_sd.o
 .text.SD_Write_IT
                0x08008dde       0xaa ./Drivers/STM32F7xx_HAL_Driver/Src/stm32f7xx_hal_sd.o
 .text.HAL_UART_Init
                0x08008e88       0x9c ./Drivers/STM32F7xx_HAL_Driver/Src/stm32f7xx_hal_uart.o
                0x08008e88                HAL_UART_Init
 .text.UART_SetConfig
                0x08008f24      0x4c8 ./Drivers/STM32F7xx_HAL_Driver/Src/stm32f7xx_hal_uart.o
                0x08008f24                UART_SetConfig
 .text.UART_AdvFeatureConfig
                0x080093ec      0x144 ./Drivers/STM32F7xx_HAL_Driver/Src/stm32f7xx_hal_uart.o
                0x080093ec                UART_AdvFeatureConfig
 .text.UART_CheckIdleState
                0x08009530      0x150 ./Drivers/STM32F7xx_HAL_Driver/Src/stm32f7xx_hal_uart.o
                0x08009530                UART_CheckIdleState
 .text.UART_WaitOnFlagUntilTimeout
                0x08009680       0xda ./Drivers/STM32F7xx_HAL_Driver/Src/stm32f7xx_hal_uart.o
                0x08009680                UART_WaitOnFlagUntilTimeout
 .text.UART_EndRxTransfer
                0x0800975a       0xc8 ./Drivers/STM32F7xx_HAL_Driver/Src/stm32f7xx_hal_uart.o
 *fill*         0x08009822        0x2 
 .text.SDMMC_Init
                0x08009824       0x58 ./Drivers/STM32F7xx_HAL_Driver/Src/stm32f7xx_ll_sdmmc.o
                0x08009824                SDMMC_Init
 .text.SDMMC_ReadFIFO
                0x0800987c       0x1a ./Drivers/STM32F7xx_HAL_Driver/Src/stm32f7xx_ll_sdmmc.o
                0x0800987c                SDMMC_ReadFIFO
 .text.SDMMC_WriteFIFO
                0x08009896       0x22 ./Drivers/STM32F7xx_HAL_Driver/Src/stm32f7xx_ll_sdmmc.o
                0x08009896                SDMMC_WriteFIFO
 .text.SDMMC_PowerState_ON
                0x080098b8       0x1c ./Drivers/STM32F7xx_HAL_Driver/Src/stm32f7xx_ll_sdmmc.o
                0x080098b8                SDMMC_PowerState_ON
 .text.SDMMC_GetPowerState
                0x080098d4       0x1c ./Drivers/STM32F7xx_HAL_Driver/Src/stm32f7xx_ll_sdmmc.o
                0x080098d4                SDMMC_GetPowerState
 .text.SDMMC_SendCommand
                0x080098f0       0x54 ./Drivers/STM32F7xx_HAL_Driver/Src/stm32f7xx_ll_sdmmc.o
                0x080098f0                SDMMC_SendCommand
 .text.SDMMC_GetCommandResponse
                0x08009944       0x1a ./Drivers/STM32F7xx_HAL_Driver/Src/stm32f7xx_ll_sdmmc.o
                0x08009944                SDMMC_GetCommandResponse
 .text.SDMMC_GetResponse
                0x0800995e       0x26 ./Drivers/STM32F7xx_HAL_Driver/Src/stm32f7xx_ll_sdmmc.o
                0x0800995e                SDMMC_GetResponse
 .text.SDMMC_ConfigData
                0x08009984       0x58 ./Drivers/STM32F7xx_HAL_Driver/Src/stm32f7xx_ll_sdmmc.o
                0x08009984                SDMMC_ConfigData
 .text.SDMMC_CmdBlockLength
                0x080099dc       0x44 ./Drivers/STM32F7xx_HAL_Driver/Src/stm32f7xx_ll_sdmmc.o
                0x080099dc                SDMMC_CmdBlockLength
 .text.SDMMC_CmdReadSingleBlock
                0x08009a20       0x44 ./Drivers/STM32F7xx_HAL_Driver/Src/stm32f7xx_ll_sdmmc.o
                0x08009a20                SDMMC_CmdReadSingleBlock
 .text.SDMMC_CmdReadMultiBlock
                0x08009a64       0x44 ./Drivers/STM32F7xx_HAL_Driver/Src/stm32f7xx_ll_sdmmc.o
                0x08009a64                SDMMC_CmdReadMultiBlock
 .text.SDMMC_CmdWriteSingleBlock
                0x08009aa8       0x44 ./Drivers/STM32F7xx_HAL_Driver/Src/stm32f7xx_ll_sdmmc.o
                0x08009aa8                SDMMC_CmdWriteSingleBlock
 .text.SDMMC_CmdWriteMultiBlock
                0x08009aec       0x44 ./Drivers/STM32F7xx_HAL_Driver/Src/stm32f7xx_ll_sdmmc.o
                0x08009aec                SDMMC_CmdWriteMultiBlock
 .text.SDMMC_CmdStopTransfer
                0x08009b30       0x44 ./Drivers/STM32F7xx_HAL_Driver/Src/stm32f7xx_ll_sdmmc.o
                0x08009b30                SDMMC_CmdStopTransfer
 .text.SDMMC_CmdSelDesel
                0x08009b74       0x46 ./Drivers/STM32F7xx_HAL_Driver/Src/stm32f7xx_ll_sdmmc.o
                0x08009b74                SDMMC_CmdSelDesel
 .text.SDMMC_CmdGoIdleState
                0x08009bba       0x3c ./Drivers/STM32F7xx_HAL_Driver/Src/stm32f7xx_ll_sdmmc.o
                0x08009bba                SDMMC_CmdGoIdleState
 .text.SDMMC_CmdOperCond
                0x08009bf6       0x3e ./Drivers/STM32F7xx_HAL_Driver/Src/stm32f7xx_ll_sdmmc.o
                0x08009bf6                SDMMC_CmdOperCond
 .text.SDMMC_CmdAppCommand
                0x08009c34       0x44 ./Drivers/STM32F7xx_HAL_Driver/Src/stm32f7xx_ll_sdmmc.o
                0x08009c34                SDMMC_CmdAppCommand
 .text.SDMMC_CmdAppOperCommand
                0x08009c78       0x48 ./Drivers/STM32F7xx_HAL_Driver/Src/stm32f7xx_ll_sdmmc.o
                0x08009c78                SDMMC_CmdAppOperCommand
 .text.SDMMC_CmdSendCID
                0x08009cc0       0x3c ./Drivers/STM32F7xx_HAL_Driver/Src/stm32f7xx_ll_sdmmc.o
                0x08009cc0                SDMMC_CmdSendCID
 .text.SDMMC_CmdSendCSD
                0x08009cfc       0x3e ./Drivers/STM32F7xx_HAL_Driver/Src/stm32f7xx_ll_sdmmc.o
                0x08009cfc                SDMMC_CmdSendCSD
 .text.SDMMC_CmdSetRelAdd
                0x08009d3a       0x42 ./Drivers/STM32F7xx_HAL_Driver/Src/stm32f7xx_ll_sdmmc.o
                0x08009d3a                SDMMC_CmdSetRelAdd
 .text.SDMMC_CmdSendStatus
                0x08009d7c       0x44 ./Drivers/STM32F7xx_HAL_Driver/Src/stm32f7xx_ll_sdmmc.o
                0x08009d7c                SDMMC_CmdSendStatus
 .text.SDMMC_GetCmdResp1
                0x08009dc0      0x1dc ./Drivers/STM32F7xx_HAL_Driver/Src/stm32f7xx_ll_sdmmc.o
                0x08009dc0                SDMMC_GetCmdResp1
 .text.SDMMC_GetCmdResp2
                0x08009f9c       0x90 ./Drivers/STM32F7xx_HAL_Driver/Src/stm32f7xx_ll_sdmmc.o
                0x08009f9c                SDMMC_GetCmdResp2
 .text.SDMMC_GetCmdResp3
                0x0800a02c       0x7c ./Drivers/STM32F7xx_HAL_Driver/Src/stm32f7xx_ll_sdmmc.o
                0x0800a02c                SDMMC_GetCmdResp3
 .text.SDMMC_GetCmdResp6
                0x0800a0a8       0xec ./Drivers/STM32F7xx_HAL_Driver/Src/stm32f7xx_ll_sdmmc.o
                0x0800a0a8                SDMMC_GetCmdResp6
 .text.SDMMC_GetCmdResp7
                0x0800a194       0x9c ./Drivers/STM32F7xx_HAL_Driver/Src/stm32f7xx_ll_sdmmc.o
                0x0800a194                SDMMC_GetCmdResp7
 .text.SDMMC_GetCmdError
                0x0800a230       0x58 ./Drivers/STM32F7xx_HAL_Driver/Src/stm32f7xx_ll_sdmmc.o
 .text.MX_FATFS_Init
                0x0800a288       0x24 ./FATFS/App/fatfs.o
                0x0800a288                MX_FATFS_Init
 .text.BSP_SD_Init
                0x0800a2ac       0x30 ./FATFS/Target/bsp_driver_sd.o
                0x0800a2ac                BSP_SD_Init
 .text.BSP_SD_ReadBlocks_DMA
                0x0800a2dc       0x34 ./FATFS/Target/bsp_driver_sd.o
                0x0800a2dc                BSP_SD_ReadBlocks_DMA
 .text.BSP_SD_WriteBlocks_DMA
                0x0800a310       0x34 ./FATFS/Target/bsp_driver_sd.o
                0x0800a310                BSP_SD_WriteBlocks_DMA
 .text.BSP_SD_GetCardState
                0x0800a344       0x20 ./FATFS/Target/bsp_driver_sd.o
                0x0800a344                BSP_SD_GetCardState
 .text.BSP_SD_GetCardInfo
                0x0800a364       0x1c ./FATFS/Target/bsp_driver_sd.o
                0x0800a364                BSP_SD_GetCardInfo
 .text.HAL_SD_AbortCallback
                0x0800a380       0x14 ./FATFS/Target/bsp_driver_sd.o
                0x0800a380                HAL_SD_AbortCallback
 .text.HAL_SD_TxCpltCallback
                0x0800a394       0x14 ./FATFS/Target/bsp_driver_sd.o
                0x0800a394                HAL_SD_TxCpltCallback
 .text.HAL_SD_RxCpltCallback
                0x0800a3a8       0x14 ./FATFS/Target/bsp_driver_sd.o
                0x0800a3a8                HAL_SD_RxCpltCallback
 .text.BSP_SD_AbortCallback
                0x0800a3bc        0xe ./FATFS/Target/bsp_driver_sd.o
                0x0800a3bc                BSP_SD_AbortCallback
 .text.BSP_SD_IsDetected
                0x0800a3ca       0x24 ./FATFS/Target/bsp_driver_sd.o
                0x0800a3ca                BSP_SD_IsDetected
 *fill*         0x0800a3ee        0x2 
 .text.BSP_PlatformIsDetected
                0x0800a3f0       0x2c ./FATFS/Target/fatfs_platform.o
                0x0800a3f0                BSP_PlatformIsDetected
 .text.SD_CheckStatusWithTimeout
                0x0800a41c       0x3a ./FATFS/Target/sd_diskio.o
 *fill*         0x0800a456        0x2 
 .text.SD_CheckStatus
                0x0800a458       0x3c ./FATFS/Target/sd_diskio.o
 .text.SD_initialize
                0x0800a494       0x98 ./FATFS/Target/sd_diskio.o
                0x0800a494                SD_initialize
 .text.SD_status
                0x0800a52c       0x1c ./FATFS/Target/sd_diskio.o
                0x0800a52c                SD_status
 .text.SD_read  0x0800a548       0x9c ./FATFS/Target/sd_diskio.o
                0x0800a548                SD_read
 .text.SD_write
                0x0800a5e4       0x94 ./FATFS/Target/sd_diskio.o
                0x0800a5e4                SD_write
 .text.SD_ioctl
                0x0800a678       0xb0 ./FATFS/Target/sd_diskio.o
                0x0800a678                SD_ioctl
 .text.BSP_SD_WriteCpltCallback
                0x0800a728       0x1c ./FATFS/Target/sd_diskio.o
                0x0800a728                BSP_SD_WriteCpltCallback
 .text.BSP_SD_ReadCpltCallback
                0x0800a744       0x1c ./FATFS/Target/sd_diskio.o
                0x0800a744                BSP_SD_ReadCpltCallback
 .text.FATFS_LinkDriverEx
                0x0800a760       0x98 ./Middlewares/Third_Party/FatFs/src/ff_gen_drv.o
                0x0800a760                FATFS_LinkDriverEx
 .text.FATFS_LinkDriver
                0x0800a7f8       0x1e ./Middlewares/Third_Party/FatFs/src/ff_gen_drv.o
                0x0800a7f8                FATFS_LinkDriver
 .text.makeFreeRtosPriority
                0x0800a816       0x30 ./Middlewares/Third_Party/FreeRTOS/Source/CMSIS_RTOS/cmsis_os.o
 .text.inHandlerMode
                0x0800a846       0x24 ./Middlewares/Third_Party/FreeRTOS/Source/CMSIS_RTOS/cmsis_os.o
 .text.osKernelStart
                0x0800a86a        0xe ./Middlewares/Third_Party/FreeRTOS/Source/CMSIS_RTOS/cmsis_os.o
                0x0800a86a                osKernelStart
 .text.osKernelRunning
                0x0800a878       0x18 ./Middlewares/Third_Party/FreeRTOS/Source/CMSIS_RTOS/cmsis_os.o
                0x0800a878                osKernelRunning
 .text.osKernelSysTick
                0x0800a890       0x20 ./Middlewares/Third_Party/FreeRTOS/Source/CMSIS_RTOS/cmsis_os.o
                0x0800a890                osKernelSysTick
 .text.osThreadCreate
                0x0800a8b0       0x98 ./Middlewares/Third_Party/FreeRTOS/Source/CMSIS_RTOS/cmsis_os.o
                0x0800a8b0                osThreadCreate
 .text.osDelay  0x0800a948       0x28 ./Middlewares/Third_Party/FreeRTOS/Source/CMSIS_RTOS/cmsis_os.o
                0x0800a948                osDelay
 .text.osMessageCreate
                0x0800a970       0x50 ./Middlewares/Third_Party/FreeRTOS/Source/CMSIS_RTOS/cmsis_os.o
                0x0800a970                osMessageCreate
 .text.osMessagePut
                0x0800a9c0       0x80 ./Middlewares/Third_Party/FreeRTOS/Source/CMSIS_RTOS/cmsis_os.o
                0x0800a9c0                osMessagePut
 .text.osMessageGet
                0x0800aa40       0xe8 ./Middlewares/Third_Party/FreeRTOS/Source/CMSIS_RTOS/cmsis_os.o
                0x0800aa40                osMessageGet
 .text.vListInitialise
                0x0800ab28       0x40 ./Middlewares/Third_Party/FreeRTOS/Source/list.o
                0x0800ab28                vListInitialise
 .text.vListInitialiseItem
                0x0800ab68       0x1a ./Middlewares/Third_Party/FreeRTOS/Source/list.o
                0x0800ab68                vListInitialiseItem
 .text.vListInsertEnd
                0x0800ab82       0x48 ./Middlewares/Third_Party/FreeRTOS/Source/list.o
                0x0800ab82                vListInsertEnd
 .text.vListInsert
                0x0800abca       0x72 ./Middlewares/Third_Party/FreeRTOS/Source/list.o
                0x0800abca                vListInsert
 .text.uxListRemove
                0x0800ac3c       0x54 ./Middlewares/Third_Party/FreeRTOS/Source/list.o
                0x0800ac3c                uxListRemove
 .text.xQueueGenericReset
                0x0800ac90       0xd8 ./Middlewares/Third_Party/FreeRTOS/Source/queue.o
                0x0800ac90                xQueueGenericReset
 .text.xQueueGenericCreateStatic
                0x0800ad68      0x10e ./Middlewares/Third_Party/FreeRTOS/Source/queue.o
                0x0800ad68                xQueueGenericCreateStatic
 .text.xQueueGenericCreate
                0x0800ae76       0x86 ./Middlewares/Third_Party/FreeRTOS/Source/queue.o
                0x0800ae76                xQueueGenericCreate
 .text.prvInitialiseNewQueue
                0x0800aefc       0x3e ./Middlewares/Third_Party/FreeRTOS/Source/queue.o
 *fill*         0x0800af3a        0x2 
 .text.xQueueGenericSend
                0x0800af3c      0x214 ./Middlewares/Third_Party/FreeRTOS/Source/queue.o
                0x0800af3c                xQueueGenericSend
 .text.xQueueGenericSendFromISR
                0x0800b150      0x146 ./Middlewares/Third_Party/FreeRTOS/Source/queue.o
                0x0800b150                xQueueGenericSendFromISR
 *fill*         0x0800b296        0x2 
 .text.xQueueReceive
                0x0800b298      0x1d0 ./Middlewares/Third_Party/FreeRTOS/Source/queue.o
                0x0800b298                xQueueReceive
 .text.xQueueReceiveFromISR
                0x0800b468      0x110 ./Middlewares/Third_Party/FreeRTOS/Source/queue.o
                0x0800b468                xQueueReceiveFromISR
 .text.prvCopyDataToQueue
                0x0800b578       0xd4 ./Middlewares/Third_Party/FreeRTOS/Source/queue.o
 .text.prvCopyDataFromQueue
                0x0800b64c       0x4c ./Middlewares/Third_Party/FreeRTOS/Source/queue.o
 .text.prvUnlockQueue
                0x0800b698       0xa4 ./Middlewares/Third_Party/FreeRTOS/Source/queue.o
 .text.prvIsQueueEmpty
                0x0800b73c       0x2c ./Middlewares/Third_Party/FreeRTOS/Source/queue.o
 .text.prvIsQueueFull
                0x0800b768       0x30 ./Middlewares/Third_Party/FreeRTOS/Source/queue.o
 .text.xTaskCreateStatic
                0x0800b798       0xcc ./Middlewares/Third_Party/FreeRTOS/Source/tasks.o
                0x0800b798                xTaskCreateStatic
 .text.xTaskCreate
                0x0800b864       0x8a ./Middlewares/Third_Party/FreeRTOS/Source/tasks.o
                0x0800b864                xTaskCreate
 *fill*         0x0800b8ee        0x2 
 .text.prvInitialiseNewTask
                0x0800b8f0      0x144 ./Middlewares/Third_Party/FreeRTOS/Source/tasks.o
 .text.prvAddNewTaskToReadyList
                0x0800ba34       0xd4 ./Middlewares/Third_Party/FreeRTOS/Source/tasks.o
 .text.vTaskDelay
                0x0800bb08       0x70 ./Middlewares/Third_Party/FreeRTOS/Source/tasks.o
                0x0800bb08                vTaskDelay
 .text.vTaskStartScheduler
                0x0800bb78       0xdc ./Middlewares/Third_Party/FreeRTOS/Source/tasks.o
                0x0800bb78                vTaskStartScheduler
 .text.vTaskSuspendAll
                0x0800bc54       0x1c ./Middlewares/Third_Party/FreeRTOS/Source/tasks.o
                0x0800bc54                vTaskSuspendAll
 .text.xTaskResumeAll
                0x0800bc70      0x140 ./Middlewares/Third_Party/FreeRTOS/Source/tasks.o
                0x0800bc70                xTaskResumeAll
 .text.xTaskGetTickCount
                0x0800bdb0       0x20 ./Middlewares/Third_Party/FreeRTOS/Source/tasks.o
                0x0800bdb0                xTaskGetTickCount
 .text.xTaskGetTickCountFromISR
                0x0800bdd0       0x24 ./Middlewares/Third_Party/FreeRTOS/Source/tasks.o
                0x0800bdd0                xTaskGetTickCountFromISR
 .text.xTaskIncrementTick
                0x0800bdf4      0x178 ./Middlewares/Third_Party/FreeRTOS/Source/tasks.o
                0x0800bdf4                xTaskIncrementTick
 .text.vTaskSwitchContext
                0x0800bf6c       0xcc ./Middlewares/Third_Party/FreeRTOS/Source/tasks.o
                0x0800bf6c                vTaskSwitchContext
 .text.vTaskPlaceOnEventList
                0x0800c038       0x50 ./Middlewares/Third_Party/FreeRTOS/Source/tasks.o
                0x0800c038                vTaskPlaceOnEventList
 .text.xTaskRemoveFromEventList
                0x0800c088       0xcc ./Middlewares/Third_Party/FreeRTOS/Source/tasks.o
                0x0800c088                xTaskRemoveFromEventList
 .text.vTaskInternalSetTimeOutState
                0x0800c154       0x2c ./Middlewares/Third_Party/FreeRTOS/Source/tasks.o
                0x0800c154                vTaskInternalSetTimeOutState
 .text.xTaskCheckForTimeOut
                0x0800c180       0xd0 ./Middlewares/Third_Party/FreeRTOS/Source/tasks.o
                0x0800c180                xTaskCheckForTimeOut
 .text.vTaskMissedYield
                0x0800c250       0x18 ./Middlewares/Third_Party/FreeRTOS/Source/tasks.o
                0x0800c250                vTaskMissedYield
 .text.prvIdleTask
                0x0800c268       0x30 ./Middlewares/Third_Party/FreeRTOS/Source/tasks.o
 .text.prvInitialiseTaskLists
                0x0800c298       0x80 ./Middlewares/Third_Party/FreeRTOS/Source/tasks.o
 .text.prvCheckTasksWaitingTermination
                0x0800c318       0x5c ./Middlewares/Third_Party/FreeRTOS/Source/tasks.o
 .text.prvDeleteTCB
                0x0800c374       0x6e ./Middlewares/Third_Party/FreeRTOS/Source/tasks.o
 *fill*         0x0800c3e2        0x2 
 .text.prvResetNextTaskUnblockTime
                0x0800c3e4       0x40 ./Middlewares/Third_Party/FreeRTOS/Source/tasks.o
 .text.xTaskGetSchedulerState
                0x0800c424       0x3c ./Middlewares/Third_Party/FreeRTOS/Source/tasks.o
                0x0800c424                xTaskGetSchedulerState
 .text.xTaskPriorityDisinherit
                0x0800c460      0x118 ./Middlewares/Third_Party/FreeRTOS/Source/tasks.o
                0x0800c460                xTaskPriorityDisinherit
 .text.prvAddCurrentTaskToDelayedList
                0x0800c578       0xcc ./Middlewares/Third_Party/FreeRTOS/Source/tasks.o
 .text.pxPortInitialiseStack
                0x0800c644       0x68 ./Middlewares/Third_Party/FreeRTOS/Source/portable/GCC/ARM_CM7/r0p1/port.o
                0x0800c644                pxPortInitialiseStack
 .text.prvTaskExitError
                0x0800c6ac       0x64 ./Middlewares/Third_Party/FreeRTOS/Source/portable/GCC/ARM_CM7/r0p1/port.o
 .text.SVC_Handler
                0x0800c710       0x28 ./Middlewares/Third_Party/FreeRTOS/Source/portable/GCC/ARM_CM7/r0p1/port.o
                0x0800c710                SVC_Handler
 .text.prvPortStartFirstTask
                0x0800c738       0x28 ./Middlewares/Third_Party/FreeRTOS/Source/portable/GCC/ARM_CM7/r0p1/port.o
 .text.xPortStartScheduler
                0x0800c760       0xfc ./Middlewares/Third_Party/FreeRTOS/Source/portable/GCC/ARM_CM7/r0p1/port.o
                0x0800c760                xPortStartScheduler
 .text.vPortEnterCritical
                0x0800c85c       0x6c ./Middlewares/Third_Party/FreeRTOS/Source/portable/GCC/ARM_CM7/r0p1/port.o
                0x0800c85c                vPortEnterCritical
 .text.vPortExitCritical
                0x0800c8c8       0x58 ./Middlewares/Third_Party/FreeRTOS/Source/portable/GCC/ARM_CM7/r0p1/port.o
                0x0800c8c8                vPortExitCritical
 .text.PendSV_Handler
                0x0800c920       0x68 ./Middlewares/Third_Party/FreeRTOS/Source/portable/GCC/ARM_CM7/r0p1/port.o
                0x0800c920                PendSV_Handler
 .text.xPortSysTickHandler
                0x0800c988       0x48 ./Middlewares/Third_Party/FreeRTOS/Source/portable/GCC/ARM_CM7/r0p1/port.o
                0x0800c988                xPortSysTickHandler
 .text.vPortSetupTimerInterrupt
                0x0800c9d0       0x48 ./Middlewares/Third_Party/FreeRTOS/Source/portable/GCC/ARM_CM7/r0p1/port.o
                0x0800c9d0                vPortSetupTimerInterrupt
 .text.vPortEnableVFP
                0x0800ca18       0x14 ./Middlewares/Third_Party/FreeRTOS/Source/portable/GCC/ARM_CM7/r0p1/port.o
 .text.vPortValidateInterruptPriority
                0x0800ca2c       0x8c ./Middlewares/Third_Party/FreeRTOS/Source/portable/GCC/ARM_CM7/r0p1/port.o
                0x0800ca2c                vPortValidateInterruptPriority
 .text.pvPortMalloc
                0x0800cab8      0x19c ./Middlewares/Third_Party/FreeRTOS/Source/portable/MemMang/heap_4.o
                0x0800cab8                pvPortMalloc
 .text.vPortFree
                0x0800cc54       0xc0 ./Middlewares/Third_Party/FreeRTOS/Source/portable/MemMang/heap_4.o
                0x0800cc54                vPortFree
 .text.prvHeapInit
                0x0800cd14       0xc4 ./Middlewares/Third_Party/FreeRTOS/Source/portable/MemMang/heap_4.o
 .text.prvInsertBlockIntoFreeList
                0x0800cdd8       0xb4 ./Middlewares/Third_Party/FreeRTOS/Source/portable/MemMang/heap_4.o
 .text.std      0x0800ce8c       0x6c C:/ST/STM32CubeIDE_1.15.1/STM32CubeIDE/plugins/com.st.stm32cube.ide.mcu.externaltools.gnu-tools-for-stm32.13.3.rel1.win32_1.0.0.202411081344/tools/bin/../lib/gcc/arm-none-eabi/13.3.1/../../../../arm-none-eabi/lib/thumb/v7e-m+dp/hard\libc_nano.a(libc_a-findfp.o)
 .text.stdio_exit_handler
                0x0800cef8       0x18 C:/ST/STM32CubeIDE_1.15.1/STM32CubeIDE/plugins/com.st.stm32cube.ide.mcu.externaltools.gnu-tools-for-stm32.13.3.rel1.win32_1.0.0.202411081344/tools/bin/../lib/gcc/arm-none-eabi/13.3.1/../../../../arm-none-eabi/lib/thumb/v7e-m+dp/hard\libc_nano.a(libc_a-findfp.o)
 .text.cleanup_stdio
                0x0800cf10       0x40 C:/ST/STM32CubeIDE_1.15.1/STM32CubeIDE/plugins/com.st.stm32cube.ide.mcu.externaltools.gnu-tools-for-stm32.13.3.rel1.win32_1.0.0.202411081344/tools/bin/../lib/gcc/arm-none-eabi/13.3.1/../../../../arm-none-eabi/lib/thumb/v7e-m+dp/hard\libc_nano.a(libc_a-findfp.o)
 .text.global_stdio_init.part.0
                0x0800cf50       0x3c C:/ST/STM32CubeIDE_1.15.1/STM32CubeIDE/plugins/com.st.stm32cube.ide.mcu.externaltools.gnu-tools-for-stm32.13.3.rel1.win32_1.0.0.202411081344/tools/bin/../lib/gcc/arm-none-eabi/13.3.1/../../../../arm-none-eabi/lib/thumb/v7e-m+dp/hard\libc_nano.a(libc_a-findfp.o)
 .text.__sfp_lock_acquire
                0x0800cf8c        0xc C:/ST/STM32CubeIDE_1.15.1/STM32CubeIDE/plugins/com.st.stm32cube.ide.mcu.externaltools.gnu-tools-for-stm32.13.3.rel1.win32_1.0.0.202411081344/tools/bin/../lib/gcc/arm-none-eabi/13.3.1/../../../../arm-none-eabi/lib/thumb/v7e-m+dp/hard\libc_nano.a(libc_a-findfp.o)
                0x0800cf8c                __sfp_lock_acquire
 .text.__sfp_lock_release
                0x0800cf98        0xc C:/ST/STM32CubeIDE_1.15.1/STM32CubeIDE/plugins/com.st.stm32cube.ide.mcu.externaltools.gnu-tools-for-stm32.13.3.rel1.win32_1.0.0.202411081344/tools/bin/../lib/gcc/arm-none-eabi/13.3.1/../../../../arm-none-eabi/lib/thumb/v7e-m+dp/hard\libc_nano.a(libc_a-findfp.o)
                0x0800cf98                __sfp_lock_release
 .text.__sinit  0x0800cfa4       0x30 C:/ST/STM32CubeIDE_1.15.1/STM32CubeIDE/plugins/com.st.stm32cube.ide.mcu.externaltools.gnu-tools-for-stm32.13.3.rel1.win32_1.0.0.202411081344/tools/bin/../lib/gcc/arm-none-eabi/13.3.1/../../../../arm-none-eabi/lib/thumb/v7e-m+dp/hard\libc_nano.a(libc_a-findfp.o)
                0x0800cfa4                __sinit
 .text._fwalk_sglue
                0x0800cfd4       0x3c C:/ST/STM32CubeIDE_1.15.1/STM32CubeIDE/plugins/com.st.stm32cube.ide.mcu.externaltools.gnu-tools-for-stm32.13.3.rel1.win32_1.0.0.202411081344/tools/bin/../lib/gcc/arm-none-eabi/13.3.1/../../../../arm-none-eabi/lib/thumb/v7e-m+dp/hard\libc_nano.a(libc_a-fwalk.o)
                0x0800cfd4                _fwalk_sglue
 .text._puts_r  0x0800d010       0xaa C:/ST/STM32CubeIDE_1.15.1/STM32CubeIDE/plugins/com.st.stm32cube.ide.mcu.externaltools.gnu-tools-for-stm32.13.3.rel1.win32_1.0.0.202411081344/tools/bin/../lib/gcc/arm-none-eabi/13.3.1/../../../../arm-none-eabi/lib/thumb/v7e-m+dp/hard\libc_nano.a(libc_a-puts.o)
                0x0800d010                _puts_r
 *fill*         0x0800d0ba        0x2 
 .text.puts     0x0800d0bc       0x10 C:/ST/STM32CubeIDE_1.15.1/STM32CubeIDE/plugins/com.st.stm32cube.ide.mcu.externaltools.gnu-tools-for-stm32.13.3.rel1.win32_1.0.0.202411081344/tools/bin/../lib/gcc/arm-none-eabi/13.3.1/../../../../arm-none-eabi/lib/thumb/v7e-m+dp/hard\libc_nano.a(libc_a-puts.o)
                0x0800d0bc                puts
 .text.__sread  0x0800d0cc       0x22 C:/ST/STM32CubeIDE_1.15.1/STM32CubeIDE/plugins/com.st.stm32cube.ide.mcu.externaltools.gnu-tools-for-stm32.13.3.rel1.win32_1.0.0.202411081344/tools/bin/../lib/gcc/arm-none-eabi/13.3.1/../../../../arm-none-eabi/lib/thumb/v7e-m+dp/hard\libc_nano.a(libc_a-stdio.o)
                0x0800d0cc                __sread
 .text.__swrite
                0x0800d0ee       0x38 C:/ST/STM32CubeIDE_1.15.1/STM32CubeIDE/plugins/com.st.stm32cube.ide.mcu.externaltools.gnu-tools-for-stm32.13.3.rel1.win32_1.0.0.202411081344/tools/bin/../lib/gcc/arm-none-eabi/13.3.1/../../../../arm-none-eabi/lib/thumb/v7e-m+dp/hard\libc_nano.a(libc_a-stdio.o)
                0x0800d0ee                __swrite
 .text.__sseek  0x0800d126       0x24 C:/ST/STM32CubeIDE_1.15.1/STM32CubeIDE/plugins/com.st.stm32cube.ide.mcu.externaltools.gnu-tools-for-stm32.13.3.rel1.win32_1.0.0.202411081344/tools/bin/../lib/gcc/arm-none-eabi/13.3.1/../../../../arm-none-eabi/lib/thumb/v7e-m+dp/hard\libc_nano.a(libc_a-stdio.o)
                0x0800d126                __sseek
 .text.__sclose
                0x0800d14a        0x8 C:/ST/STM32CubeIDE_1.15.1/STM32CubeIDE/plugins/com.st.stm32cube.ide.mcu.externaltools.gnu-tools-for-stm32.13.3.rel1.win32_1.0.0.202411081344/tools/bin/../lib/gcc/arm-none-eabi/13.3.1/../../../../arm-none-eabi/lib/thumb/v7e-m+dp/hard\libc_nano.a(libc_a-stdio.o)
                0x0800d14a                __sclose
 .text.__swbuf_r
                0x0800d152       0x7c C:/ST/STM32CubeIDE_1.15.1/STM32CubeIDE/plugins/com.st.stm32cube.ide.mcu.externaltools.gnu-tools-for-stm32.13.3.rel1.win32_1.0.0.202411081344/tools/bin/../lib/gcc/arm-none-eabi/13.3.1/../../../../arm-none-eabi/lib/thumb/v7e-m+dp/hard\libc_nano.a(libc_a-wbuf.o)
                0x0800d152                __swbuf_r
 *fill*         0x0800d1ce        0x2 
 .text.__swsetup_r
                0x0800d1d0       0xac C:/ST/STM32CubeIDE_1.15.1/STM32CubeIDE/plugins/com.st.stm32cube.ide.mcu.externaltools.gnu-tools-for-stm32.13.3.rel1.win32_1.0.0.202411081344/tools/bin/../lib/gcc/arm-none-eabi/13.3.1/../../../../arm-none-eabi/lib/thumb/v7e-m+dp/hard\libc_nano.a(libc_a-wsetup.o)
                0x0800d1d0                __swsetup_r
 .text.memset   0x0800d27c       0x10 C:/ST/STM32CubeIDE_1.15.1/STM32CubeIDE/plugins/com.st.stm32cube.ide.mcu.externaltools.gnu-tools-for-stm32.13.3.rel1.win32_1.0.0.202411081344/tools/bin/../lib/gcc/arm-none-eabi/13.3.1/../../../../arm-none-eabi/lib/thumb/v7e-m+dp/hard\libc_nano.a(libc_a-memset.o)
                0x0800d27c                memset
 .text._close_r
                0x0800d28c       0x20 C:/ST/STM32CubeIDE_1.15.1/STM32CubeIDE/plugins/com.st.stm32cube.ide.mcu.externaltools.gnu-tools-for-stm32.13.3.rel1.win32_1.0.0.202411081344/tools/bin/../lib/gcc/arm-none-eabi/13.3.1/../../../../arm-none-eabi/lib/thumb/v7e-m+dp/hard\libc_nano.a(libc_a-closer.o)
                0x0800d28c                _close_r
 .text._reclaim_reent
                0x0800d2ac       0xbc C:/ST/STM32CubeIDE_1.15.1/STM32CubeIDE/plugins/com.st.stm32cube.ide.mcu.externaltools.gnu-tools-for-stm32.13.3.rel1.win32_1.0.0.202411081344/tools/bin/../lib/gcc/arm-none-eabi/13.3.1/../../../../arm-none-eabi/lib/thumb/v7e-m+dp/hard\libc_nano.a(libc_a-reent.o)
                0x0800d2ac                _reclaim_reent
 .text._lseek_r
                0x0800d368       0x24 C:/ST/STM32CubeIDE_1.15.1/STM32CubeIDE/plugins/com.st.stm32cube.ide.mcu.externaltools.gnu-tools-for-stm32.13.3.rel1.win32_1.0.0.202411081344/tools/bin/../lib/gcc/arm-none-eabi/13.3.1/../../../../arm-none-eabi/lib/thumb/v7e-m+dp/hard\libc_nano.a(libc_a-lseekr.o)
                0x0800d368                _lseek_r
 .text._read_r  0x0800d38c       0x24 C:/ST/STM32CubeIDE_1.15.1/STM32CubeIDE/plugins/com.st.stm32cube.ide.mcu.externaltools.gnu-tools-for-stm32.13.3.rel1.win32_1.0.0.202411081344/tools/bin/../lib/gcc/arm-none-eabi/13.3.1/../../../../arm-none-eabi/lib/thumb/v7e-m+dp/hard\libc_nano.a(libc_a-readr.o)
                0x0800d38c                _read_r
 .text._write_r
                0x0800d3b0       0x24 C:/ST/STM32CubeIDE_1.15.1/STM32CubeIDE/plugins/com.st.stm32cube.ide.mcu.externaltools.gnu-tools-for-stm32.13.3.rel1.win32_1.0.0.202411081344/tools/bin/../lib/gcc/arm-none-eabi/13.3.1/../../../../arm-none-eabi/lib/thumb/v7e-m+dp/hard\libc_nano.a(libc_a-writer.o)
                0x0800d3b0                _write_r
 .text.__errno  0x0800d3d4        0xc C:/ST/STM32CubeIDE_1.15.1/STM32CubeIDE/plugins/com.st.stm32cube.ide.mcu.externaltools.gnu-tools-for-stm32.13.3.rel1.win32_1.0.0.202411081344/tools/bin/../lib/gcc/arm-none-eabi/13.3.1/../../../../arm-none-eabi/lib/thumb/v7e-m+dp/hard\libc_nano.a(libc_a-errno.o)
                0x0800d3d4                __errno
 .text.__libc_init_array
                0x0800d3e0       0x48 C:/ST/STM32CubeIDE_1.15.1/STM32CubeIDE/plugins/com.st.stm32cube.ide.mcu.externaltools.gnu-tools-for-stm32.13.3.rel1.win32_1.0.0.202411081344/tools/bin/../lib/gcc/arm-none-eabi/13.3.1/../../../../arm-none-eabi/lib/thumb/v7e-m+dp/hard\libc_nano.a(libc_a-init.o)
                0x0800d3e0                __libc_init_array
 .text.__retarget_lock_init_recursive
                0x0800d428        0x2 C:/ST/STM32CubeIDE_1.15.1/STM32CubeIDE/plugins/com.st.stm32cube.ide.mcu.externaltools.gnu-tools-for-stm32.13.3.rel1.win32_1.0.0.202411081344/tools/bin/../lib/gcc/arm-none-eabi/13.3.1/../../../../arm-none-eabi/lib/thumb/v7e-m+dp/hard\libc_nano.a(libc_a-lock.o)
                0x0800d428                __retarget_lock_init_recursive
 .text.__retarget_lock_acquire_recursive
                0x0800d42a        0x2 C:/ST/STM32CubeIDE_1.15.1/STM32CubeIDE/plugins/com.st.stm32cube.ide.mcu.externaltools.gnu-tools-for-stm32.13.3.rel1.win32_1.0.0.202411081344/tools/bin/../lib/gcc/arm-none-eabi/13.3.1/../../../../arm-none-eabi/lib/thumb/v7e-m+dp/hard\libc_nano.a(libc_a-lock.o)
                0x0800d42a                __retarget_lock_acquire_recursive
 .text.__retarget_lock_release_recursive
                0x0800d42c        0x2 C:/ST/STM32CubeIDE_1.15.1/STM32CubeIDE/plugins/com.st.stm32cube.ide.mcu.externaltools.gnu-tools-for-stm32.13.3.rel1.win32_1.0.0.202411081344/tools/bin/../lib/gcc/arm-none-eabi/13.3.1/../../../../arm-none-eabi/lib/thumb/v7e-m+dp/hard\libc_nano.a(libc_a-lock.o)
                0x0800d42c                __retarget_lock_release_recursive
 .text.memcpy   0x0800d42e       0x1c C:/ST/STM32CubeIDE_1.15.1/STM32CubeIDE/plugins/com.st.stm32cube.ide.mcu.externaltools.gnu-tools-for-stm32.13.3.rel1.win32_1.0.0.202411081344/tools/bin/../lib/gcc/arm-none-eabi/13.3.1/../../../../arm-none-eabi/lib/thumb/v7e-m+dp/hard\libc_nano.a(libc_a-memcpy-stub.o)
                0x0800d42e                memcpy
 *fill*         0x0800d44a        0x2 
 .text._free_r  0x0800d44c       0x94 C:/ST/STM32CubeIDE_1.15.1/STM32CubeIDE/plugins/com.st.stm32cube.ide.mcu.externaltools.gnu-tools-for-stm32.13.3.rel1.win32_1.0.0.202411081344/tools/bin/../lib/gcc/arm-none-eabi/13.3.1/../../../../arm-none-eabi/lib/thumb/v7e-m+dp/hard\libc_nano.a(libc_a-freer.o)
                0x0800d44c                _free_r
 .text.sbrk_aligned
                0x0800d4e0       0x44 C:/ST/STM32CubeIDE_1.15.1/STM32CubeIDE/plugins/com.st.stm32cube.ide.mcu.externaltools.gnu-tools-for-stm32.13.3.rel1.win32_1.0.0.202411081344/tools/bin/../lib/gcc/arm-none-eabi/13.3.1/../../../../arm-none-eabi/lib/thumb/v7e-m+dp/hard\libc_nano.a(libc_a-mallocr.o)
 .text._malloc_r
                0x0800d524      0x100 C:/ST/STM32CubeIDE_1.15.1/STM32CubeIDE/plugins/com.st.stm32cube.ide.mcu.externaltools.gnu-tools-for-stm32.13.3.rel1.win32_1.0.0.202411081344/tools/bin/../lib/gcc/arm-none-eabi/13.3.1/../../../../arm-none-eabi/lib/thumb/v7e-m+dp/hard\libc_nano.a(libc_a-mallocr.o)
                0x0800d524                _malloc_r
 .text.__malloc_lock
                0x0800d624        0xc C:/ST/STM32CubeIDE_1.15.1/STM32CubeIDE/plugins/com.st.stm32cube.ide.mcu.externaltools.gnu-tools-for-stm32.13.3.rel1.win32_1.0.0.202411081344/tools/bin/../lib/gcc/arm-none-eabi/13.3.1/../../../../arm-none-eabi/lib/thumb/v7e-m+dp/hard\libc_nano.a(libc_a-mlock.o)
                0x0800d624                __malloc_lock
 .text.__malloc_unlock
                0x0800d630        0xc C:/ST/STM32CubeIDE_1.15.1/STM32CubeIDE/plugins/com.st.stm32cube.ide.mcu.externaltools.gnu-tools-for-stm32.13.3.rel1.win32_1.0.0.202411081344/tools/bin/../lib/gcc/arm-none-eabi/13.3.1/../../../../arm-none-eabi/lib/thumb/v7e-m+dp/hard\libc_nano.a(libc_a-mlock.o)
                0x0800d630                __malloc_unlock
 .text.__sflush_r
                0x0800d63c      0x108 C:/ST/STM32CubeIDE_1.15.1/STM32CubeIDE/plugins/com.st.stm32cube.ide.mcu.externaltools.gnu-tools-for-stm32.13.3.rel1.win32_1.0.0.202411081344/tools/bin/../lib/gcc/arm-none-eabi/13.3.1/../../../../arm-none-eabi/lib/thumb/v7e-m+dp/hard\libc_nano.a(libc_a-fflush.o)
                0x0800d63c                __sflush_r
 .text._fflush_r
                0x0800d744       0x50 C:/ST/STM32CubeIDE_1.15.1/STM32CubeIDE/plugins/com.st.stm32cube.ide.mcu.externaltools.gnu-tools-for-stm32.13.3.rel1.win32_1.0.0.202411081344/tools/bin/../lib/gcc/arm-none-eabi/13.3.1/../../../../arm-none-eabi/lib/thumb/v7e-m+dp/hard\libc_nano.a(libc_a-fflush.o)
                0x0800d744                _fflush_r
 .text.__swhatbuf_r
                0x0800d794       0x4c C:/ST/STM32CubeIDE_1.15.1/STM32CubeIDE/plugins/com.st.stm32cube.ide.mcu.externaltools.gnu-tools-for-stm32.13.3.rel1.win32_1.0.0.202411081344/tools/bin/../lib/gcc/arm-none-eabi/13.3.1/../../../../arm-none-eabi/lib/thumb/v7e-m+dp/hard\libc_nano.a(libc_a-makebuf.o)
                0x0800d794                __swhatbuf_r
 .text.__smakebuf_r
                0x0800d7e0       0x78 C:/ST/STM32CubeIDE_1.15.1/STM32CubeIDE/plugins/com.st.stm32cube.ide.mcu.externaltools.gnu-tools-for-stm32.13.3.rel1.win32_1.0.0.202411081344/tools/bin/../lib/gcc/arm-none-eabi/13.3.1/../../../../arm-none-eabi/lib/thumb/v7e-m+dp/hard\libc_nano.a(libc_a-makebuf.o)
                0x0800d7e0                __smakebuf_r
 .text._fstat_r
                0x0800d858       0x24 C:/ST/STM32CubeIDE_1.15.1/STM32CubeIDE/plugins/com.st.stm32cube.ide.mcu.externaltools.gnu-tools-for-stm32.13.3.rel1.win32_1.0.0.202411081344/tools/bin/../lib/gcc/arm-none-eabi/13.3.1/../../../../arm-none-eabi/lib/thumb/v7e-m+dp/hard\libc_nano.a(libc_a-fstatr.o)
                0x0800d858                _fstat_r
 .text._isatty_r
                0x0800d87c       0x20 C:/ST/STM32CubeIDE_1.15.1/STM32CubeIDE/plugins/com.st.stm32cube.ide.mcu.externaltools.gnu-tools-for-stm32.13.3.rel1.win32_1.0.0.202411081344/tools/bin/../lib/gcc/arm-none-eabi/13.3.1/../../../../arm-none-eabi/lib/thumb/v7e-m+dp/hard\libc_nano.a(libc_a-isattyr.o)
                0x0800d87c                _isatty_r
 .text._sbrk_r  0x0800d89c       0x20 C:/ST/STM32CubeIDE_1.15.1/STM32CubeIDE/plugins/com.st.stm32cube.ide.mcu.externaltools.gnu-tools-for-stm32.13.3.rel1.win32_1.0.0.202411081344/tools/bin/../lib/gcc/arm-none-eabi/13.3.1/../../../../arm-none-eabi/lib/thumb/v7e-m+dp/hard\libc_nano.a(libc_a-sbrkr.o)
                0x0800d89c                _sbrk_r
 *(.glue_7)
 .glue_7        0x0800d8bc        0x0 linker stubs
 *(.glue_7t)
 .glue_7t       0x0800d8bc        0x0 linker stubs
 *(.eh_frame)
 .eh_frame      0x0800d8bc        0x0 C:/ST/STM32CubeIDE_1.15.1/STM32CubeIDE/plugins/com.st.stm32cube.ide.mcu.externaltools.gnu-tools-for-stm32.13.3.rel1.win32_1.0.0.202411081344/tools/bin/../lib/gcc/arm-none-eabi/13.3.1/thumb/v7e-m+dp/hard/crtbegin.o
 *(.init)
 .init          0x0800d8bc        0x4 C:/ST/STM32CubeIDE_1.15.1/STM32CubeIDE/plugins/com.st.stm32cube.ide.mcu.externaltools.gnu-tools-for-stm32.13.3.rel1.win32_1.0.0.202411081344/tools/bin/../lib/gcc/arm-none-eabi/13.3.1/thumb/v7e-m+dp/hard/crti.o
                0x0800d8bc                _init
 .init          0x0800d8c0        0x8 C:/ST/STM32CubeIDE_1.15.1/STM32CubeIDE/plugins/com.st.stm32cube.ide.mcu.externaltools.gnu-tools-for-stm32.13.3.rel1.win32_1.0.0.202411081344/tools/bin/../lib/gcc/arm-none-eabi/13.3.1/thumb/v7e-m+dp/hard/crtn.o
 *(.fini)
 .fini          0x0800d8c8        0x4 C:/ST/STM32CubeIDE_1.15.1/STM32CubeIDE/plugins/com.st.stm32cube.ide.mcu.externaltools.gnu-tools-for-stm32.13.3.rel1.win32_1.0.0.202411081344/tools/bin/../lib/gcc/arm-none-eabi/13.3.1/thumb/v7e-m+dp/hard/crti.o
                0x0800d8c8                _fini
 .fini          0x0800d8cc        0x8 C:/ST/STM32CubeIDE_1.15.1/STM32CubeIDE/plugins/com.st.stm32cube.ide.mcu.externaltools.gnu-tools-for-stm32.13.3.rel1.win32_1.0.0.202411081344/tools/bin/../lib/gcc/arm-none-eabi/13.3.1/thumb/v7e-m+dp/hard/crtn.o
                0x0800d8d4                        . = ALIGN (0x4)
                0x0800d8d4                        _etext = .

.vfp11_veneer   0x0800d8d4        0x0
 .vfp11_veneer  0x0800d8d4        0x0 linker stubs

.v4_bx          0x0800d8d4        0x0
 .v4_bx         0x0800d8d4        0x0 linker stubs

.iplt           0x0800d8d4        0x0
 .iplt          0x0800d8d4        0x0 C:/ST/STM32CubeIDE_1.15.1/STM32CubeIDE/plugins/com.st.stm32cube.ide.mcu.externaltools.gnu-tools-for-stm32.13.3.rel1.win32_1.0.0.202411081344/tools/bin/../lib/gcc/arm-none-eabi/13.3.1/thumb/v7e-m+dp/hard/crtbegin.o

.rodata         0x0800d8d4      0x10c
                0x0800d8d4                        . = ALIGN (0x4)
 *(.rodata)
 .rodata        0x0800d8d4       0x20 ./Core/Src/My_Audio.o
 .rodata        0x0800d8f4       0xa0 ./Core/Src/main.o
 .rodata        0x0800d994       0x10 ./FATFS/Target/sd_diskio.o
 .rodata        0x0800d9a4        0x5 ./Middlewares/Third_Party/FreeRTOS/Source/tasks.o
 *(.rodata*)
 *fill*         0x0800d9a9        0x3 
 .rodata.AHBPrescTable
                0x0800d9ac       0x10 ./Core/Src/system_stm32f7xx.o
                0x0800d9ac                AHBPrescTable
 .rodata.APBPrescTable
                0x0800d9bc        0x8 ./Core/Src/system_stm32f7xx.o
                0x0800d9bc                APBPrescTable
 .rodata.flagBitshiftOffset.0
                0x0800d9c4        0x8 ./Drivers/STM32F7xx_HAL_Driver/Src/stm32f7xx_hal_dma.o
 .rodata.SD_Driver
                0x0800d9cc       0x14 ./FATFS/Target/sd_diskio.o
                0x0800d9cc                SD_Driver
                0x0800d9e0                        . = ALIGN (0x4)

.ARM.extab      0x0800d9e0        0x0
                0x0800d9e0                        . = ALIGN (0x4)
 *(.ARM.extab* .gnu.linkonce.armextab.*)
                0x0800d9e0                        . = ALIGN (0x4)

.ARM            0x0800d9e0        0x8
                0x0800d9e0                        . = ALIGN (0x4)
                0x0800d9e0                        __exidx_start = .
 *(.ARM.exidx*)
 .ARM.exidx     0x0800d9e0        0x8 C:/ST/STM32CubeIDE_1.15.1/STM32CubeIDE/plugins/com.st.stm32cube.ide.mcu.externaltools.gnu-tools-for-stm32.13.3.rel1.win32_1.0.0.202411081344/tools/bin/../lib/gcc/arm-none-eabi/13.3.1/thumb/v7e-m+dp/hard\libgcc.a(_udivmoddi4.o)
                0x0800d9e8                        __exidx_end = .
                0x0800d9e8                        . = ALIGN (0x4)

.preinit_array  0x0800d9e8        0x0
                0x0800d9e8                        . = ALIGN (0x4)
                0x0800d9e8                        PROVIDE (__preinit_array_start = .)
 *(.preinit_array*)
                0x0800d9e8                        PROVIDE (__preinit_array_end = .)
                0x0800d9e8                        . = ALIGN (0x4)

.init_array     0x0800d9e8        0x4
                0x0800d9e8                        . = ALIGN (0x4)
                0x0800d9e8                        PROVIDE (__init_array_start = .)
 *(SORT_BY_NAME(.init_array.*))
 *(.init_array*)
 .init_array    0x0800d9e8        0x4 C:/ST/STM32CubeIDE_1.15.1/STM32CubeIDE/plugins/com.st.stm32cube.ide.mcu.externaltools.gnu-tools-for-stm32.13.3.rel1.win32_1.0.0.202411081344/tools/bin/../lib/gcc/arm-none-eabi/13.3.1/thumb/v7e-m+dp/hard/crtbegin.o
                0x0800d9ec                        PROVIDE (__init_array_end = .)
                0x0800d9ec                        . = ALIGN (0x4)

.fini_array     0x0800d9ec        0x4
                0x0800d9ec                        . = ALIGN (0x4)
                [!provide]                        PROVIDE (__fini_array_start = .)
 *(SORT_BY_NAME(.fini_array.*))
 *(.fini_array*)
 .fini_array    0x0800d9ec        0x4 C:/ST/STM32CubeIDE_1.15.1/STM32CubeIDE/plugins/com.st.stm32cube.ide.mcu.externaltools.gnu-tools-for-stm32.13.3.rel1.win32_1.0.0.202411081344/tools/bin/../lib/gcc/arm-none-eabi/13.3.1/thumb/v7e-m+dp/hard/crtbegin.o
                [!provide]                        PROVIDE (__fini_array_end = .)
                0x0800d9f0                        . = ALIGN (0x4)
                0x0800d9f0                        _sidata = LOADADDR (.data)

.rel.dyn        0x0800d9f0        0x0
 .rel.iplt      0x0800d9f0        0x0 C:/ST/STM32CubeIDE_1.15.1/STM32CubeIDE/plugins/com.st.stm32cube.ide.mcu.externaltools.gnu-tools-for-stm32.13.3.rel1.win32_1.0.0.202411081344/tools/bin/../lib/gcc/arm-none-eabi/13.3.1/thumb/v7e-m+dp/hard/crtbegin.o

.data           0x20000000       0xa4 load address 0x0800d9f0
                0x20000000                        . = ALIGN (0x4)
                0x20000000                        _sdata = .
 *(.data)
 *(.data*)
 .data.frequency
                0x20000000        0x4 ./Core/Src/My_Audio.o
 .data.audio_drv
                0x20000004        0x4 ./Core/Src/My_Audio.o
                0x20000004                audio_drv
 .data.SystemCoreClock
                0x20000008        0x4 ./Core/Src/system_stm32f7xx.o
                0x20000008                SystemCoreClock
 .data.wm8994_drv
                0x2000000c       0x30 ./Drivers/BSP/Components/wm8994/wm8994.o
                0x2000000c                wm8994_drv
 .data.uwTickPrio
                0x2000003c        0x4 ./Drivers/STM32F7xx_HAL_Driver/Src/stm32f7xx_hal.o
                0x2000003c                uwTickPrio
 .data.uwTickFreq
                0x20000040        0x1 ./Drivers/STM32F7xx_HAL_Driver/Src/stm32f7xx_hal.o
                0x20000040                uwTickFreq
 .data.Stat     0x20000041        0x1 ./FATFS/Target/sd_diskio.o
 *fill*         0x20000042        0x2 
 .data.uxCriticalNesting
                0x20000044        0x4 ./Middlewares/Third_Party/FreeRTOS/Source/portable/GCC/ARM_CM7/r0p1/port.o
 .data.__sglue  0x20000048        0xc C:/ST/STM32CubeIDE_1.15.1/STM32CubeIDE/plugins/com.st.stm32cube.ide.mcu.externaltools.gnu-tools-for-stm32.13.3.rel1.win32_1.0.0.202411081344/tools/bin/../lib/gcc/arm-none-eabi/13.3.1/../../../../arm-none-eabi/lib/thumb/v7e-m+dp/hard\libc_nano.a(libc_a-findfp.o)
                0x20000048                __sglue
 .data._impure_ptr
                0x20000054        0x4 C:/ST/STM32CubeIDE_1.15.1/STM32CubeIDE/plugins/com.st.stm32cube.ide.mcu.externaltools.gnu-tools-for-stm32.13.3.rel1.win32_1.0.0.202411081344/tools/bin/../lib/gcc/arm-none-eabi/13.3.1/../../../../arm-none-eabi/lib/thumb/v7e-m+dp/hard\libc_nano.a(libc_a-impure.o)
                0x20000054                _impure_ptr
 .data._impure_data
                0x20000058       0x4c C:/ST/STM32CubeIDE_1.15.1/STM32CubeIDE/plugins/com.st.stm32cube.ide.mcu.externaltools.gnu-tools-for-stm32.13.3.rel1.win32_1.0.0.202411081344/tools/bin/../lib/gcc/arm-none-eabi/13.3.1/../../../../arm-none-eabi/lib/thumb/v7e-m+dp/hard\libc_nano.a(libc_a-impure.o)
                0x20000058                _impure_data
 *(.RamFunc)
 *(.RamFunc*)
                0x200000a4                        . = ALIGN (0x4)
                0x200000a4                        _edata = .

.igot.plt       0x200000a4        0x0 load address 0x0800da94
 .igot.plt      0x200000a4        0x0 C:/ST/STM32CubeIDE_1.15.1/STM32CubeIDE/plugins/com.st.stm32cube.ide.mcu.externaltools.gnu-tools-for-stm32.13.3.rel1.win32_1.0.0.202411081344/tools/bin/../lib/gcc/arm-none-eabi/13.3.1/thumb/v7e-m+dp/hard/crtbegin.o
                0x200000a4                        . = ALIGN (0x4)

.bss            0x200000a4    0x10c00 load address 0x0800da94
                0x200000a4                        _sbss = .
                0x200000a4                        __bss_start__ = _sbss
 *(.bss)
 .bss           0x200000a4       0x1c C:/ST/STM32CubeIDE_1.15.1/STM32CubeIDE/plugins/com.st.stm32cube.ide.mcu.externaltools.gnu-tools-for-stm32.13.3.rel1.win32_1.0.0.202411081344/tools/bin/../lib/gcc/arm-none-eabi/13.3.1/thumb/v7e-m+dp/hard/crtbegin.o
 *(.bss*)
 .bss.play_buffer
                0x200000c0     0x2000 ./Core/Src/My_Audio.o
                0x200000c0                play_buffer
 .bss.record_buffer
                0x200020c0     0x2000 ./Core/Src/My_Audio.o
                0x200020c0                record_buffer
 .bss.haudio_out_sai
                0x200040c0       0x84 ./Core/Src/My_Audio.o
                0x200040c0                haudio_out_sai
 .bss.haudio_in_sai
                0x20004144       0x84 ./Core/Src/My_Audio.o
                0x20004144                haudio_in_sai
 .bss.audio_rec_buffer_state
                0x200041c8        0x4 ./Core/Src/My_Audio.o
                0x200041c8                audio_rec_buffer_state
 .bss.audio_tx_buffer_state
                0x200041cc        0x4 ./Core/Src/My_Audio.o
                0x200041cc                audio_tx_buffer_state
 .bss.hdma_sai_tx.1
                0x200041d0       0x60 ./Core/Src/My_Audio.o
 .bss.hdma_sai_rx.0
                0x20004230       0x60 ./Core/Src/My_Audio.o
 .bss.xIdleTaskTCBBuffer
                0x20004290       0xa0 ./Core/Src/freertos.o
 .bss.xIdleStack
                0x20004330      0x200 ./Core/Src/freertos.o
 .bss.hdfsdm1_filter0
                0x20004530       0x54 ./Core/Src/main.o
                0x20004530                hdfsdm1_filter0
 .bss.hdfsdm1_channel0
                0x20004584       0x38 ./Core/Src/main.o
                0x20004584                hdfsdm1_channel0
 .bss.hsai_BlockA1
                0x200045bc       0x84 ./Core/Src/main.o
                0x200045bc                hsai_BlockA1
 .bss.hsai_BlockB1
                0x20004640       0x84 ./Core/Src/main.o
                0x20004640                hsai_BlockB1
 .bss.hdma_sai1_a
                0x200046c4       0x60 ./Core/Src/main.o
                0x200046c4                hdma_sai1_a
 .bss.hdma_sai1_b
                0x20004724       0x60 ./Core/Src/main.o
                0x20004724                hdma_sai1_b
 .bss.hsd2      0x20004784       0x84 ./Core/Src/main.o
                0x20004784                hsd2
 .bss.hdma_sdmmc2_rx
                0x20004808       0x60 ./Core/Src/main.o
                0x20004808                hdma_sdmmc2_rx
 .bss.hdma_sdmmc2_tx
                0x20004868       0x60 ./Core/Src/main.o
                0x20004868                hdma_sdmmc2_tx
 .bss.huart1    0x200048c8       0x88 ./Core/Src/main.o
                0x200048c8                huart1
 .bss.SDCardTaskHandle
                0x20004950        0x4 ./Core/Src/main.o
                0x20004950                SDCardTaskHandle
 .bss.GUI_TaskHandle
                0x20004954        0x4 ./Core/Src/main.o
                0x20004954                GUI_TaskHandle
 .bss.Record_TaskHandle
                0x20004958        0x4 ./Core/Src/main.o
                0x20004958                Record_TaskHandle
 .bss.AudioQueueHandle
                0x2000495c        0x4 ./Core/Src/main.o
                0x2000495c                AudioQueueHandle
 .bss.HAL_RCC_DFSDM1_CLK_ENABLED
                0x20004960        0x4 ./Core/Src/stm32f7xx_hal_msp.o
 .bss.DFSDM1_Init
                0x20004964        0x4 ./Core/Src/stm32f7xx_hal_msp.o
 .bss.SAI1_client
                0x20004968        0x4 ./Core/Src/stm32f7xx_hal_msp.o
 .bss.__sbrk_heap_end
                0x2000496c        0x4 ./Core/Src/sysmem.o
 .bss.outputEnabled
                0x20004970        0x4 ./Drivers/BSP/Components/wm8994/wm8994.o
 .bss.inputEnabled
                0x20004974        0x4 ./Drivers/BSP/Components/wm8994/wm8994.o
 .bss.hI2cAudioHandler
                0x20004978       0x54 ./Drivers/BSP/STM32F769I-Discovery/stm32f769i_discovery.o
 .bss.uwTick    0x200049cc        0x4 ./Drivers/STM32F7xx_HAL_Driver/Src/stm32f7xx_hal.o
                0x200049cc                uwTick
 .bss.v_dfsdm1ChannelCounter
                0x200049d0        0x4 ./Drivers/STM32F7xx_HAL_Driver/Src/stm32f7xx_hal_dfsdm.o
                0x200049d0                v_dfsdm1ChannelCounter
 .bss.a_dfsdm1ChannelHandle
                0x200049d4       0x20 ./Drivers/STM32F7xx_HAL_Driver/Src/stm32f7xx_hal_dfsdm.o
                0x200049d4                a_dfsdm1ChannelHandle
 .bss.retSD     0x200049f4        0x1 ./FATFS/App/fatfs.o
                0x200049f4                retSD
 *fill*         0x200049f5        0x3 
 .bss.SDPath    0x200049f8        0x4 ./FATFS/App/fatfs.o
                0x200049f8                SDPath
 .bss.SDQueueID
                0x200049fc        0x4 ./FATFS/Target/sd_diskio.o
 .bss.disk      0x20004a00        0xc ./Middlewares/Third_Party/FatFs/src/ff_gen_drv.o
                0x20004a00                disk
 .bss.pxCurrentTCB
                0x20004a0c        0x4 ./Middlewares/Third_Party/FreeRTOS/Source/tasks.o
                0x20004a0c                pxCurrentTCB
 .bss.pxReadyTasksLists
                0x20004a10       0x8c ./Middlewares/Third_Party/FreeRTOS/Source/tasks.o
 .bss.xDelayedTaskList1
                0x20004a9c       0x14 ./Middlewares/Third_Party/FreeRTOS/Source/tasks.o
 .bss.xDelayedTaskList2
                0x20004ab0       0x14 ./Middlewares/Third_Party/FreeRTOS/Source/tasks.o
 .bss.pxDelayedTaskList
                0x20004ac4        0x4 ./Middlewares/Third_Party/FreeRTOS/Source/tasks.o
 .bss.pxOverflowDelayedTaskList
                0x20004ac8        0x4 ./Middlewares/Third_Party/FreeRTOS/Source/tasks.o
 .bss.xPendingReadyList
                0x20004acc       0x14 ./Middlewares/Third_Party/FreeRTOS/Source/tasks.o
 .bss.xTasksWaitingTermination
                0x20004ae0       0x14 ./Middlewares/Third_Party/FreeRTOS/Source/tasks.o
 .bss.uxDeletedTasksWaitingCleanUp
                0x20004af4        0x4 ./Middlewares/Third_Party/FreeRTOS/Source/tasks.o
 .bss.xSuspendedTaskList
                0x20004af8       0x14 ./Middlewares/Third_Party/FreeRTOS/Source/tasks.o
 .bss.uxCurrentNumberOfTasks
                0x20004b0c        0x4 ./Middlewares/Third_Party/FreeRTOS/Source/tasks.o
 .bss.xTickCount
                0x20004b10        0x4 ./Middlewares/Third_Party/FreeRTOS/Source/tasks.o
 .bss.uxTopReadyPriority
                0x20004b14        0x4 ./Middlewares/Third_Party/FreeRTOS/Source/tasks.o
 .bss.xSchedulerRunning
                0x20004b18        0x4 ./Middlewares/Third_Party/FreeRTOS/Source/tasks.o
 .bss.uxPendedTicks
                0x20004b1c        0x4 ./Middlewares/Third_Party/FreeRTOS/Source/tasks.o
 .bss.xYieldPending
                0x20004b20        0x4 ./Middlewares/Third_Party/FreeRTOS/Source/tasks.o
 .bss.xNumOfOverflows
                0x20004b24        0x4 ./Middlewares/Third_Party/FreeRTOS/Source/tasks.o
 .bss.uxTaskNumber
                0x20004b28        0x4 ./Middlewares/Third_Party/FreeRTOS/Source/tasks.o
 .bss.xNextTaskUnblockTime
                0x20004b2c        0x4 ./Middlewares/Third_Party/FreeRTOS/Source/tasks.o
 .bss.xIdleTaskHandle
                0x20004b30        0x4 ./Middlewares/Third_Party/FreeRTOS/Source/tasks.o
 .bss.uxSchedulerSuspended