Archive member included to satisfy reference by file (symbol)

C:/ST/STM32CubeIDE_1.15.1/STM32CubeIDE/plugins/com.st.stm32cube.ide.mcu.externaltools.gnu-tools-for-stm32.13.3.rel1.win32_1.0.0.202411081344/tools/bin/../lib/gcc/arm-none-eabi/13.3.1/../../../../arm-none-eabi/lib/thumb/v7e-m+dp/hard\libc_nano.a(libc_a-exit.o)
                              C:/ST/STM32CubeIDE_1.15.1/STM32CubeIDE/plugins/com.st.stm32cube.ide.mcu.externaltools.gnu-tools-for-stm32.13.3.rel1.win32_1.0.0.202411081344/tools/bin/../lib/gcc/arm-none-eabi/13.3.1/../../../../arm-none-eabi/lib/thumb/v7e-m+dp/hard/crt0.o (exit)
C:/ST/STM32CubeIDE_1.15.1/STM32CubeIDE/plugins/com.st.stm32cube.ide.mcu.externaltools.gnu-tools-for-stm32.13.3.rel1.win32_1.0.0.202411081344/tools/bin/../lib/gcc/arm-none-eabi/13.3.1/../../../../arm-none-eabi/lib/thumb/v7e-m+dp/hard\libc_nano.a(libc_a-findfp.o)
                              ./Middlewares/Third_Party/FreeRTOS/Source/tasks.o (__sf)
C:/ST/STM32CubeIDE_1.15.1/STM32CubeIDE/plugins/com.st.stm32cube.ide.mcu.externaltools.gnu-tools-for-stm32.13.3.rel1.win32_1.0.0.202411081344/tools/bin/../lib/gcc/arm-none-eabi/13.3.1/../../../../arm-none-eabi/lib/thumb/v7e-m+dp/hard\libc_nano.a(libc_a-fwalk.o)
                              C:/ST/STM32CubeIDE_1.15.1/STM32CubeIDE/plugins/com.st.stm32cube.ide.mcu.externaltools.gnu-tools-for-stm32.13.3.rel1.win32_1.0.0.202411081344/tools/bin/../lib/gcc/arm-none-eabi/13.3.1/../../../../arm-none-eabi/lib/thumb/v7e-m+dp/hard\libc_nano.a(libc_a-findfp.o) (_fwalk_sglue)
C:/ST/STM32CubeIDE_1.15.1/STM32CubeIDE/plugins/com.st.stm32cube.ide.mcu.externaltools.gnu-tools-for-stm32.13.3.rel1.win32_1.0.0.202411081344/tools/bin/../lib/gcc/arm-none-eabi/13.3.1/../../../../arm-none-eabi/lib/thumb/v7e-m+dp/hard\libc_nano.a(libc_a-puts.o)
                              ./Core/Src/My_Audio.o (puts)
C:/ST/STM32CubeIDE_1.15.1/STM32CubeIDE/plugins/com.st.stm32cube.ide.mcu.externaltools.gnu-tools-for-stm32.13.3.rel1.win32_1.0.0.202411081344/tools/bin/../lib/gcc/arm-none-eabi/13.3.1/../../../../arm-none-eabi/lib/thumb/v7e-m+dp/hard\libc_nano.a(libc_a-sprintf.o)
                              ./Core/Src/My_SdCard.o (sprintf)
C:/ST/STM32CubeIDE_1.15.1/STM32CubeIDE/plugins/com.st.stm32cube.ide.mcu.externaltools.gnu-tools-for-stm32.13.3.rel1.win32_1.0.0.202411081344/tools/bin/../lib/gcc/arm-none-eabi/13.3.1/../../../../arm-none-eabi/lib/thumb/v7e-m+dp/hard\libc_nano.a(libc_a-stdio.o)
                              C:/ST/STM32CubeIDE_1.15.1/STM32CubeIDE/plugins/com.st.stm32cube.ide.mcu.externaltools.gnu-tools-for-stm32.13.3.rel1.win32_1.0.0.202411081344/tools/bin/../lib/gcc/arm-none-eabi/13.3.1/../../../../arm-none-eabi/lib/thumb/v7e-m+dp/hard\libc_nano.a(libc_a-findfp.o) (__sread)
C:/ST/STM32CubeIDE_1.15.1/STM32CubeIDE/plugins/com.st.stm32cube.ide.mcu.externaltools.gnu-tools-for-stm32.13.3.rel1.win32_1.0.0.202411081344/tools/bin/../lib/gcc/arm-none-eabi/13.3.1/../../../../arm-none-eabi/lib/thumb/v7e-m+dp/hard\libc_nano.a(libc_a-wbuf.o)
                              C:/ST/STM32CubeIDE_1.15.1/STM32CubeIDE/plugins/com.st.stm32cube.ide.mcu.externaltools.gnu-tools-for-stm32.13.3.rel1.win32_1.0.0.202411081344/tools/bin/../lib/gcc/arm-none-eabi/13.3.1/../../../../arm-none-eabi/lib/thumb/v7e-m+dp/hard\libc_nano.a(libc_a-puts.o) (__swbuf_r)
C:/ST/STM32CubeIDE_1.15.1/STM32CubeIDE/plugins/com.st.stm32cube.ide.mcu.externaltools.gnu-tools-for-stm32.13.3.rel1.win32_1.0.0.202411081344/tools/bin/../lib/gcc/arm-none-eabi/13.3.1/../../../../arm-none-eabi/lib/thumb/v7e-m+dp/hard\libc_nano.a(libc_a-wsetup.o)
                              C:/ST/STM32CubeIDE_1.15.1/STM32CubeIDE/plugins/com.st.stm32cube.ide.mcu.externaltools.gnu-tools-for-stm32.13.3.rel1.win32_1.0.0.202411081344/tools/bin/../lib/gcc/arm-none-eabi/13.3.1/../../../../arm-none-eabi/lib/thumb/v7e-m+dp/hard\libc_nano.a(libc_a-puts.o) (__swsetup_r)
C:/ST/STM32CubeIDE_1.15.1/STM32CubeIDE/plugins/com.st.stm32cube.ide.mcu.externaltools.gnu-tools-for-stm32.13.3.rel1.win32_1.0.0.202411081344/tools/bin/../lib/gcc/arm-none-eabi/13.3.1/../../../../arm-none-eabi/lib/thumb/v7e-m+dp/hard\libc_nano.a(libc_a-memset.o)
                              C:/ST/STM32CubeIDE_1.15.1/STM32CubeIDE/plugins/com.st.stm32cube.ide.mcu.externaltools.gnu-tools-for-stm32.13.3.rel1.win32_1.0.0.202411081344/tools/bin/../lib/gcc/arm-none-eabi/13.3.1/../../../../arm-none-eabi/lib/thumb/v7e-m+dp/hard/crt0.o (memset)
C:/ST/STM32CubeIDE_1.15.1/STM32CubeIDE/plugins/com.st.stm32cube.ide.mcu.externaltools.gnu-tools-for-stm32.13.3.rel1.win32_1.0.0.202411081344/tools/bin/../lib/gcc/arm-none-eabi/13.3.1/../../../../arm-none-eabi/lib/thumb/v7e-m+dp/hard\libc_nano.a(libc_a-closer.o)
                              C:/ST/STM32CubeIDE_1.15.1/STM32CubeIDE/plugins/com.st.stm32cube.ide.mcu.externaltools.gnu-tools-for-stm32.13.3.rel1.win32_1.0.0.202411081344/tools/bin/../lib/gcc/arm-none-eabi/13.3.1/../../../../arm-none-eabi/lib/thumb/v7e-m+dp/hard\libc_nano.a(libc_a-stdio.o) (_close_r)
[...]
Memory Configuration

Name             Origin             Length             Attributes
RAM              0x20000000         0x00080000         xrw
FLASH            0x08000000         0x00200000         xr
SDRAM            0xc0000000         0x00800000         xrw
*default*        0x00000000         0xffffffff

Linker script and memory map

LOAD C:/ST/STM32CubeIDE_1.15.1/STM32CubeIDE/plugins/com.st.stm32cube.ide.mcu.externaltools.gnu-tools-for-stm32.13.3.rel1.win32_1.0.0.202411081344/tools/bin/../lib/gcc/arm-none-eabi/13.3.1/thumb/v7e-m+dp/hard/crti.o
LOAD C:/ST/STM32CubeIDE_1.15.1/STM32CubeIDE/plugins/com.st.stm32cube.ide.mcu.externaltools.gnu-tools-for-stm32.13.3.rel1.win32_1.0.0.202411081344/tools/bin/../lib/gcc/arm-none-eabi/13.3.1/thumb/v7e-m+dp/hard/crtbegin.o
LOAD C:/ST/STM32CubeIDE_1.15.1/STM32CubeIDE/plugins/com.st.stm32cube.ide.mcu.externaltools.gnu-tools-for-stm32.13.3.rel1.win32_1.0.0.202411081344/tools/bin/../lib/gcc/arm-none-eabi/13.3.1/../../../../arm-none-eabi/lib/thumb/v7e-m+dp/hard/crt0.o
LOAD ./Core/Src/My_Audio.o
LOAD ./Core/Src/My_SdCard.o
LOAD ./Core/Src/dfsdm.o
LOAD ./Core/Src/freertos.o
LOAD ./Core/Src/main.o
LOAD ./Core/Src/stm32f7xx_hal_msp.o
LOAD ./Core/Src/stm32f7xx_it.o
LOAD ./Core/Src/syscalls.o
LOAD ./Core/Src/sysmem.o
LOAD ./Core/Src/system_stm32f7xx.o
LOAD ./Core/Startup/startup_stm32f769nihx.o
LOAD ./Drivers/BSP/Components/wm8994/wm8994.o
LOAD ./Drivers/BSP/STM32F769I-Discovery/stm32f769i_discovery.o
LOAD ./Drivers/STM32F7xx_HAL_Driver/Src/stm32f7xx_hal.o
LOAD ./Drivers/STM32F7xx_HAL_Driver/Src/stm32f7xx_hal_cortex.o
LOAD ./Drivers/STM32F7xx_HAL_Driver/Src/stm32f7xx_hal_dfsdm.o
LOAD ./Drivers/STM32F7xx_HAL_Driver/Src/stm32f7xx_hal_dma.o
LOAD ./Drivers/STM32F7xx_HAL_Driver/Src/stm32f7xx_hal_dma_ex.o
LOAD ./Drivers/STM32F7xx_HAL_Driver/Src/stm32f7xx_hal_exti.o
LOAD ./Drivers/STM32F7xx_HAL_Driver/Src/stm32f7xx_hal_flash.o
LOAD ./Drivers/STM32F7xx_HAL_Driver/Src/stm32f7xx_hal_flash_ex.o
LOAD ./Drivers/STM32F7xx_HAL_Driver/Src/stm32f7xx_hal_gpio.o
LOAD ./Drivers/STM32F7xx_HAL_Driver/Src/stm32f7xx_hal_i2c.o
LOAD ./Drivers/STM32F7xx_HAL_Driver/Src/stm32f7xx_hal_i2c_ex.o
LOAD ./Drivers/STM32F7xx_HAL_Driver/Src/stm32f7xx_hal_mmc.o
LOAD ./Drivers/STM32F7xx_HAL_Driver/Src/stm32f7xx_hal_pwr.o
LOAD ./Drivers/STM32F7xx_HAL_Driver/Src/stm32f7xx_hal_pwr_ex.o
LOAD ./Drivers/STM32F7xx_HAL_Driver/Src/stm32f7xx_hal_rcc.o
LOAD ./Drivers/STM32F7xx_HAL_Driver/Src/stm32f7xx_hal_rcc_ex.o
LOAD ./Drivers/STM32F7xx_HAL_Driver/Src/stm32f7xx_hal_sai.o
LOAD ./Drivers/STM32F7xx_HAL_Driver/Src/stm32f7xx_hal_sai_ex.o
LOAD ./Drivers/STM32F7xx_HAL_Driver/Src/stm32f7xx_hal_sd.o
LOAD ./Drivers/STM32F7xx_HAL_Driver/Src/stm32f7xx_hal_uart.o
LOAD ./Drivers/STM32F7xx_HAL_Driver/Src/stm32f7xx_hal_uart_ex.o
LOAD ./Drivers/STM32F7xx_HAL_Driver/Src/stm32f7xx_ll_sdmmc.o
LOAD ./FATFS/App/fatfs.o
LOAD ./FATFS/Target/bsp_driver_sd.o
LOAD ./FATFS/Target/fatfs_platform.o
LOAD ./FATFS/Target/sd_diskio.o
LOAD ./Middlewares/Third_Party/FatFs/src/diskio.o
LOAD ./Middlewares/Third_Party/FatFs/src/ff.o
LOAD ./Middlewares/Third_Party/FatFs/src/ff_gen_drv.o
LOAD ./Middlewares/Third_Party/FatFs/src/option/syscall.o
LOAD ./Middlewares/Third_Party/FreeRTOS/Source/CMSIS_RTOS/cmsis_os.o
LOAD ./Middlewares/Third_Party/FreeRTOS/Source/croutine.o
LOAD ./Middlewares/Third_Party/FreeRTOS/Source/event_groups.o
LOAD ./Middlewares/Third_Party/FreeRTOS/Source/list.o
LOAD ./Middlewares/Third_Party/FreeRTOS/Source/queue.o
LOAD ./Middlewares/Third_Party/FreeRTOS/Source/stream_buffer.o
LOAD ./Middlewares/Third_Party/FreeRTOS/Source/tasks.o
LOAD ./Middlewares/Third_Party/FreeRTOS/Source/timers.o
LOAD ./Middlewares/Third_Party/FreeRTOS/Source/portable/GCC/ARM_CM7/r0p1/port.o
LOAD ./Middlewares/Third_Party/FreeRTOS/Source/portable/MemMang/heap_4.o
START GROUP
LOAD C:/ST/STM32CubeIDE_1.15.1/STM32CubeIDE/plugins/com.st.stm32cube.ide.mcu.externaltools.gnu-tools-for-stm32.13.3.rel1.win32_1.0.0.202411081344/tools/bin/../lib/gcc/arm-none-eabi/13.3.1/../../../../arm-none-eabi/lib/thumb/v7e-m+dp/hard\libc_nano.a
LOAD C:/ST/STM32CubeIDE_1.15.1/STM32CubeIDE/plugins/com.st.stm32cube.ide.mcu.externaltools.gnu-tools-for-stm32.13.3.rel1.win32_1.0.0.202411081344/tools/bin/../lib/gcc/arm-none-eabi/13.3.1/../../../../arm-none-eabi/lib/thumb/v7e-m+dp/hard\libm.a
END GROUP
START GROUP
LOAD C:/ST/STM32CubeIDE_1.15.1/STM32CubeIDE/plugins/com.st.stm32cube.ide.mcu.externaltools.gnu-tools-for-stm32.13.3.rel1.win32_1.0.0.202411081344/tools/bin/../lib/gcc/arm-none-eabi/13.3.1/thumb/v7e-m+dp/hard\libgcc.a
LOAD C:/ST/STM32CubeIDE_1.15.1/STM32CubeIDE/plugins/com.st.stm32cube.ide.mcu.externaltools.gnu-tools-for-stm32.13.3.rel1.win32_1.0.0.202411081344/tools/bin/../lib/gcc/arm-none-eabi/13.3.1/../../../../arm-none-eabi/lib/thumb/v7e-m+dp/hard\libc_nano.a
END GROUP
START GROUP
LOAD C:/ST/STM32CubeIDE_1.15.1/STM32CubeIDE/plugins/com.st.stm32cube.ide.mcu.externaltools.gnu-tools-for-stm32.13.3.rel1.win32_1.0.0.202411081344/tools/bin/../lib/gcc/arm-none-eabi/13.3.1/thumb/v7e-m+dp/hard\libgcc.a
LOAD C:/ST/STM32CubeIDE_1.15.1/STM32CubeIDE/plugins/com.st.stm32cube.ide.mcu.externaltools.gnu-tools-for-stm32.13.3.rel1.win32_1.0.0.202411081344/tools/bin/../lib/gcc/arm-none-eabi/13.3.1/../../../../arm-none-eabi/lib/thumb/v7e-m+dp/hard\libc_nano.a
LOAD C:/ST/STM32CubeIDE_1.15.1/STM32CubeIDE/plugins/com.st.stm32cube.ide.mcu.externaltools.gnu-tools-for-stm32.13.3.rel1.win32_1.0.0.202411081344/tools/bin/../lib/gcc/arm-none-eabi/13.3.1/../../../../arm-none-eabi/lib/thumb/v7e-m+dp/hard\libnosys.a
END GROUP
START GROUP
LOAD C:/ST/STM32CubeIDE_1.15.1/STM32CubeIDE/plugins/com.st.stm32cube.ide.mcu.externaltools.gnu-tools-for-stm32.13.3.rel1.win32_1.0.0.202411081344/tools/bin/../lib/gcc/arm-none-eabi/13.3.1/thumb/v7e-m+dp/hard\libgcc.a
LOAD C:/ST/STM32CubeIDE_1.15.1/STM32CubeIDE/plugins/com.st.stm32cube.ide.mcu.externaltools.gnu-tools-for-stm32.13.3.rel1.win32_1.0.0.202411081344/tools/bin/../lib/gcc/arm-none-eabi/13.3.1/../../../../arm-none-eabi/lib/thumb/v7e-m+dp/hard\libc_nano.a
LOAD C:/ST/STM32CubeIDE_1.15.1/STM32CubeIDE/plugins/com.st.stm32cube.ide.mcu.externaltools.gnu-tools-for-stm32.13.3.rel1.win32_1.0.0.202411081344/tools/bin/../lib/gcc/arm-none-eabi/13.3.1/../../../../arm-none-eabi/lib/thumb/v7e-m+dp/hard\libnosys.a
END GROUP
LOAD C:/ST/STM32CubeIDE_1.15.1/STM32CubeIDE/plugins/com.st.stm32cube.ide.mcu.externaltools.gnu-tools-for-stm32.13.3.rel1.win32_1.0.0.202411081344/tools/bin/../lib/gcc/arm-none-eabi/13.3.1/thumb/v7e-m+dp/hard/crtend.o
LOAD C:/ST/STM32CubeIDE_1.15.1/STM32CubeIDE/plugins/com.st.stm32cube.ide.mcu.externaltools.gnu-tools-for-stm32.13.3.rel1.win32_1.0.0.202411081344/tools/bin/../lib/gcc/arm-none-eabi/13.3.1/thumb/v7e-m+dp/hard/crtn.o
                0x20080000                        _estack = (ORIGIN (RAM) + LENGTH (RAM))
                0x00000400                        _Min_Heap_Size = 0x400
                0x00000800                        _Min_Stack_Size = 0x800

.isr_vector     0x08000000      0x1f8
                0x08000000                        . = ALIGN (0x4)
 *(.isr_vector)
 .isr_vector    0x08000000      0x1f8 ./Core/Startup/startup_stm32f769nihx.o
                0x08000000                g_pfnVectors
                0x080001f8                        . = ALIGN (0x4)

.text           0x08000200    0x11210
                0x08000200                        . = ALIGN (0x4)
 *(.text)
 .text          0x08000200       0x40 C:/ST/STM32CubeIDE_1.15.1/STM32CubeIDE/plugins/com.st.stm32cube.ide.mcu.externaltools.gnu-tools-for-stm32.13.3.rel1.win32_1.0.0.202411081344/tools/bin/../lib/gcc/arm-none-eabi/13.3.1/thumb/v7e-m+dp/hard/crtbegin.o
 .text          0x08000240       0xa0 C:/ST/STM32CubeIDE_1.15.1/STM32CubeIDE/plugins/com.st.stm32cube.ide.mcu.externaltools.gnu-tools-for-stm32.13.3.rel1.win32_1.0.0.202411081344/tools/bin/../lib/gcc/arm-none-eabi/13.3.1/../../../../arm-none-eabi/lib/thumb/v7e-m+dp/hard\libc_nano.a(libc_a-memchr.o)
                0x08000240                memchr
 .text          0x080002e0       0x30 C:/ST/STM32CubeIDE_1.15.1/STM32CubeIDE/plugins/com.st.stm32cube.ide.mcu.externaltools.gnu-tools-for-stm32.13.3.rel1.win32_1.0.0.202411081344/tools/bin/../lib/gcc/arm-none-eabi/13.3.1/thumb/v7e-m+dp/hard\libgcc.a(_aeabi_uldivmod.o)
                0x080002e0                __aeabi_uldivmod
 .text          0x08000310      0x2f8 C:/ST/STM32CubeIDE_1.15.1/STM32CubeIDE/plugins/com.st.stm32cube.ide.mcu.externaltools.gnu-tools-for-stm32.13.3.rel1.win32_1.0.0.202411081344/tools/bin/../lib/gcc/arm-none-eabi/13.3.1/thumb/v7e-m+dp/hard\libgcc.a(_udivmoddi4.o)
                0x08000310                __udivmoddi4
 .text          0x08000608        0x4 C:/ST/STM32CubeIDE_1.15.1/STM32CubeIDE/plugins/com.st.stm32cube.ide.mcu.externaltools.gnu-tools-for-stm32.13.3.rel1.win32_1.0.0.202411081344/tools/bin/../lib/gcc/arm-none-eabi/13.3.1/thumb/v7e-m+dp/hard\libgcc.a(_dvmd_tls.o)
                0x08000608                __aeabi_idiv0
                0x08000608                __aeabi_ldiv0
 *(.text*)
 .text.SAIx_Out_Init
                0x0800060c       0xdc ./Core/Src/My_Audio.o
 .text.SAIx_In_Init
                0x080006e8       0xd8 ./Core/Src/My_Audio.o
 .text.SAIx_In_DeInit
                0x080007c0       0x2c ./Core/Src/My_Audio.o
 .text.SAIx_Out_DeInit
                0x080007ec       0x2c ./Core/Src/My_Audio.o
 .text.SAI_Clock_Configuration
                0x08000818       0xd4 ./Core/Src/My_Audio.o
                0x08000818                SAI_Clock_Configuration
 .text.Sai_Out_MspInit
                0x080008ec      0x144 ./Core/Src/My_Audio.o
                0x080008ec                Sai_Out_MspInit
 .text.Sai_In_MspInit
                0x08000a30      0x164 ./Core/Src/My_Audio.o
                0x08000a30                Sai_In_MspInit
 .text.CodekInit
                0x08000b94       0x2a ./Core/Src/My_Audio.o
                0x08000b94                CodekInit
 *fill*         0x08000bbe        0x2 
 .text.AudioInit
                0x08000bc0       0x70 ./Core/Src/My_Audio.o
                0x08000bc0                AudioInit
 .text.StartRecordTask
                0x08000c30      0x1c0 ./Core/Src/My_Audio.o
                0x08000c30                StartRecordTask
 .text.StartSDCardTask
                0x08000df0      0x130 ./Core/Src/My_SdCard.o
                0x08000df0                StartSDCardTask
 .text.GenerateNextFilename
                0x08000f20       0x54 ./Core/Src/My_SdCard.o
                0x08000f20                GenerateNextFilename
 .text.FillWavHeader
                0x08000f74       0xd4 ./Core/Src/My_SdCard.o
                0x08000f74                FillWavHeader
 .text.UpdateWavHeader
                0x08001048       0x94 ./Core/Src/My_SdCard.o
                0x08001048                UpdateWavHeader
 .text.vApplicationGetIdleTaskMemory
                0x080010dc       0x34 ./Core/Src/freertos.o
                0x080010dc                vApplicationGetIdleTaskMemory
 .text.main     0x08001110      0x114 ./Core/Src/main.o
                0x08001110                main
 .text.SystemClock_Config
                0x08001224       0xe0 ./Core/Src/main.o
                0x08001224                SystemClock_Config
 .text.PeriphCommonClock_Config
                0x08001304       0x4e ./Core/Src/main.o
                0x08001304                PeriphCommonClock_Config
 *fill*         0x08001352        0x2 
 .text.MX_DFSDM1_Init
                0x08001354       0xb0 ./Core/Src/main.o
 .text.MX_SAI1_Init
                0x08001404      0x184 ./Core/Src/main.o
 .text.MX_SDMMC2_SD_Init
                0x08001588       0x40 ./Core/Src/main.o
 .text.MX_USART1_UART_Init
                0x080015c8       0x60 ./Core/Src/main.o
 .text.MX_DMA_Init
                0x08001628       0x6c ./Core/Src/main.o
 .text.MX_GPIO_Init
                0x08001694      0x148 ./Core/Src/main.o
 .text.HAL_SAI_TxHalfCpltCallback
                0x080017dc       0x20 ./Core/Src/main.o
                0x080017dc                HAL_SAI_TxHalfCpltCallback
 .text.HAL_SAI_TxCpltCallback
                0x080017fc       0x20 ./Core/Src/main.o
                0x080017fc                HAL_SAI_TxCpltCallback
 .text.HAL_SAI_RxCpltCallback
                0x0800181c       0x14 ./Core/Src/main.o
                0x0800181c                HAL_SAI_RxCpltCallback
 .text.HAL_SAI_RxHalfCpltCallback
                0x08001830       0x14 ./Core/Src/main.o
                0x08001830                HAL_SAI_RxHalfCpltCallback
 .text.BSP_AUDIO_IN_TransferComplete_CallBack
                0x08001844       0x48 ./Core/Src/main.o
                0x08001844                BSP_AUDIO_IN_TransferComplete_CallBack
 .text.BSP_AUDIO_IN_HalfTransfer_CallBack
                0x0800188c       0x48 ./Core/Src/main.o
                0x0800188c                BSP_AUDIO_IN_HalfTransfer_CallBack
 .text.StartGUI_Task
                0x080018d4       0x38 ./Core/Src/main.o
                0x080018d4                StartGUI_Task
 .text.Error_Handler
                0x0800190c       0x24 ./Core/Src/main.o
                0x0800190c                Error_Handler
 .text.HAL_MspInit
                0x08001930       0x50 ./Core/Src/stm32f7xx_hal_msp.o
                0x08001930                HAL_MspInit
 .text.HAL_DFSDM_FilterMspInit
                0x08001980       0xec ./Core/Src/stm32f7xx_hal_msp.o
                0x08001980                HAL_DFSDM_FilterMspInit
 .text.HAL_DFSDM_ChannelMspInit
                0x08001a6c       0xdc ./Core/Src/stm32f7xx_hal_msp.o
                0x08001a6c                HAL_DFSDM_ChannelMspInit
 .text.HAL_SD_MspInit
                0x08001b48      0x21c ./Core/Src/stm32f7xx_hal_msp.o
                0x08001b48                HAL_SD_MspInit
 .text.HAL_UART_MspInit
                0x08001d64       0xbc ./Core/Src/stm32f7xx_hal_msp.o
                0x08001d64                HAL_UART_MspInit
 .text.HAL_SAI_MspInit
                0x08001e20      0x1f0 ./Core/Src/stm32f7xx_hal_msp.o
                0x08001e20                HAL_SAI_MspInit
 .text.HAL_SAI_MspDeInit
                0x08002010       0xb8 ./Core/Src/stm32f7xx_hal_msp.o
                0x08002010                HAL_SAI_MspDeInit
 .text.NMI_Handler
                0x080020c8        0x8 ./Core/Src/stm32f7xx_it.o
                0x080020c8                NMI_Handler
 .text.HardFault_Handler
                0x080020d0        0x8 ./Core/Src/stm32f7xx_it.o
                0x080020d0                HardFault_Handler
 .text.MemManage_Handler
                0x080020d8        0x8 ./Core/Src/stm32f7xx_it.o
                0x080020d8                MemManage_Handler
 .text.BusFault_Handler
                0x080020e0        0x8 ./Core/Src/stm32f7xx_it.o
                0x080020e0                BusFault_Handler
 .text.UsageFault_Handler
                0x080020e8        0x8 ./Core/Src/stm32f7xx_it.o
                0x080020e8                UsageFault_Handler
 .text.DebugMon_Handler
                0x080020f0        0xe ./Core/Src/stm32f7xx_it.o
                0x080020f0                DebugMon_Handler
 .text.SysTick_Handler
                0x080020fe       0x1a ./Core/Src/stm32f7xx_it.o
                0x080020fe                SysTick_Handler
 .text.DMA2_Stream0_IRQHandler
                0x08002118       0x14 ./Core/Src/stm32f7xx_it.o
                0x08002118                DMA2_Stream0_IRQHandler
 .text.DMA2_Stream1_IRQHandler
                0x0800212c       0x14 ./Core/Src/stm32f7xx_it.o
                0x0800212c                DMA2_Stream1_IRQHandler
 .text.DMA2_Stream4_IRQHandler
                0x08002140       0x14 ./Core/Src/stm32f7xx_it.o
                0x08002140                DMA2_Stream4_IRQHandler
 .text.DMA2_Stream5_IRQHandler
                0x08002154       0x14 ./Core/Src/stm32f7xx_it.o
                0x08002154                DMA2_Stream5_IRQHandler
 .text.DFSDM1_FLT0_IRQHandler
                0x08002168       0x14 ./Core/Src/stm32f7xx_it.o
                0x08002168                DFSDM1_FLT0_IRQHandler
 .text.SDMMC2_IRQHandler
                0x0800217c       0x14 ./Core/Src/stm32f7xx_it.o
                0x0800217c                SDMMC2_IRQHandler
 .text._sbrk    0x08002190       0x6c ./Core/Src/sysmem.o
                0x08002190                _sbrk
 .text.SystemInit
                0x080021fc       0x24 ./Core/Src/system_stm32f7xx.o
                0x080021fc                SystemInit
 .text.Reset_Handler
                0x08002220       0x50 ./Core/Startup/startup_stm32f769nihx.o
                0x08002220                Reset_Handler
 .text.Default_Handler
                0x08002270        0x2 ./Core/Startup/startup_stm32f769nihx.o
                0x08002270                RTC_Alarm_IRQHandler
                0x08002270                EXTI2_IRQHandler
                0x08002270                TIM8_CC_IRQHandler
                0x08002270                UART8_IRQHandler
                0x08002270                SPI4_IRQHandler
                0x08002270                TIM1_CC_IRQHandler
                0x08002270                JPEG_IRQHandler
                0x08002270                DMA1_Stream5_IRQHandler
                0x08002270                CAN3_RX1_IRQHandler
                0x08002270                PVD_IRQHandler
                0x08002270                TAMP_STAMP_IRQHandler
                0x08002270                CAN2_RX1_IRQHandler
                0x08002270                EXTI3_IRQHandler
                0x08002270                TIM8_TRG_COM_TIM14_IRQHandler
                0x08002270                DFSDM1_FLT1_IRQHandler
                0x08002270                TIM1_UP_TIM10_IRQHandler
                0x08002270                TIM8_UP_TIM13_IRQHandler
                0x08002270                I2C3_ER_IRQHandler
                0x08002270                DFSDM1_FLT2_IRQHandler
                0x08002270                EXTI0_IRQHandler
                0x08002270                I2C2_EV_IRQHandler
                0x08002270                DMA1_Stream2_IRQHandler
                0x08002270                CAN1_RX0_IRQHandler
                0x08002270                FPU_IRQHandler
                0x08002270                OTG_HS_WKUP_IRQHandler
                0x08002270                CAN3_SCE_IRQHandler
                0x08002270                LTDC_ER_IRQHandler
                0x08002270                CAN2_SCE_IRQHandler
                0x08002270                DMA2_Stream2_IRQHandler
                0x08002270                SPI1_IRQHandler
                0x08002270                TIM6_DAC_IRQHandler
                0x08002270                TIM1_BRK_TIM9_IRQHandler
                0x08002270                DCMI_IRQHandler
                0x08002270                CAN2_RX0_IRQHandler
                0x08002270                DMA2_Stream3_IRQHandler
                0x08002270                SAI2_IRQHandler
                0x08002270                DFSDM1_FLT3_IRQHandler
                0x08002270                USART6_IRQHandler
                0x08002270                CAN3_RX0_IRQHandler
                0x08002270                USART3_IRQHandler
                0x08002270                CAN1_RX1_IRQHandler
                0x08002270                UART5_IRQHandler
                0x08002270                TIM4_IRQHandler
                0x08002270                QUADSPI_IRQHandler
                0x08002270                I2C1_EV_IRQHandler
                0x08002270                DMA1_Stream6_IRQHandler
                0x08002270                DMA1_Stream1_IRQHandler
                0x08002270                UART4_IRQHandler
                0x08002270                TIM3_IRQHandler
                0x08002270                RCC_IRQHandler
                0x08002270                TIM8_BRK_TIM12_IRQHandler
                0x08002270                Default_Handler
                0x08002270                CEC_IRQHandler
                0x08002270                EXTI15_10_IRQHandler
                0x08002270                ADC_IRQHandler
                0x08002270                DMA1_Stream7_IRQHandler
                0x08002270                SPI5_IRQHandler
                0x08002270                TIM7_IRQHandler
                0x08002270                SDMMC1_IRQHandler
                0x08002270                CAN2_TX_IRQHandler
                0x08002270                TIM5_IRQHandler
                0x08002270                DMA2_Stream7_IRQHandler
                0x08002270                I2C3_EV_IRQHandler
                0x08002270                EXTI9_5_IRQHandler
                0x08002270                RTC_WKUP_IRQHandler
                0x08002270                LTDC_IRQHandler
                0x08002270                ETH_WKUP_IRQHandler
                0x08002270                SPDIF_RX_IRQHandler
                0x08002270                SPI2_IRQHandler
                0x08002270                OTG_HS_EP1_IN_IRQHandler
                0x08002270                DMA1_Stream0_IRQHandler
                0x08002270                CAN1_TX_IRQHandler
                0x08002270                EXTI4_IRQHandler
                0x08002270                RNG_IRQHandler
                0x08002270                DSI_IRQHandler
                0x08002270                ETH_IRQHandler
                0x08002270                OTG_HS_EP1_OUT_IRQHandler
                0x08002270                WWDG_IRQHandler
                0x08002270                SPI6_IRQHandler
                0x08002270                MDIOS_IRQHandler
                0x08002270                I2C4_EV_IRQHandler
                0x08002270                CAN3_TX_IRQHandler
                0x08002270                TIM2_IRQHandler
                0x08002270                OTG_FS_WKUP_IRQHandler
                0x08002270                TIM1_TRG_COM_TIM11_IRQHandler
                0x08002270                OTG_HS_IRQHandler
                0x08002270                DMA2D_IRQHandler
                0x08002270                EXTI1_IRQHandler
                0x08002270                UART7_IRQHandler
                0x08002270                USART2_IRQHandler
                0x08002270                I2C2_ER_IRQHandler
                0x08002270                CAN1_SCE_IRQHandler
                0x08002270                FLASH_IRQHandler
                0x08002270                USART1_IRQHandler
                0x08002270                OTG_FS_IRQHandler
                0x08002270                SPI3_IRQHandler
                0x08002270                DMA1_Stream4_IRQHandler
                0x08002270                I2C1_ER_IRQHandler
                0x08002270                FMC_IRQHandler
                0x08002270                LPTIM1_IRQHandler
                0x08002270                I2C4_ER_IRQHandler
                0x08002270                DMA2_Stream6_IRQHandler
                0x08002270                SAI1_IRQHandler
                0x08002270                DMA1_Stream3_IRQHandler
 *fill*         0x08002272        0x2 
 .text.wm8994_Init
                0x08002274      0xcc8 ./Drivers/BSP/Components/wm8994/wm8994.o
                0x08002274                wm8994_Init
 .text.wm8994_DeInit
                0x08002f3c        0xc ./Drivers/BSP/Components/wm8994/wm8994.o
                0x08002f3c                wm8994_DeInit
 .text.wm8994_ReadID
                0x08002f48       0x24 ./Drivers/BSP/Components/wm8994/wm8994.o
                0x08002f48                wm8994_ReadID
 .text.wm8994_Play
                0x08002f6c       0x30 ./Drivers/BSP/Components/wm8994/wm8994.o
                0x08002f6c                wm8994_Play
 .text.wm8994_Pause
                0x08002f9c       0x42 ./Drivers/BSP/Components/wm8994/wm8994.o
                0x08002f9c                wm8994_Pause
 .text.wm8994_Resume
                0x08002fde       0x2a ./Drivers/BSP/Components/wm8994/wm8994.o
                0x08002fde                wm8994_Resume
 .text.wm8994_Stop
                0x08003008       0xdc ./Drivers/BSP/Components/wm8994/wm8994.o
                0x08003008                wm8994_Stop
 .text.wm8994_SetVolume
                0x080030e4      0x248 ./Drivers/BSP/Components/wm8994/wm8994.o
                0x080030e4                wm8994_SetVolume
 .text.wm8994_SetMute
                0x0800332c       0x9c ./Drivers/BSP/Components/wm8994/wm8994.o
                0x0800332c                wm8994_SetMute
 .text.wm8994_SetOutputMode
                0x080033c8      0x246 ./Drivers/BSP/Components/wm8994/wm8994.o
                0x080033c8                wm8994_SetOutputMode
 *fill*         0x0800360e        0x2 
 .text.wm8994_SetFrequency
                0x08003610      0x174 ./Drivers/BSP/Components/wm8994/wm8994.o
                0x08003610                wm8994_SetFrequency
 .text.wm8994_Reset
                0x08003784       0x40 ./Drivers/BSP/Components/wm8994/wm8994.o
                0x08003784                wm8994_Reset
 .text.CODEC_IO_Write
                0x080037c4       0x2e ./Drivers/BSP/Components/wm8994/wm8994.o
 *fill*         0x080037f2        0x2 
 .text.I2Cx_MspInit
                0x080037f4      0x17c ./Drivers/BSP/STM32F769I-Discovery/stm32f769i_discovery.o
 .text.I2Cx_Init
                0x08003970       0x78 ./Drivers/BSP/STM32F769I-Discovery/stm32f769i_discovery.o
 .text.I2Cx_ReadMultiple
                0x080039e8       0x5a ./Drivers/BSP/STM32F769I-Discovery/stm32f769i_discovery.o
 .text.I2Cx_WriteMultiple
                0x08003a42       0x5a ./Drivers/BSP/STM32F769I-Discovery/stm32f769i_discovery.o
 .text.I2Cx_Error
                0x08003a9c       0x20 ./Drivers/BSP/STM32F769I-Discovery/stm32f769i_discovery.o
 .text.AUDIO_IO_Init
                0x08003abc       0x14 ./Drivers/BSP/STM32F769I-Discovery/stm32f769i_discovery.o
                0x08003abc                AUDIO_IO_Init
 .text.AUDIO_IO_DeInit
                0x08003ad0        0xe ./Drivers/BSP/STM32F769I-Discovery/stm32f769i_discovery.o
                0x08003ad0                AUDIO_IO_DeInit
 *fill*         0x08003ade        0x2 
 .text.AUDIO_IO_Write
                0x08003ae0       0x54 ./Drivers/BSP/STM32F769I-Discovery/stm32f769i_discovery.o
                0x08003ae0                AUDIO_IO_Write
 .text.AUDIO_IO_Read
                0x08003b34       0x58 ./Drivers/BSP/STM32F769I-Discovery/stm32f769i_discovery.o
                0x08003b34                AUDIO_IO_Read
 .text.AUDIO_IO_Delay
                0x08003b8c       0x16 ./Drivers/BSP/STM32F769I-Discovery/stm32f769i_discovery.o
                0x08003b8c                AUDIO_IO_Delay
 .text.HAL_Init
                0x08003ba2       0x1a ./Drivers/STM32F7xx_HAL_Driver/Src/stm32f7xx_hal.o
                0x08003ba2                HAL_Init
 .text.HAL_InitTick
                0x08003bbc       0x60 ./Drivers/STM32F7xx_HAL_Driver/Src/stm32f7xx_hal.o
                0x08003bbc                HAL_InitTick
 .text.HAL_IncTick
                0x08003c1c       0x28 ./Drivers/STM32F7xx_HAL_Driver/Src/stm32f7xx_hal.o
                0x08003c1c                HAL_IncTick
 .text.HAL_GetTick
                0x08003c44       0x18 ./Drivers/STM32F7xx_HAL_Driver/Src/stm32f7xx_hal.o
                0x08003c44                HAL_GetTick
 .text.HAL_Delay
                0x08003c5c       0x48 ./Drivers/STM32F7xx_HAL_Driver/Src/stm32f7xx_hal.o
                0x08003c5c                HAL_Delay
 .text.__NVIC_SetPriorityGrouping
                0x08003ca4       0x48 ./Drivers/STM32F7xx_HAL_Driver/Src/stm32f7xx_hal_cortex.o
 .text.__NVIC_GetPriorityGrouping
                0x08003cec       0x1c ./Drivers/STM32F7xx_HAL_Driver/Src/stm32f7xx_hal_cortex.o
 .text.__NVIC_EnableIRQ
                0x08003d08       0x3c ./Drivers/STM32F7xx_HAL_Driver/Src/stm32f7xx_hal_cortex.o
 .text.__NVIC_SetPriority
                0x08003d44       0x54 ./Drivers/STM32F7xx_HAL_Driver/Src/stm32f7xx_hal_cortex.o
 .text.NVIC_EncodePriority
                0x08003d98       0x66 ./Drivers/STM32F7xx_HAL_Driver/Src/stm32f7xx_hal_cortex.o
 *fill*         0x08003dfe        0x2 
 .text.SysTick_Config
                0x08003e00       0x44 ./Drivers/STM32F7xx_HAL_Driver/Src/stm32f7xx_hal_cortex.o
 .text.HAL_NVIC_SetPriorityGrouping
                0x08003e44       0x16 ./Drivers/STM32F7xx_HAL_Driver/Src/stm32f7xx_hal_cortex.o
                0x08003e44                HAL_NVIC_SetPriorityGrouping
 .text.HAL_NVIC_SetPriority
                0x08003e5a       0x38 ./Drivers/STM32F7xx_HAL_Driver/Src/stm32f7xx_hal_cortex.o
                0x08003e5a                HAL_NVIC_SetPriority
 .text.HAL_NVIC_EnableIRQ
                0x08003e92       0x1c ./Drivers/STM32F7xx_HAL_Driver/Src/stm32f7xx_hal_cortex.o
                0x08003e92                HAL_NVIC_EnableIRQ
 .text.HAL_SYSTICK_Config
                0x08003eae       0x18 ./Drivers/STM32F7xx_HAL_Driver/Src/stm32f7xx_hal_cortex.o
                0x08003eae                HAL_SYSTICK_Config
 *fill*         0x08003ec6        0x2 
 .text.HAL_SYSTICK_CLKSourceConfig
                0x08003ec8       0x38 ./Drivers/STM32F7xx_HAL_Driver/Src/stm32f7xx_hal_cortex.o
                0x08003ec8                HAL_SYSTICK_CLKSourceConfig
 .text.HAL_DFSDM_ChannelInit
                0x08003f00      0x180 ./Drivers/STM32F7xx_HAL_Driver/Src/stm32f7xx_hal_dfsdm.o
                0x08003f00                HAL_DFSDM_ChannelInit
 .text.HAL_DFSDM_ChannelCkabCallback
                0x08004080       0x14 ./Drivers/STM32F7xx_HAL_Driver/Src/stm32f7xx_hal_dfsdm.o
                0x08004080                HAL_DFSDM_ChannelCkabCallback
 .text.HAL_DFSDM_ChannelScdCallback
                0x08004094       0x14 ./Drivers/STM32F7xx_HAL_Driver/Src/stm32f7xx_hal_dfsdm.o
                0x08004094                HAL_DFSDM_ChannelScdCallback
 .text.HAL_DFSDM_FilterInit
                0x080040a8      0x1b4 ./Drivers/STM32F7xx_HAL_Driver/Src/stm32f7xx_hal_dfsdm.o
                0x080040a8                HAL_DFSDM_FilterInit
 .text.HAL_DFSDM_FilterConfigRegChannel
                0x0800425c       0x8c ./Drivers/STM32F7xx_HAL_Driver/Src/stm32f7xx_hal_dfsdm.o
                0x0800425c                HAL_DFSDM_FilterConfigRegChannel
 .text.HAL_DFSDM_IRQHandler
                0x080042e8      0x2f0 ./Drivers/STM32F7xx_HAL_Driver/Src/stm32f7xx_hal_dfsdm.o
                0x080042e8                HAL_DFSDM_IRQHandler
 .text.HAL_DFSDM_FilterRegConvCpltCallback
                0x080045d8       0x14 ./Drivers/STM32F7xx_HAL_Driver/Src/stm32f7xx_hal_dfsdm.o
                0x080045d8                HAL_DFSDM_FilterRegConvCpltCallback
 .text.HAL_DFSDM_FilterInjConvCpltCallback
                0x080045ec       0x14 ./Drivers/STM32F7xx_HAL_Driver/Src/stm32f7xx_hal_dfsdm.o
                0x080045ec                HAL_DFSDM_FilterInjConvCpltCallback
 .text.HAL_DFSDM_FilterAwdCallback
                0x08004600       0x18 ./Drivers/STM32F7xx_HAL_Driver/Src/stm32f7xx_hal_dfsdm.o
                0x08004600                HAL_DFSDM_FilterAwdCallback
 .text.HAL_DFSDM_FilterErrorCallback
                0x08004618       0x14 ./Drivers/STM32F7xx_HAL_Driver/Src/stm32f7xx_hal_dfsdm.o
                0x08004618                HAL_DFSDM_FilterErrorCallback
 .text.DFSDM_GetChannelFromInstance
                0x0800462c       0x98 ./Drivers/STM32F7xx_HAL_Driver/Src/stm32f7xx_hal_dfsdm.o
 .text.HAL_DMA_Init
                0x080046c4      0x15c ./Drivers/STM32F7xx_HAL_Driver/Src/stm32f7xx_hal_dma.o
                0x080046c4                HAL_DMA_Init
 .text.HAL_DMA_DeInit
                0x08004820       0xbc ./Drivers/STM32F7xx_HAL_Driver/Src/stm32f7xx_hal_dma.o
                0x08004820                HAL_DMA_DeInit
 .text.HAL_DMA_Start_IT
                0x080048dc       0xc0 ./Drivers/STM32F7xx_HAL_Driver/Src/stm32f7xx_hal_dma.o
                0x080048dc                HAL_DMA_Start_IT
 .text.HAL_DMA_Abort
                0x0800499c       0xe0 ./Drivers/STM32F7xx_HAL_Driver/Src/stm32f7xx_hal_dma.o
                0x0800499c                HAL_DMA_Abort
 .text.HAL_DMA_Abort_IT
                0x08004a7c       0x44 ./Drivers/STM32F7xx_HAL_Driver/Src/stm32f7xx_hal_dma.o
                0x08004a7c                HAL_DMA_Abort_IT
 .text.HAL_DMA_IRQHandler
                0x08004ac0      0x314 ./Drivers/STM32F7xx_HAL_Driver/Src/stm32f7xx_hal_dma.o
                0x08004ac0                HAL_DMA_IRQHandler
 .text.HAL_DMA_GetError
                0x08004dd4       0x18 ./Drivers/STM32F7xx_HAL_Driver/Src/stm32f7xx_hal_dma.o
                0x08004dd4                HAL_DMA_GetError
 .text.DMA_SetConfig
                0x08004dec       0x5c ./Drivers/STM32F7xx_HAL_Driver/Src/stm32f7xx_hal_dma.o
 .text.DMA_CalcBaseAndBitshift
                0x08004e48       0x6c ./Drivers/STM32F7xx_HAL_Driver/Src/stm32f7xx_hal_dma.o
 .text.DMA_CheckFifoParam
                0x08004eb4       0xf8 ./Drivers/STM32F7xx_HAL_Driver/Src/stm32f7xx_hal_dma.o
 .text.HAL_GPIO_Init
                0x08004fac      0x358 ./Drivers/STM32F7xx_HAL_Driver/Src/stm32f7xx_hal_gpio.o
                0x08004fac                HAL_GPIO_Init
 .text.HAL_GPIO_DeInit
                0x08005304      0x218 ./Drivers/STM32F7xx_HAL_Driver/Src/stm32f7xx_hal_gpio.o
                0x08005304                HAL_GPIO_DeInit
 .text.HAL_GPIO_ReadPin
                0x0800551c       0x30 ./Drivers/STM32F7xx_HAL_Driver/Src/stm32f7xx_hal_gpio.o
                0x0800551c                HAL_GPIO_ReadPin
 .text.HAL_GPIO_WritePin
                0x0800554c       0x32 ./Drivers/STM32F7xx_HAL_Driver/Src/stm32f7xx_hal_gpio.o
                0x0800554c                HAL_GPIO_WritePin
 .text.HAL_GPIO_TogglePin
                0x0800557e       0x34 ./Drivers/STM32F7xx_HAL_Driver/Src/stm32f7xx_hal_gpio.o
                0x0800557e                HAL_GPIO_TogglePin
 *fill*         0x080055b2        0x2 
 .text.HAL_I2C_Init
                0x080055b4      0x138 ./Drivers/STM32F7xx_HAL_Driver/Src/stm32f7xx_hal_i2c.o
                0x080055b4                HAL_I2C_Init
 .text.HAL_I2C_DeInit
                0x080056ec       0x5e ./Drivers/STM32F7xx_HAL_Driver/Src/stm32f7xx_hal_i2c.o
                0x080056ec                HAL_I2C_DeInit
 .text.HAL_I2C_MspInit
                0x0800574a       0x14 ./Drivers/STM32F7xx_HAL_Driver/Src/stm32f7xx_hal_i2c.o
                0x0800574a                HAL_I2C_MspInit
 .text.HAL_I2C_MspDeInit
                0x0800575e       0x14 ./Drivers/STM32F7xx_HAL_Driver/Src/stm32f7xx_hal_i2c.o
                0x0800575e                HAL_I2C_MspDeInit
 *fill*         0x08005772        0x2 
 .text.HAL_I2C_Mem_Write
                0x08005774      0x228 ./Drivers/STM32F7xx_HAL_Driver/Src/stm32f7xx_hal_i2c.o
                0x08005774                HAL_I2C_Mem_Write
 .text.HAL_I2C_Mem_Read
                0x0800599c      0x234 ./Drivers/STM32F7xx_HAL_Driver/Src/stm32f7xx_hal_i2c.o
                0x0800599c                HAL_I2C_Mem_Read
 .text.HAL_I2C_GetState
                0x08005bd0       0x1c ./Drivers/STM32F7xx_HAL_Driver/Src/stm32f7xx_hal_i2c.o
                0x08005bd0                HAL_I2C_GetState
 .text.I2C_RequestMemoryWrite
                0x08005bec       0xa8 ./Drivers/STM32F7xx_HAL_Driver/Src/stm32f7xx_hal_i2c.o
 .text.I2C_RequestMemoryRead
                0x08005c94       0xa8 ./Drivers/STM32F7xx_HAL_Driver/Src/stm32f7xx_hal_i2c.o
 .text.I2C_Flush_TXDR
                0x08005d3c       0x48 ./Drivers/STM32F7xx_HAL_Driver/Src/stm32f7xx_hal_i2c.o
 .text.I2C_WaitOnFlagUntilTimeout
                0x08005d84       0xb2 ./Drivers/STM32F7xx_HAL_Driver/Src/stm32f7xx_hal_i2c.o
 .text.I2C_WaitOnTXISFlagUntilTimeout
                0x08005e36       0x8e ./Drivers/STM32F7xx_HAL_Driver/Src/stm32f7xx_hal_i2c.o
 .text.I2C_WaitOnSTOPFlagUntilTimeout
                0x08005ec4       0x86 ./Drivers/STM32F7xx_HAL_Driver/Src/stm32f7xx_hal_i2c.o
 *fill*         0x08005f4a        0x2 
 .text.I2C_IsErrorOccurred
                0x08005f4c      0x1c0 ./Drivers/STM32F7xx_HAL_Driver/Src/stm32f7xx_hal_i2c.o
 .text.I2C_TransferConfig
                0x0800610c       0x64 ./Drivers/STM32F7xx_HAL_Driver/Src/stm32f7xx_hal_i2c.o
 .text.HAL_PWREx_EnableOverDrive
                0x08006170       0xa0 ./Drivers/STM32F7xx_HAL_Driver/Src/stm32f7xx_hal_pwr_ex.o
                0x08006170                HAL_PWREx_EnableOverDrive
 .text.HAL_RCC_OscConfig
                0x08006210      0x55c ./Drivers/STM32F7xx_HAL_Driver/Src/stm32f7xx_hal_rcc.o
                0x08006210                HAL_RCC_OscConfig
 .text.HAL_RCC_ClockConfig
                0x0800676c      0x1d8 ./Drivers/STM32F7xx_HAL_Driver/Src/stm32f7xx_hal_rcc.o
                0x0800676c                HAL_RCC_ClockConfig
 .text.HAL_RCC_GetSysClockFreq
                0x08006944      0x18c ./Drivers/STM32F7xx_HAL_Driver/Src/stm32f7xx_hal_rcc.o
                0x08006944                HAL_RCC_GetSysClockFreq
 .text.HAL_RCC_GetHCLKFreq
                0x08006ad0       0x18 ./Drivers/STM32F7xx_HAL_Driver/Src/stm32f7xx_hal_rcc.o
                0x08006ad0                HAL_RCC_GetHCLKFreq
 .text.HAL_RCC_GetPCLK1Freq
                0x08006ae8       0x28 ./Drivers/STM32F7xx_HAL_Driver/Src/stm32f7xx_hal_rcc.o
                0x08006ae8                HAL_RCC_GetPCLK1Freq
 .text.HAL_RCC_GetPCLK2Freq
                0x08006b10       0x28 ./Drivers/STM32F7xx_HAL_Driver/Src/stm32f7xx_hal_rcc.o
                0x08006b10                HAL_RCC_GetPCLK2Freq
 .text.HAL_RCCEx_PeriphCLKConfig
                0x08006b38      0x850 ./Drivers/STM32F7xx_HAL_Driver/Src/stm32f7xx_hal_rcc_ex.o
                0x08006b38                HAL_RCCEx_PeriphCLKConfig
 .text.HAL_RCCEx_GetPeriphCLKConfig
                0x08007388      0x248 ./Drivers/STM32F7xx_HAL_Driver/Src/stm32f7xx_hal_rcc_ex.o
                0x08007388                HAL_RCCEx_GetPeriphCLKConfig
 .text.HAL_RCCEx_GetPeriphCLKFreq
                0x080075d0      0x2dc ./Drivers/STM32F7xx_HAL_Driver/Src/stm32f7xx_hal_rcc_ex.o
                0x080075d0                HAL_RCCEx_GetPeriphCLKFreq
 .text.HAL_SAI_Init
                0x080078ac      0x2fc ./Drivers/STM32F7xx_HAL_Driver/Src/stm32f7xx_hal_sai.o
                0x080078ac                HAL_SAI_Init
 .text.HAL_SAI_DeInit
                0x08007ba8       0x6a ./Drivers/STM32F7xx_HAL_Driver/Src/stm32f7xx_hal_sai.o
                0x08007ba8                HAL_SAI_DeInit
 .text.HAL_SAI_DMAStop
                0x08007c12       0xe6 ./Drivers/STM32F7xx_HAL_Driver/Src/stm32f7xx_hal_sai.o
                0x08007c12                HAL_SAI_DMAStop
 .text.HAL_SAI_Transmit_DMA
                0x08007cf8      0x160 ./Drivers/STM32F7xx_HAL_Driver/Src/stm32f7xx_hal_sai.o
                0x08007cf8                HAL_SAI_Transmit_DMA
 .text.HAL_SAI_Receive_DMA
                0x08007e58      0x11c ./Drivers/STM32F7xx_HAL_Driver/Src/stm32f7xx_hal_sai.o
                0x08007e58                HAL_SAI_Receive_DMA
 .text.HAL_SAI_ErrorCallback
                0x08007f74       0x14 ./Drivers/STM32F7xx_HAL_Driver/Src/stm32f7xx_hal_sai.o
                0x08007f74                HAL_SAI_ErrorCallback
 .text.HAL_SAI_GetState
                0x08007f88       0x1c ./Drivers/STM32F7xx_HAL_Driver/Src/stm32f7xx_hal_sai.o
                0x08007f88                HAL_SAI_GetState
 .text.SAI_InterruptFlag
                0x08007fa4       0x6c ./Drivers/STM32F7xx_HAL_Driver/Src/stm32f7xx_hal_sai.o
 .text.SAI_Disable
                0x08008010       0x70 ./Drivers/STM32F7xx_HAL_Driver/Src/stm32f7xx_hal_sai.o
 .text.SAI_DMATxCplt
                0x08008080       0x60 ./Drivers/STM32F7xx_HAL_Driver/Src/stm32f7xx_hal_sai.o
 .text.SAI_DMATxHalfCplt
                0x080080e0       0x1c ./Drivers/STM32F7xx_HAL_Driver/Src/stm32f7xx_hal_sai.o
 .text.SAI_DMARxCplt
                0x080080fc       0x60 ./Drivers/STM32F7xx_HAL_Driver/Src/stm32f7xx_hal_sai.o
 .text.SAI_DMARxHalfCplt
                0x0800815c       0x1c ./Drivers/STM32F7xx_HAL_Driver/Src/stm32f7xx_hal_sai.o
 .text.SAI_DMAError
                0x08008178       0x66 ./Drivers/STM32F7xx_HAL_Driver/Src/stm32f7xx_hal_sai.o
 .text.HAL_SD_Init
                0x080081de       0x60 ./Drivers/STM32F7xx_HAL_Driver/Src/stm32f7xx_hal_sd.o
                0x080081de                HAL_SD_Init
 *fill*         0x0800823e        0x2 
 .text.HAL_SD_InitCard
                0x08008240      0x110 ./Drivers/STM32F7xx_HAL_Driver/Src/stm32f7xx_hal_sd.o
                0x08008240                HAL_SD_InitCard
 .text.HAL_SD_ReadBlocks_DMA
                0x08008350      0x1c4 ./Drivers/STM32F7xx_HAL_Driver/Src/stm32f7xx_hal_sd.o
                0x08008350                HAL_SD_ReadBlocks_DMA
 .text.HAL_SD_WriteBlocks_DMA
                0x08008514      0x1cc ./Drivers/STM32F7xx_HAL_Driver/Src/stm32f7xx_hal_sd.o
                0x08008514                HAL_SD_WriteBlocks_DMA
 .text.HAL_SD_IRQHandler
                0x080086e0      0x2ec ./Drivers/STM32F7xx_HAL_Driver/Src/stm32f7xx_hal_sd.o
                0x080086e0                HAL_SD_IRQHandler
 .text.HAL_SD_ErrorCallback
                0x080089cc       0x14 ./Drivers/STM32F7xx_HAL_Driver/Src/stm32f7xx_hal_sd.o
                0x080089cc                HAL_SD_ErrorCallback
 .text.HAL_SD_GetCardCSD
                0x080089e0      0x348 ./Drivers/STM32F7xx_HAL_Driver/Src/stm32f7xx_hal_sd.o
                0x080089e0                HAL_SD_GetCardCSD
 .text.HAL_SD_GetCardInfo
                0x08008d28       0x58 ./Drivers/STM32F7xx_HAL_Driver/Src/stm32f7xx_hal_sd.o
                0x08008d28                HAL_SD_GetCardInfo
 .text.HAL_SD_GetCardState
                0x08008d80       0x40 ./Drivers/STM32F7xx_HAL_Driver/Src/stm32f7xx_hal_sd.o
                0x08008d80                HAL_SD_GetCardState
 .text.SD_DMATransmitCplt
                0x08008dc0       0x2a ./Drivers/STM32F7xx_HAL_Driver/Src/stm32f7xx_hal_sd.o
 .text.SD_DMAReceiveCplt
                0x08008dea       0x70 ./Drivers/STM32F7xx_HAL_Driver/Src/stm32f7xx_hal_sd.o
 *fill*         0x08008e5a        0x2 
 .text.SD_DMAError
                0x08008e5c       0xa4 ./Drivers/STM32F7xx_HAL_Driver/Src/stm32f7xx_hal_sd.o
 .text.SD_DMATxAbort
                0x08008f00       0x6e ./Drivers/STM32F7xx_HAL_Driver/Src/stm32f7xx_hal_sd.o
 .text.SD_DMARxAbort
                0x08008f6e       0x6e ./Drivers/STM32F7xx_HAL_Driver/Src/stm32f7xx_hal_sd.o
 .text.SD_InitCard
                0x08008fdc      0x19c ./Drivers/STM32F7xx_HAL_Driver/Src/stm32f7xx_hal_sd.o
 .text.SD_PowerON
                0x08009178      0x11c ./Drivers/STM32F7xx_HAL_Driver/Src/stm32f7xx_hal_sd.o
 .text.SD_SendStatus
                0x08009294       0x50 ./Drivers/STM32F7xx_HAL_Driver/Src/stm32f7xx_hal_sd.o
 .text.SD_Read_IT
                0x080092e4       0xa2 ./Drivers/STM32F7xx_HAL_Driver/Src/stm32f7xx_hal_sd.o
 .text.SD_Write_IT
                0x08009386       0xaa ./Drivers/STM32F7xx_HAL_Driver/Src/stm32f7xx_hal_sd.o
 .text.HAL_UART_Init
                0x08009430       0x9c ./Drivers/STM32F7xx_HAL_Driver/Src/stm32f7xx_hal_uart.o
                0x08009430                HAL_UART_Init
 .text.UART_SetConfig
                0x080094cc      0x4c8 ./Drivers/STM32F7xx_HAL_Driver/Src/stm32f7xx_hal_uart.o
                0x080094cc                UART_SetConfig
 .text.UART_AdvFeatureConfig
                0x08009994      0x144 ./Drivers/STM32F7xx_HAL_Driver/Src/stm32f7xx_hal_uart.o
                0x08009994                UART_AdvFeatureConfig
 .text.UART_CheckIdleState
                0x08009ad8      0x150 ./Drivers/STM32F7xx_HAL_Driver/Src/stm32f7xx_hal_uart.o
                0x08009ad8                UART_CheckIdleState
 .text.UART_WaitOnFlagUntilTimeout
                0x08009c28       0xda ./Drivers/STM32F7xx_HAL_Driver/Src/stm32f7xx_hal_uart.o
                0x08009c28                UART_WaitOnFlagUntilTimeout
 .text.UART_EndRxTransfer
                0x08009d02       0xc8 ./Drivers/STM32F7xx_HAL_Driver/Src/stm32f7xx_hal_uart.o
 *fill*         0x08009dca        0x2 
 .text.SDMMC_Init
                0x08009dcc       0x58 ./Drivers/STM32F7xx_HAL_Driver/Src/stm32f7xx_ll_sdmmc.o
                0x08009dcc                SDMMC_Init
 .text.SDMMC_ReadFIFO
                0x08009e24       0x1a ./Drivers/STM32F7xx_HAL_Driver/Src/stm32f7xx_ll_sdmmc.o
                0x08009e24                SDMMC_ReadFIFO
 .text.SDMMC_WriteFIFO
                0x08009e3e       0x22 ./Drivers/STM32F7xx_HAL_Driver/Src/stm32f7xx_ll_sdmmc.o
                0x08009e3e                SDMMC_WriteFIFO
 .text.SDMMC_PowerState_ON
                0x08009e60       0x1c ./Drivers/STM32F7xx_HAL_Driver/Src/stm32f7xx_ll_sdmmc.o
                0x08009e60                SDMMC_PowerState_ON
 .text.SDMMC_GetPowerState
                0x08009e7c       0x1c ./Drivers/STM32F7xx_HAL_Driver/Src/stm32f7xx_ll_sdmmc.o
                0x08009e7c                SDMMC_GetPowerState
 .text.SDMMC_SendCommand
                0x08009e98       0x54 ./Drivers/STM32F7xx_HAL_Driver/Src/stm32f7xx_ll_sdmmc.o
                0x08009e98                SDMMC_SendCommand
 .text.SDMMC_GetCommandResponse
                0x08009eec       0x1a ./Drivers/STM32F7xx_HAL_Driver/Src/stm32f7xx_ll_sdmmc.o
                0x08009eec                SDMMC_GetCommandResponse
 .text.SDMMC_GetResponse
                0x08009f06       0x26 ./Drivers/STM32F7xx_HAL_Driver/Src/stm32f7xx_ll_sdmmc.o
                0x08009f06                SDMMC_GetResponse
 .text.SDMMC_ConfigData
                0x08009f2c       0x58 ./Drivers/STM32F7xx_HAL_Driver/Src/stm32f7xx_ll_sdmmc.o
                0x08009f2c                SDMMC_ConfigData
 .text.SDMMC_CmdBlockLength
                0x08009f84       0x44 ./Drivers/STM32F7xx_HAL_Driver/Src/stm32f7xx_ll_sdmmc.o
                0x08009f84                SDMMC_CmdBlockLength
 .text.SDMMC_CmdReadSingleBlock
                0x08009fc8       0x44 ./Drivers/STM32F7xx_HAL_Driver/Src/stm32f7xx_ll_sdmmc.o
                0x08009fc8                SDMMC_CmdReadSingleBlock
 .text.SDMMC_CmdReadMultiBlock
                0x0800a00c       0x44 ./Drivers/STM32F7xx_HAL_Driver/Src/stm32f7xx_ll_sdmmc.o
                0x0800a00c                SDMMC_CmdReadMultiBlock
 .text.SDMMC_CmdWriteSingleBlock
                0x0800a050       0x44 ./Drivers/STM32F7xx_HAL_Driver/Src/stm32f7xx_ll_sdmmc.o
                0x0800a050                SDMMC_CmdWriteSingleBlock
 .text.SDMMC_CmdWriteMultiBlock
                0x0800a094       0x44 ./Drivers/STM32F7xx_HAL_Driver/Src/stm32f7xx_ll_sdmmc.o
                0x0800a094                SDMMC_CmdWriteMultiBlock
 .text.SDMMC_CmdStopTransfer
                0x0800a0d8       0x44 ./Drivers/STM32F7xx_HAL_Driver/Src/stm32f7xx_ll_sdmmc.o
                0x0800a0d8                SDMMC_CmdStopTransfer
 .text.SDMMC_CmdSelDesel
                0x0800a11c       0x46 ./Drivers/STM32F7xx_HAL_Driver/Src/stm32f7xx_ll_sdmmc.o
                0x0800a11c                SDMMC_CmdSelDesel
 .text.SDMMC_CmdGoIdleState
                0x0800a162       0x3c ./Drivers/STM32F7xx_HAL_Driver/Src/stm32f7xx_ll_sdmmc.o
                0x0800a162                SDMMC_CmdGoIdleState
 .text.SDMMC_CmdOperCond
                0x0800a19e       0x3e ./Drivers/STM32F7xx_HAL_Driver/Src/stm32f7xx_ll_sdmmc.o
                0x0800a19e                SDMMC_CmdOperCond
 .text.SDMMC_CmdAppCommand
                0x0800a1dc       0x44 ./Drivers/STM32F7xx_HAL_Driver/Src/stm32f7xx_ll_sdmmc.o
                0x0800a1dc                SDMMC_CmdAppCommand
 .text.SDMMC_CmdAppOperCommand
                0x0800a220       0x48 ./Drivers/STM32F7xx_HAL_Driver/Src/stm32f7xx_ll_sdmmc.o
                0x0800a220                SDMMC_CmdAppOperCommand
 .text.SDMMC_CmdSendCID
                0x0800a268       0x3c ./Drivers/STM32F7xx_HAL_Driver/Src/stm32f7xx_ll_sdmmc.o
                0x0800a268                SDMMC_CmdSendCID
 .text.SDMMC_CmdSendCSD
                0x0800a2a4       0x3e ./Drivers/STM32F7xx_HAL_Driver/Src/stm32f7xx_ll_sdmmc.o
                0x0800a2a4                SDMMC_CmdSendCSD
 .text.SDMMC_CmdSetRelAdd
                0x0800a2e2       0x42 ./Drivers/STM32F7xx_HAL_Driver/Src/stm32f7xx_ll_sdmmc.o
                0x0800a2e2                SDMMC_CmdSetRelAdd
 .text.SDMMC_CmdSendStatus
                0x0800a324       0x44 ./Drivers/STM32F7xx_HAL_Driver/Src/stm32f7xx_ll_sdmmc.o
                0x0800a324                SDMMC_CmdSendStatus
 .text.SDMMC_GetCmdResp1
                0x0800a368      0x1dc ./Drivers/STM32F7xx_HAL_Driver/Src/stm32f7xx_ll_sdmmc.o
                0x0800a368                SDMMC_GetCmdResp1
 .text.SDMMC_GetCmdResp2
                0x0800a544       0x90 ./Drivers/STM32F7xx_HAL_Driver/Src/stm32f7xx_ll_sdmmc.o
                0x0800a544                SDMMC_GetCmdResp2
 .text.SDMMC_GetCmdResp3
                0x0800a5d4       0x7c ./Drivers/STM32F7xx_HAL_Driver/Src/stm32f7xx_ll_sdmmc.o
                0x0800a5d4                SDMMC_GetCmdResp3
 .text.SDMMC_GetCmdResp6
                0x0800a650       0xec ./Drivers/STM32F7xx_HAL_Driver/Src/stm32f7xx_ll_sdmmc.o
                0x0800a650                SDMMC_GetCmdResp6
 .text.SDMMC_GetCmdResp7
                0x0800a73c       0x9c ./Drivers/STM32F7xx_HAL_Driver/Src/stm32f7xx_ll_sdmmc.o
                0x0800a73c                SDMMC_GetCmdResp7
 .text.SDMMC_GetCmdError
                0x0800a7d8       0x58 ./Drivers/STM32F7xx_HAL_Driver/Src/stm32f7xx_ll_sdmmc.o
 .text.MX_FATFS_Init
                0x0800a830       0x24 ./FATFS/App/fatfs.o
                0x0800a830                MX_FATFS_Init
 .text.get_fattime
                0x0800a854       0x10 ./FATFS/App/fatfs.o
                0x0800a854                get_fattime
 .text.BSP_SD_Init
                0x0800a864       0x30 ./FATFS/Target/bsp_driver_sd.o
                0x0800a864                BSP_SD_Init
 .text.BSP_SD_ReadBlocks_DMA
                0x0800a894       0x34 ./FATFS/Target/bsp_driver_sd.o
                0x0800a894                BSP_SD_ReadBlocks_DMA
 .text.BSP_SD_WriteBlocks_DMA
                0x0800a8c8       0x34 ./FATFS/Target/bsp_driver_sd.o
                0x0800a8c8                BSP_SD_WriteBlocks_DMA
 .text.BSP_SD_GetCardState
                0x0800a8fc       0x20 ./FATFS/Target/bsp_driver_sd.o
                0x0800a8fc                BSP_SD_GetCardState
 .text.BSP_SD_GetCardInfo
                0x0800a91c       0x1c ./FATFS/Target/bsp_driver_sd.o
                0x0800a91c                BSP_SD_GetCardInfo
 .text.HAL_SD_AbortCallback
                0x0800a938       0x14 ./FATFS/Target/bsp_driver_sd.o
                0x0800a938                HAL_SD_AbortCallback
 .text.HAL_SD_TxCpltCallback
                0x0800a94c       0x14 ./FATFS/Target/bsp_driver_sd.o
                0x0800a94c                HAL_SD_TxCpltCallback
 .text.HAL_SD_RxCpltCallback
                0x0800a960       0x14 ./FATFS/Target/bsp_driver_sd.o
                0x0800a960                HAL_SD_RxCpltCallback
 .text.BSP_SD_AbortCallback
                0x0800a974        0xe ./FATFS/Target/bsp_driver_sd.o
                0x0800a974                BSP_SD_AbortCallback
 .text.BSP_SD_IsDetected
                0x0800a982       0x24 ./FATFS/Target/bsp_driver_sd.o
                0x0800a982                BSP_SD_IsDetected
 *fill*         0x0800a9a6        0x2 
 .text.BSP_PlatformIsDetected
                0x0800a9a8       0x2c ./FATFS/Target/fatfs_platform.o
                0x0800a9a8                BSP_PlatformIsDetected
 .text.SD_CheckStatusWithTimeout
                0x0800a9d4       0x3a ./FATFS/Target/sd_diskio.o
 *fill*         0x0800aa0e        0x2 
 .text.SD_CheckStatus
                0x0800aa10       0x3c ./FATFS/Target/sd_diskio.o
 .text.SD_initialize
                0x0800aa4c       0x98 ./FATFS/Target/sd_diskio.o
                0x0800aa4c                SD_initialize
 .text.SD_status
                0x0800aae4       0x1c ./FATFS/Target/sd_diskio.o
                0x0800aae4                SD_status
 .text.SD_read  0x0800ab00       0x9c ./FATFS/Target/sd_diskio.o
                0x0800ab00                SD_read
 .text.SD_write
                0x0800ab9c       0x94 ./FATFS/Target/sd_diskio.o
                0x0800ab9c                SD_write
 .text.SD_ioctl
                0x0800ac30       0xb0 ./FATFS/Target/sd_diskio.o
                0x0800ac30                SD_ioctl
 .text.BSP_SD_WriteCpltCallback
                0x0800ace0       0x1c ./FATFS/Target/sd_diskio.o
                0x0800ace0                BSP_SD_WriteCpltCallback
 .text.BSP_SD_ReadCpltCallback
                0x0800acfc       0x1c ./FATFS/Target/sd_diskio.o
                0x0800acfc                BSP_SD_ReadCpltCallback
 .text.disk_status
                0x0800ad18       0x34 ./Middlewares/Third_Party/FatFs/src/diskio.o
                0x0800ad18                disk_status
 .text.disk_initialize
                0x0800ad4c       0x4c ./Middlewares/Third_Party/FatFs/src/diskio.o
                0x0800ad4c                disk_initialize
 .text.disk_read
                0x0800ad98       0x40 ./Middlewares/Third_Party/FatFs/src/diskio.o
                0x0800ad98                disk_read
 .text.disk_write
                0x0800add8       0x40 ./Middlewares/Third_Party/FatFs/src/diskio.o
                0x0800add8                disk_write
 .text.disk_ioctl
                0x0800ae18       0x3c ./Middlewares/Third_Party/FatFs/src/diskio.o
                0x0800ae18                disk_ioctl
 .text.ld_word  0x0800ae54       0x32 ./Middlewares/Third_Party/FatFs/src/ff.o
 .text.ld_dword
                0x0800ae86       0x46 ./Middlewares/Third_Party/FatFs/src/ff.o
 .text.st_word  0x0800aecc       0x36 ./Middlewares/Third_Party/FatFs/src/ff.o
 .text.st_dword
                0x0800af02       0x58 ./Middlewares/Third_Party/FatFs/src/ff.o
 .text.mem_cpy  0x0800af5a       0x42 ./Middlewares/Third_Party/FatFs/src/ff.o
 .text.mem_set  0x0800af9c       0x36 ./Middlewares/Third_Party/FatFs/src/ff.o
 .text.mem_cmp  0x0800afd2       0x4e ./Middlewares/Third_Party/FatFs/src/ff.o
 .text.chk_chr  0x0800b020       0x36 ./Middlewares/Third_Party/FatFs/src/ff.o
 .text.lock_fs  0x0800b056       0x2c ./Middlewares/Third_Party/FatFs/src/ff.o
 .text.unlock_fs
                0x0800b082       0x36 ./Middlewares/Third_Party/FatFs/src/ff.o
 .text.chk_lock
                0x0800b0b8       0xb8 ./Middlewares/Third_Party/FatFs/src/ff.o
 .text.enq_lock
                0x0800b170       0x44 ./Middlewares/Third_Party/FatFs/src/ff.o
 .text.inc_lock
                0x0800b1b4      0x11c ./Middlewares/Third_Party/FatFs/src/ff.o
 .text.dec_lock
                0x0800b2d0       0x78 ./Middlewares/Third_Party/FatFs/src/ff.o
 .text.clear_lock
                0x0800b348       0x48 ./Middlewares/Third_Party/FatFs/src/ff.o
 .text.sync_window
                0x0800b390       0x88 ./Middlewares/Third_Party/FatFs/src/ff.o
 .text.move_window
                0x0800b418       0x5a ./Middlewares/Third_Party/FatFs/src/ff.o
 *fill*         0x0800b472        0x2 
 .text.sync_fs  0x0800b474       0xdc ./Middlewares/Third_Party/FatFs/src/ff.o
 .text.clust2sect
                0x0800b550       0x3e ./Middlewares/Third_Party/FatFs/src/ff.o
 .text.get_fat  0x0800b58e      0x14e ./Middlewares/Third_Party/FatFs/src/ff.o
 .text.put_fat  0x0800b6dc      0x1d4 ./Middlewares/Third_Party/FatFs/src/ff.o
 .text.remove_chain
                0x0800b8b0       0xca ./Middlewares/Third_Party/FatFs/src/ff.o
 .text.create_chain
                0x0800b97a      0x130 ./Middlewares/Third_Party/FatFs/src/ff.o
 .text.clmt_clust
                0x0800baaa       0x68 ./Middlewares/Third_Party/FatFs/src/ff.o
 .text.dir_sdi  0x0800bb12       0xf6 ./Middlewares/Third_Party/FatFs/src/ff.o
 .text.dir_next
                0x0800bc08      0x18a ./Middlewares/Third_Party/FatFs/src/ff.o
 .text.dir_alloc
                0x0800bd92       0x8e ./Middlewares/Third_Party/FatFs/src/ff.o
 .text.ld_clust
                0x0800be20       0x3e ./Middlewares/Third_Party/FatFs/src/ff.o
 .text.st_clust
                0x0800be5e       0x40 ./Middlewares/Third_Party/FatFs/src/ff.o
 .text.dir_find
                0x0800be9e       0xaa ./Middlewares/Third_Party/FatFs/src/ff.o
 .text.dir_register
                0x0800bf48       0x64 ./Middlewares/Third_Party/FatFs/src/ff.o
 .text.get_fileinfo
                0x0800bfac       0xc0 ./Middlewares/Third_Party/FatFs/src/ff.o
 .text.create_name
                0x0800c06c      0x128 ./Middlewares/Third_Party/FatFs/src/ff.o
 .text.follow_path
                0x0800c194       0xe2 ./Middlewares/Third_Party/FatFs/src/ff.o
 .text.get_ldnumber
                0x0800c276       0x88 ./Middlewares/Third_Party/FatFs/src/ff.o
 *fill*         0x0800c2fe        0x2 
 .text.check_fs
                0x0800c300       0xac ./Middlewares/Third_Party/FatFs/src/ff.o
 .text.find_volume
                0x0800c3ac      0x4a8 ./Middlewares/Third_Party/FatFs/src/ff.o
 .text.validate
                0x0800c854       0x8e ./Middlewares/Third_Party/FatFs/src/ff.o
 *fill*         0x0800c8e2        0x2 
 .text.f_mount  0x0800c8e4       0xc8 ./Middlewares/Third_Party/FatFs/src/ff.o
                0x0800c8e4                f_mount
 .text.f_open   0x0800c9ac      0x382 ./Middlewares/Third_Party/FatFs/src/ff.o
                0x0800c9ac                f_open
 .text.f_write  0x0800cd2e      0x348 ./Middlewares/Third_Party/FatFs/src/ff.o
                0x0800cd2e                f_write
 .text.f_sync   0x0800d076      0x112 ./Middlewares/Third_Party/FatFs/src/ff.o
                0x0800d076                f_sync
 .text.f_close  0x0800d188       0x5e ./Middlewares/Third_Party/FatFs/src/ff.o
                0x0800d188                f_close
 .text.f_lseek  0x0800d1e6      0x4a6 ./Middlewares/Third_Party/FatFs/src/ff.o
                0x0800d1e6                f_lseek
 .text.f_stat   0x0800d68c       0x80 ./Middlewares/Third_Party/FatFs/src/ff.o
                0x0800d68c                f_stat
 .text.FATFS_LinkDriverEx
                0x0800d70c       0x98 ./Middlewares/Third_Party/FatFs/src/ff_gen_drv.o
                0x0800d70c                FATFS_LinkDriverEx
 .text.FATFS_LinkDriver
                0x0800d7a4       0x1e ./Middlewares/Third_Party/FatFs/src/ff_gen_drv.o
                0x0800d7a4                FATFS_LinkDriver
 .text.ff_cre_syncobj
                0x0800d7c2       0x40 ./Middlewares/Third_Party/FatFs/src/option/syscall.o
                0x0800d7c2                ff_cre_syncobj
 .text.ff_del_syncobj
                0x0800d802       0x18 ./Middlewares/Third_Party/FatFs/src/option/syscall.o
                0x0800d802                ff_del_syncobj
 .text.ff_req_grant
                0x0800d81a       0x2a ./Middlewares/Third_Party/FatFs/src/option/syscall.o
                0x0800d81a                ff_req_grant
 .text.ff_rel_grant
                0x0800d844       0x16 ./Middlewares/Third_Party/FatFs/src/option/syscall.o
                0x0800d844                ff_rel_grant
 .text.makeFreeRtosPriority
                0x0800d85a       0x30 ./Middlewares/Third_Party/FreeRTOS/Source/CMSIS_RTOS/cmsis_os.o
 .text.inHandlerMode
                0x0800d88a       0x24 ./Middlewares/Third_Party/FreeRTOS/Source/CMSIS_RTOS/cmsis_os.o
 .text.osKernelStart
                0x0800d8ae        0xe ./Middlewares/Third_Party/FreeRTOS/Source/CMSIS_RTOS/cmsis_os.o
                0x0800d8ae                osKernelStart
 .text.osKernelRunning
                0x0800d8bc       0x18 ./Middlewares/Third_Party/FreeRTOS/Source/CMSIS_RTOS/cmsis_os.o
                0x0800d8bc                osKernelRunning
 .text.osKernelSysTick
                0x0800d8d4       0x20 ./Middlewares/Third_Party/FreeRTOS/Source/CMSIS_RTOS/cmsis_os.o
                0x0800d8d4                osKernelSysTick
 .text.osThreadCreate
                0x0800d8f4       0x98 ./Middlewares/Third_Party/FreeRTOS/Source/CMSIS_RTOS/cmsis_os.o
                0x0800d8f4                osThreadCreate
 .text.osDelay  0x0800d98c       0x28 ./Middlewares/Third_Party/FreeRTOS/Source/CMSIS_RTOS/cmsis_os.o
                0x0800d98c                osDelay
 .text.osSemaphoreCreate
                0x0800d9b4       0x7e ./Middlewares/Third_Party/FreeRTOS/Source/CMSIS_RTOS/cmsis_os.o
                0x0800d9b4                osSemaphoreCreate
 *fill*         0x0800da32        0x2 
 .text.osSemaphoreWait
                0x0800da34       0x9c ./Middlewares/Third_Party/FreeRTOS/Source/CMSIS_RTOS/cmsis_os.o
                0x0800da34                osSemaphoreWait
 .text.osSemaphoreRelease
                0x0800dad0       0x6c ./Middlewares/Third_Party/FreeRTOS/Source/CMSIS_RTOS/cmsis_os.o
                0x0800dad0                osSemaphoreRelease
 .text.osSemaphoreDelete
                0x0800db3c       0x26 ./Middlewares/Third_Party/FreeRTOS/Source/CMSIS_RTOS/cmsis_os.o
                0x0800db3c                osSemaphoreDelete
 .text.osMessageCreate
                0x0800db62       0x50 ./Middlewares/Third_Party/FreeRTOS/Source/CMSIS_RTOS/cmsis_os.o
                0x0800db62                osMessageCreate
 *fill*         0x0800dbb2        0x2 
 .text.osMessagePut
                0x0800dbb4       0x80 ./Middlewares/Third_Party/FreeRTOS/Source/CMSIS_RTOS/cmsis_os.o
                0x0800dbb4                osMessagePut
 .text.osMessageGet
                0x0800dc34       0xe8 ./Middlewares/Third_Party/FreeRTOS/Source/CMSIS_RTOS/cmsis_os.o
                0x0800dc34                osMessageGet
 .text.vListInitialise
                0x0800dd1c       0x40 ./Middlewares/Third_Party/FreeRTOS/Source/list.o
                0x0800dd1c                vListInitialise
 .text.vListInitialiseItem
                0x0800dd5c       0x1a ./Middlewares/Third_Party/FreeRTOS/Source/list.o
                0x0800dd5c                vListInitialiseItem
 .text.vListInsertEnd
                0x0800dd76       0x48 ./Middlewares/Third_Party/FreeRTOS/Source/list.o
                0x0800dd76                vListInsertEnd
 .text.vListInsert
                0x0800ddbe       0x72 ./Middlewares/Third_Party/FreeRTOS/Source/list.o
                0x0800ddbe                vListInsert
 .text.uxListRemove
                0x0800de30       0x54 ./Middlewares/Third_Party/FreeRTOS/Source/list.o
                0x0800de30                uxListRemove
 .text.xQueueGenericReset
                0x0800de84       0xd8 ./Middlewares/Third_Party/FreeRTOS/Source/queue.o
                0x0800de84                xQueueGenericReset
 .text.xQueueGenericCreateStatic
                0x0800df5c      0x10e ./Middlewares/Third_Party/FreeRTOS/Source/queue.o
                0x0800df5c                xQueueGenericCreateStatic
 .text.xQueueGenericCreate
                0x0800e06a       0x86 ./Middlewares/Third_Party/FreeRTOS/Source/queue.o
                0x0800e06a                xQueueGenericCreate
 .text.prvInitialiseNewQueue
                0x0800e0f0       0x3e ./Middlewares/Third_Party/FreeRTOS/Source/queue.o
 .text.xQueueCreateCountingSemaphoreStatic
                0x0800e12e       0x7a ./Middlewares/Third_Party/FreeRTOS/Source/queue.o
                0x0800e12e                xQueueCreateCountingSemaphoreStatic
 .text.xQueueCreateCountingSemaphore
                0x0800e1a8       0x72 ./Middlewares/Third_Party/FreeRTOS/Source/queue.o
                0x0800e1a8                xQueueCreateCountingSemaphore
 *fill*         0x0800e21a        0x2 
 .text.xQueueGenericSend
                0x0800e21c      0x214 ./Middlewares/Third_Party/FreeRTOS/Source/queue.o
                0x0800e21c                xQueueGenericSend
 .text.xQueueGenericSendFromISR
                0x0800e430      0x146 ./Middlewares/Third_Party/FreeRTOS/Source/queue.o
                0x0800e430                xQueueGenericSendFromISR
 .text.xQueueGiveFromISR
                0x0800e576      0x130 ./Middlewares/Third_Party/FreeRTOS/Source/queue.o
                0x0800e576                xQueueGiveFromISR
 *fill*         0x0800e6a6        0x2 
 .text.xQueueReceive
                0x0800e6a8      0x1d0 ./Middlewares/Third_Party/FreeRTOS/Source/queue.o
                0x0800e6a8                xQueueReceive
 .text.xQueueSemaphoreTake
                0x0800e878      0x230 ./Middlewares/Third_Party/FreeRTOS/Source/queue.o
                0x0800e878                xQueueSemaphoreTake
 .text.xQueueReceiveFromISR
                0x0800eaa8      0x110 ./Middlewares/Third_Party/FreeRTOS/Source/queue.o
                0x0800eaa8                xQueueReceiveFromISR
 .text.vQueueDelete
                0x0800ebb8       0x4c ./Middlewares/Third_Party/FreeRTOS/Source/queue.o
                0x0800ebb8                vQueueDelete
 .text.prvGetDisinheritPriorityAfterTimeout
                0x0800ec04       0x30 ./Middlewares/Third_Party/FreeRTOS/Source/queue.o
 .text.prvCopyDataToQueue
                0x0800ec34       0xd4 ./Middlewares/Third_Party/FreeRTOS/Source/queue.o
 .text.prvCopyDataFromQueue
                0x0800ed08       0x4c ./Middlewares/Third_Party/FreeRTOS/Source/queue.o
 .text.prvUnlockQueue
                0x0800ed54       0xa4 ./Middlewares/Third_Party/FreeRTOS/Source/queue.o
 .text.prvIsQueueEmpty
                0x0800edf8       0x2c ./Middlewares/Third_Party/FreeRTOS/Source/queue.o
 .text.prvIsQueueFull
                0x0800ee24       0x30 ./Middlewares/Third_Party/FreeRTOS/Source/queue.o
 .text.vQueueUnregisterQueue
                0x0800ee54       0x54 ./Middlewares/Third_Party/FreeRTOS/Source/queue.o
                0x0800ee54                vQueueUnregisterQueue
 .text.xTaskCreateStatic
                0x0800eea8       0xcc ./Middlewares/Third_Party/FreeRTOS/Source/tasks.o
                0x0800eea8                xTaskCreateStatic
 .text.xTaskCreate
                0x0800ef74       0x8a ./Middlewares/Third_Party/FreeRTOS/Source/tasks.o
                0x0800ef74                xTaskCreate
 *fill*         0x0800effe        0x2 
 .text.prvInitialiseNewTask
                0x0800f000      0x144 ./Middlewares/Third_Party/FreeRTOS/Source/tasks.o
 .text.prvAddNewTaskToReadyList
                0x0800f144       0xd4 ./Middlewares/Third_Party/FreeRTOS/Source/tasks.o
 .text.vTaskDelay
                0x0800f218       0x70 ./Middlewares/Third_Party/FreeRTOS/Source/tasks.o
                0x0800f218                vTaskDelay
 .text.vTaskStartScheduler
                0x0800f288       0xdc ./Middlewares/Third_Party/FreeRTOS/Source/tasks.o
                0x0800f288                vTaskStartScheduler
 .text.vTaskSuspendAll
                0x0800f364       0x1c ./Middlewares/Third_Party/FreeRTOS/Source/tasks.o
                0x0800f364                vTaskSuspendAll
 .text.xTaskResumeAll
                0x0800f380      0x140 ./Middlewares/Third_Party/FreeRTOS/Source/tasks.o
                0x0800f380                xTaskResumeAll
 .text.xTaskGetTickCount
                0x0800f4c0       0x20 ./Middlewares/Third_Party/FreeRTOS/Source/tasks.o
                0x0800f4c0                xTaskGetTickCount
 .text.xTaskGetTickCountFromISR
                0x0800f4e0       0x24 ./Middlewares/Third_Party/FreeRTOS/Source/tasks.o
                0x0800f4e0                xTaskGetTickCountFromISR
 .text.xTaskIncrementTick
                0x0800f504      0x178 ./Middlewares/Third_Party/FreeRTOS/Source/tasks.o
                0x0800f504                xTaskIncrementTick
 .text.vTaskSwitchContext
                0x0800f67c       0xcc ./Middlewares/Third_Party/FreeRTOS/Source/tasks.o
                0x0800f67c                vTaskSwitchContext
 .text.vTaskPlaceOnEventList
                0x0800f748       0x50 ./Middlewares/Third_Party/FreeRTOS/Source/tasks.o
                0x0800f748                vTaskPlaceOnEventList
 .text.xTaskRemoveFromEventList
                0x0800f798       0xcc ./Middlewares/Third_Party/FreeRTOS/Source/tasks.o
                0x0800f798                xTaskRemoveFromEventList
 .text.vTaskInternalSetTimeOutState
                0x0800f864       0x2c ./Middlewares/Third_Party/FreeRTOS/Source/tasks.o
                0x0800f864                vTaskInternalSetTimeOutState
 .text.xTaskCheckForTimeOut
                0x0800f890       0xd0 ./Middlewares/Third_Party/FreeRTOS/Source/tasks.o
                0x0800f890                xTaskCheckForTimeOut
 .text.vTaskMissedYield
                0x0800f960       0x18 ./Middlewares/Third_Party/FreeRTOS/Source/tasks.o
                0x0800f960                vTaskMissedYield
 .text.prvIdleTask
                0x0800f978       0x30 ./Middlewares/Third_Party/FreeRTOS/Source/tasks.o
 .text.prvInitialiseTaskLists
                0x0800f9a8       0x80 ./Middlewares/Third_Party/FreeRTOS/Source/tasks.o
 .text.prvCheckTasksWaitingTermination
                0x0800fa28       0x5c ./Middlewares/Third_Party/FreeRTOS/Source/tasks.o
 .text.prvDeleteTCB
                0x0800fa84       0x6e ./Middlewares/Third_Party/FreeRTOS/Source/tasks.o
 *fill*         0x0800faf2        0x2 
 .text.prvResetNextTaskUnblockTime
                0x0800faf4       0x40 ./Middlewares/Third_Party/FreeRTOS/Source/tasks.o
 .text.xTaskGetCurrentTaskHandle
                0x0800fb34       0x20 ./Middlewares/Third_Party/FreeRTOS/Source/tasks.o
                0x0800fb34                xTaskGetCurrentTaskHandle
 .text.xTaskGetSchedulerState
                0x0800fb54       0x3c ./Middlewares/Third_Party/FreeRTOS/Source/tasks.o
                0x0800fb54                xTaskGetSchedulerState
 .text.xTaskPriorityInherit
                0x0800fb90      0x100 ./Middlewares/Third_Party/FreeRTOS/Source/tasks.o
                0x0800fb90                xTaskPriorityInherit
 .text.xTaskPriorityDisinherit
                0x0800fc90      0x118 ./Middlewares/Third_Party/FreeRTOS/Source/tasks.o
                0x0800fc90                xTaskPriorityDisinherit
 .text.vTaskPriorityDisinheritAfterTimeout
                0x0800fda8      0x140 ./Middlewares/Third_Party/FreeRTOS/Source/tasks.o
                0x0800fda8                vTaskPriorityDisinheritAfterTimeout
 .text.pvTaskIncrementMutexHeldCount
                0x0800fee8       0x28 ./Middlewares/Third_Party/FreeRTOS/Source/tasks.o
                0x0800fee8                pvTaskIncrementMutexHeldCount
 .text.ulTaskNotifyTake
                0x0800ff10       0x98 ./Middlewares/Third_Party/FreeRTOS/Source/tasks.o
                0x0800ff10                ulTaskNotifyTake
 .text.vTaskNotifyGiveFromISR
                0x0800ffa8      0x138 ./Middlewares/Third_Party/FreeRTOS/Source/tasks.o
                0x0800ffa8                vTaskNotifyGiveFromISR
 .text.prvAddCurrentTaskToDelayedList
                0x080100e0       0xcc ./Middlewares/Third_Party/FreeRTOS/Source/tasks.o
 .text.pxPortInitialiseStack
                0x080101ac       0x68 ./Middlewares/Third_Party/FreeRTOS/Source/portable/GCC/ARM_CM7/r0p1/port.o
                0x080101ac                pxPortInitialiseStack
 .text.prvTaskExitError
                0x08010214       0x64 ./Middlewares/Third_Party/FreeRTOS/Source/portable/GCC/ARM_CM7/r0p1/port.o
 *fill*         0x08010278        0x8 
 .text.SVC_Handler
                0x08010280       0x28 ./Middlewares/Third_Party/FreeRTOS/Source/portable/GCC/ARM_CM7/r0p1/port.o
                0x08010280                SVC_Handler
 .text.prvPortStartFirstTask
                0x080102a8       0x28 ./Middlewares/Third_Party/FreeRTOS/Source/portable/GCC/ARM_CM7/r0p1/port.o
 .text.xPortStartScheduler
                0x080102d0       0xfc ./Middlewares/Third_Party/FreeRTOS/Source/portable/GCC/ARM_CM7/r0p1/port.o
                0x080102d0                xPortStartScheduler
 .text.vPortEnterCritical
                0x080103cc       0x6c ./Middlewares/Third_Party/FreeRTOS/Source/portable/GCC/ARM_CM7/r0p1/port.o
                0x080103cc                vPortEnterCritical
 .text.vPortExitCritical
                0x08010438       0x58 ./Middlewares/Third_Party/FreeRTOS/Source/portable/GCC/ARM_CM7/r0p1/port.o
                0x08010438                vPortExitCritical
 .text.PendSV_Handler
                0x08010490       0x68 ./Middlewares/Third_Party/FreeRTOS/Source/portable/GCC/ARM_CM7/r0p1/port.o
                0x08010490                PendSV_Handler
 .text.xPortSysTickHandler
                0x080104f8       0x48 ./Middlewares/Third_Party/FreeRTOS/Source/portable/GCC/ARM_CM7/r0p1/port.o
                0x080104f8                xPortSysTickHandler
 .text.vPortSetupTimerInterrupt
                0x08010540       0x48 ./Middlewares/Third_Party/FreeRTOS/Source/portable/GCC/ARM_CM7/r0p1/port.o
                0x08010540                vPortSetupTimerInterrupt
 .text.vPortEnableVFP
                0x08010588       0x14 ./Middlewares/Third_Party/FreeRTOS/Source/portable/GCC/ARM_CM7/r0p1/port.o
 .text.vPortValidateInterruptPriority
                0x0801059c       0x8c ./Middlewares/Third_Party/FreeRTOS/Source/portable/GCC/ARM_CM7/r0p1/port.o
                0x0801059c                vPortValidateInterruptPriority
 .text.pvPortMalloc
                0x08010628      0x19c ./Middlewares/Third_Party/FreeRTOS/Source/portable/MemMang/heap_4.o
                0x08010628                pvPortMalloc
 .text.vPortFree
                0x080107c4       0xc0 ./Middlewares/Third_Party/FreeRTOS/Source/portable/MemMang/heap_4.o
                0x080107c4                vPortFree
 .text.prvHeapInit
                0x08010884       0xc4 ./Middlewares/Third_Party/FreeRTOS/Source/portable/MemMang/heap_4.o
 .text.prvInsertBlockIntoFreeList
                0x08010948       0xb4 ./Middlewares/Third_Party/FreeRTOS/Source/portable/MemMang/heap_4.o
 .text.sprintf  0x080109fc       0x44 C:/ST/STM32CubeIDE_1.15.1/STM32CubeIDE/plugins/com.st.stm32cube.ide.mcu.externaltools.gnu-tools-for-stm32.13.3.rel1.win32_1.0.0.202411081344/tools/bin/../lib/gcc/arm-none-eabi/13.3.1/../../../../arm-none-eabi/lib/thumb/v7e-m+dp/hard\libc_nano.a(libc_a-sprintf.o)
                0x080109fc                siprintf
                0x080109fc                sprintf
 .text.memset   0x08010a40       0x10 C:/ST/STM32CubeIDE_1.15.1/STM32CubeIDE/plugins/com.st.stm32cube.ide.mcu.externaltools.gnu-tools-for-stm32.13.3.rel1.win32_1.0.0.202411081344/tools/bin/../lib/gcc/arm-none-eabi/13.3.1/../../../../arm-none-eabi/lib/thumb/v7e-m+dp/hard\libc_nano.a(libc_a-memset.o)
                0x08010a40                memset
 .text._reclaim_reent
                0x08010a50       0xbc C:/ST/STM32CubeIDE_1.15.1/STM32CubeIDE/plugins/com.st.stm32cube.ide.mcu.externaltools.gnu-tools-for-stm32.13.3.rel1.win32_1.0.0.202411081344/tools/bin/../lib/gcc/arm-none-eabi/13.3.1/../../../../arm-none-eabi/lib/thumb/v7e-m+dp/hard\libc_nano.a(libc_a-reent.o)
                0x08010a50                _reclaim_reent
 .text.__errno  0x08010b0c        0xc C:/ST/STM32CubeIDE_1.15.1/STM32CubeIDE/plugins/com.st.stm32cube.ide.mcu.externaltools.gnu-tools-for-stm32.13.3.rel1.win32_1.0.0.202411081344/tools/bin/../lib/gcc/arm-none-eabi/13.3.1/../../../../arm-none-eabi/lib/thumb/v7e-m+dp/hard\libc_nano.a(libc_a-errno.o)
                0x08010b0c                __errno
 .text.__libc_init_array
                0x08010b18       0x48 C:/ST/STM32CubeIDE_1.15.1/STM32CubeIDE/plugins/com.st.stm32cube.ide.mcu.externaltools.gnu-tools-for-stm32.13.3.rel1.win32_1.0.0.202411081344/tools/bin/../lib/gcc/arm-none-eabi/13.3.1/../../../../arm-none-eabi/lib/thumb/v7e-m+dp/hard\libc_nano.a(libc_a-init.o)
                0x08010b18                __libc_init_array
 .text.__retarget_lock_acquire_recursive
                0x08010b60        0x2 C:/ST/STM32CubeIDE_1.15.1/STM32CubeIDE/plugins/com.st.stm32cube.ide.mcu.externaltools.gnu-tools-for-stm32.13.3.rel1.win32_1.0.0.202411081344/tools/bin/../lib/gcc/arm-none-eabi/13.3.1/../../../../arm-none-eabi/lib/thumb/v7e-m+dp/hard\libc_nano.a(libc_a-lock.o)
                0x08010b60                __retarget_lock_acquire_recursive
 .text.__retarget_lock_release_recursive
                0x08010b62        0x2 C:/ST/STM32CubeIDE_1.15.1/STM32CubeIDE/plugins/com.st.stm32cube.ide.mcu.externaltools.gnu-tools-for-stm32.13.3.rel1.win32_1.0.0.202411081344/tools/bin/../lib/gcc/arm-none-eabi/13.3.1/../../../../arm-none-eabi/lib/thumb/v7e-m+dp/hard\libc_nano.a(libc_a-lock.o)
                0x08010b62                __retarget_lock_release_recursive
 .text.memcpy   0x08010b64       0x1c C:/ST/STM32CubeIDE_1.15.1/STM32CubeIDE/plugins/com.st.stm32cube.ide.mcu.externaltools.gnu-tools-for-stm32.13.3.rel1.win32_1.0.0.202411081344/tools/bin/../lib/gcc/arm-none-eabi/13.3.1/../../../../arm-none-eabi/lib/thumb/v7e-m+dp/hard\libc_nano.a(libc_a-memcpy-stub.o)
                0x08010b64                memcpy
 .text._free_r  0x08010b80       0x94 C:/ST/STM32CubeIDE_1.15.1/STM32CubeIDE/plugins/com.st.stm32cube.ide.mcu.externaltools.gnu-tools-for-stm32.13.3.rel1.win32_1.0.0.202411081344/tools/bin/../lib/gcc/arm-none-eabi/13.3.1/../../../../arm-none-eabi/lib/thumb/v7e-m+dp/hard\libc_nano.a(libc_a-freer.o)
                0x08010b80                _free_r
 .text.sbrk_aligned
                0x08010c14       0x44 C:/ST/STM32CubeIDE_1.15.1/STM32CubeIDE/plugins/com.st.stm32cube.ide.mcu.externaltools.gnu-tools-for-stm32.13.3.rel1.win32_1.0.0.202411081344/tools/bin/../lib/gcc/arm-none-eabi/13.3.1/../../../../arm-none-eabi/lib/thumb/v7e-m+dp/hard\libc_nano.a(libc_a-mallocr.o)
 .text._malloc_r
                0x08010c58      0x100 C:/ST/STM32CubeIDE_1.15.1/STM32CubeIDE/plugins/com.st.stm32cube.ide.mcu.externaltools.gnu-tools-for-stm32.13.3.rel1.win32_1.0.0.202411081344/tools/bin/../lib/gcc/arm-none-eabi/13.3.1/../../../../arm-none-eabi/lib/thumb/v7e-m+dp/hard\libc_nano.a(libc_a-mallocr.o)
                0x08010c58                _malloc_r
 .text.__malloc_lock
                0x08010d58        0xc C:/ST/STM32CubeIDE_1.15.1/STM32CubeIDE/plugins/com.st.stm32cube.ide.mcu.externaltools.gnu-tools-for-stm32.13.3.rel1.win32_1.0.0.202411081344/tools/bin/../lib/gcc/arm-none-eabi/13.3.1/../../../../arm-none-eabi/lib/thumb/v7e-m+dp/hard\libc_nano.a(libc_a-mlock.o)
                0x08010d58                __malloc_lock
 .text.__malloc_unlock
                0x08010d64        0xc C:/ST/STM32CubeIDE_1.15.1/STM32CubeIDE/plugins/com.st.stm32cube.ide.mcu.externaltools.gnu-tools-for-stm32.13.3.rel1.win32_1.0.0.202411081344/tools/bin/../lib/gcc/arm-none-eabi/13.3.1/../../../../arm-none-eabi/lib/thumb/v7e-m+dp/hard\libc_nano.a(libc_a-mlock.o)
                0x08010d64                __malloc_unlock
 .text.__ssputs_r
                0x08010d70       0xb6 C:/ST/STM32CubeIDE_1.15.1/STM32CubeIDE/plugins/com.st.stm32cube.ide.mcu.externaltools.gnu-tools-for-stm32.13.3.rel1.win32_1.0.0.202411081344/tools/bin/../lib/gcc/arm-none-eabi/13.3.1/../../../../arm-none-eabi/lib/thumb/v7e-m+dp/hard\libc_nano.a(libc_a-nano-svfprintf.o)
                0x08010d70                __ssputs_r
 *fill*         0x08010e26        0x2 
 .text._svfprintf_r
                0x08010e28      0x1f8 C:/ST/STM32CubeIDE_1.15.1/STM32CubeIDE/plugins/com.st.stm32cube.ide.mcu.externaltools.gnu-tools-for-stm32.13.3.rel1.win32_1.0.0.202411081344/tools/bin/../lib/gcc/arm-none-eabi/13.3.1/../../../../arm-none-eabi/lib/thumb/v7e-m+dp/hard\libc_nano.a(libc_a-nano-svfprintf.o)
                0x08010e28                _svfiprintf_r
                0x08010e28                _svfprintf_r
 .text._printf_common
                0x08011020       0xda C:/ST/STM32CubeIDE_1.15.1/STM32CubeIDE/plugins/com.st.stm32cube.ide.mcu.externaltools.gnu-tools-for-stm32.13.3.rel1.win32_1.0.0.202411081344/tools/bin/../lib/gcc/arm-none-eabi/13.3.1/../../../../arm-none-eabi/lib/thumb/v7e-m+dp/hard\libc_nano.a(libc_a-nano-vfprintf_i.o)
                0x08011020                _printf_common
 *fill*         0x080110fa        0x2 
 .text._printf_i
                0x080110fc      0x23c C:/ST/STM32CubeIDE_1.15.1/STM32CubeIDE/plugins/com.st.stm32cube.ide.mcu.externaltools.gnu-tools-for-stm32.13.3.rel1.win32_1.0.0.202411081344/tools/bin/../lib/gcc/arm-none-eabi/13.3.1/../../../../arm-none-eabi/lib/thumb/v7e-m+dp/hard\libc_nano.a(libc_a-nano-vfprintf_i.o)
                0x080110fc                _printf_i
 .text.memmove  0x08011338       0x34 C:/ST/STM32CubeIDE_1.15.1/STM32CubeIDE/plugins/com.st.stm32cube.ide.mcu.externaltools.gnu-tools-for-stm32.13.3.rel1.win32_1.0.0.202411081344/tools/bin/../lib/gcc/arm-none-eabi/13.3.1/../../../../arm-none-eabi/lib/thumb/v7e-m+dp/hard\libc_nano.a(libc_a-memmove.o)
                0x08011338                memmove
 .text._sbrk_r  0x0801136c       0x20 C:/ST/STM32CubeIDE_1.15.1/STM32CubeIDE/plugins/com.st.stm32cube.ide.mcu.externaltools.gnu-tools-for-stm32.13.3.rel1.win32_1.0.0.202411081344/tools/bin/../lib/gcc/arm-none-eabi/13.3.1/../../../../arm-none-eabi/lib/thumb/v7e-m+dp/hard\libc_nano.a(libc_a-sbrkr.o)
                0x0801136c                _sbrk_r
 .text._realloc_r
                0x0801138c       0x5c C:/ST/STM32CubeIDE_1.15.1/STM32CubeIDE/plugins/com.st.stm32cube.ide.mcu.externaltools.gnu-tools-for-stm32.13.3.rel1.win32_1.0.0.202411081344/tools/bin/../lib/gcc/arm-none-eabi/13.3.1/../../../../arm-none-eabi/lib/thumb/v7e-m+dp/hard\libc_nano.a(libc_a-reallocr.o)
                0x0801138c                _realloc_r
 .text._malloc_usable_size_r
                0x080113e8       0x10 C:/ST/STM32CubeIDE_1.15.1/STM32CubeIDE/plugins/com.st.stm32cube.ide.mcu.externaltools.gnu-tools-for-stm32.13.3.rel1.win32_1.0.0.202411081344/tools/bin/../lib/gcc/arm-none-eabi/13.3.1/../../../../arm-none-eabi/lib/thumb/v7e-m+dp/hard\libc_nano.a(libc_a-msizer.o)
                0x080113e8                _malloc_usable_size_r
 *(.glue_7)
 .glue_7        0x080113f8        0x0 linker stubs
 *(.glue_7t)
 .glue_7t       0x080113f8        0x0 linker stubs
 *(.eh_frame)
 .eh_frame      0x080113f8        0x0 C:/ST/STM32CubeIDE_1.15.1/STM32CubeIDE/plugins/com.st.stm32cube.ide.mcu.externaltools.gnu-tools-for-stm32.13.3.rel1.win32_1.0.0.202411081344/tools/bin/../lib/gcc/arm-none-eabi/13.3.1/thumb/v7e-m+dp/hard/crtbegin.o
 *(.init)
 .init          0x080113f8        0x4 C:/ST/STM32CubeIDE_1.15.1/STM32CubeIDE/plugins/com.st.stm32cube.ide.mcu.externaltools.gnu-tools-for-stm32.13.3.rel1.win32_1.0.0.202411081344/tools/bin/../lib/gcc/arm-none-eabi/13.3.1/thumb/v7e-m+dp/hard/crti.o
                0x080113f8                _init
 .init          0x080113fc        0x8 C:/ST/STM32CubeIDE_1.15.1/STM32CubeIDE/plugins/com.st.stm32cube.ide.mcu.externaltools.gnu-tools-for-stm32.13.3.rel1.win32_1.0.0.202411081344/tools/bin/../lib/gcc/arm-none-eabi/13.3.1/thumb/v7e-m+dp/hard/crtn.o
 *(.fini)
 .fini          0x08011404        0x4 C:/ST/STM32CubeIDE_1.15.1/STM32CubeIDE/plugins/com.st.stm32cube.ide.mcu.externaltools.gnu-tools-for-stm32.13.3.rel1.win32_1.0.0.202411081344/tools/bin/../lib/gcc/arm-none-eabi/13.3.1/thumb/v7e-m+dp/hard/crti.o
                0x08011404                _fini
 .fini          0x08011408        0x8 C:/ST/STM32CubeIDE_1.15.1/STM32CubeIDE/plugins/com.st.stm32cube.ide.mcu.externaltools.gnu-tools-for-stm32.13.3.rel1.win32_1.0.0.202411081344/tools/bin/../lib/gcc/arm-none-eabi/13.3.1/thumb/v7e-m+dp/hard/crtn.o
                0x08011410                        . = ALIGN (0x4)
                0x08011410                        _etext = .

.vfp11_veneer   0x08011410        0x0
 .vfp11_veneer  0x08011410        0x0 linker stubs

.v4_bx          0x08011410        0x0
 .v4_bx         0x08011410        0x0 linker stubs

.iplt           0x08011410        0x0
 .iplt          0x08011410        0x0 C:/ST/STM32CubeIDE_1.15.1/STM32CubeIDE/plugins/com.st.stm32cube.ide.mcu.externaltools.gnu-tools-for-stm32.13.3.rel1.win32_1.0.0.202411081344/tools/bin/../lib/gcc/arm-none-eabi/13.3.1/thumb/v7e-m+dp/hard/crtbegin.o

.rodata         0x08011410      0x1fc
                0x08011410                        . = ALIGN (0x4)
 *(.rodata)
 .rodata        0x08011410       0x2d ./Core/Src/My_SdCard.o
 *fill*         0x0801143d        0x3 
 .rodata        0x08011440       0x88 ./Core/Src/main.o
 .rodata        0x080114c8       0x10 ./FATFS/Target/sd_diskio.o
 .rodata        0x080114d8       0x44 ./Middlewares/Third_Party/FatFs/src/ff.o
 .rodata        0x0801151c        0x5 ./Middlewares/Third_Party/FreeRTOS/Source/tasks.o
 *(.rodata*)
 *fill*         0x08011521        0x3 
 .rodata.AHBPrescTable
                0x08011524       0x10 ./Core/Src/system_stm32f7xx.o
                0x08011524                AHBPrescTable
 .rodata.APBPrescTable
                0x08011534        0x8 ./Core/Src/system_stm32f7xx.o
                0x08011534                APBPrescTable
 .rodata.flagBitshiftOffset.0
                0x0801153c        0x8 ./Drivers/STM32F7xx_HAL_Driver/Src/stm32f7xx_hal_dma.o
 .rodata.SD_Driver
                0x08011544       0x14 ./FATFS/Target/sd_diskio.o
                0x08011544                SD_Driver
 .rodata.ExCvt  0x08011558       0x80 ./Middlewares/Third_Party/FatFs/src/ff.o
 .rodata._svfprintf_r.str1.1
                0x080115d8       0x33 C:/ST/STM32CubeIDE_1.15.1/STM32CubeIDE/plugins/com.st.stm32cube.ide.mcu.externaltools.gnu-tools-for-stm32.13.3.rel1.win32_1.0.0.202411081344/tools/bin/../lib/gcc/arm-none-eabi/13.3.1/../../../../arm-none-eabi/lib/thumb/v7e-m+dp/hard\libc_nano.a(libc_a-nano-svfprintf.o)
                                 0x11 (size before relaxing)
 .rodata._printf_i.str1.1
                0x0801160b       0x22 C:/ST/STM32CubeIDE_1.15.1/STM32CubeIDE/plugins/com.st.stm32cube.ide.mcu.externaltools.gnu-tools-for-stm32.13.3.rel1.win32_1.0.0.202411081344/tools/bin/../lib/gcc/arm-none-eabi/13.3.1/../../../../arm-none-eabi/lib/thumb/v7e-m+dp/hard\libc_nano.a(libc_a-nano-vfprintf_i.o)
                0x08011630                        . = ALIGN (0x4)
 *fill*         0x0801160b        0x1 

.ARM.extab      0x0801160c        0x0
                0x0801160c                        . = ALIGN (0x4)
 *(.ARM.extab* .gnu.linkonce.armextab.*)
                0x0801160c                        . = ALIGN (0x4)

.ARM            0x0801160c        0x8
                0x0801160c                        . = ALIGN (0x4)
                0x0801160c                        __exidx_start = .
 *(.ARM.exidx*)
 .ARM.exidx     0x0801160c        0x8 C:/ST/STM32CubeIDE_1.15.1/STM32CubeIDE/plugins/com.st.stm32cube.ide.mcu.externaltools.gnu-tools-for-stm32.13.3.rel1.win32_1.0.0.202411081344/tools/bin/../lib/gcc/arm-none-eabi/13.3.1/../../../../arm-none-eabi/lib/thumb/v7e-m+dp/hard\libc_nano.a(libc_a-memchr.o)
 .ARM.exidx     0x08011614        0x0 C:/ST/STM32CubeIDE_1.15.1/STM32CubeIDE/plugins/com.st.stm32cube.ide.mcu.externaltools.gnu-tools-for-stm32.13.3.rel1.win32_1.0.0.202411081344/tools/bin/../lib/gcc/arm-none-eabi/13.3.1/thumb/v7e-m+dp/hard\libgcc.a(_udivmoddi4.o)
                                  0x8 (size before relaxing)
                0x08011614                        __exidx_end = .
                0x08011614                        . = ALIGN (0x4)

.preinit_array  0x08011614        0x0
                0x08011614                        . = ALIGN (0x4)
                0x08011614                        PROVIDE (__preinit_array_start = .)
 *(.preinit_array*)
                0x08011614                        PROVIDE (__preinit_array_end = .)
                0x08011614                        . = ALIGN (0x4)

.init_array     0x08011614        0x4
                0x08011614                        . = ALIGN (0x4)
                0x08011614                        PROVIDE (__init_array_start = .)
 *(SORT_BY_NAME(.init_array.*))
 *(.init_array*)
 .init_array    0x08011614        0x4 C:/ST/STM32CubeIDE_1.15.1/STM32CubeIDE/plugins/com.st.stm32cube.ide.mcu.externaltools.gnu-tools-for-stm32.13.3.rel1.win32_1.0.0.202411081344/tools/bin/../lib/gcc/arm-none-eabi/13.3.1/thumb/v7e-m+dp/hard/crtbegin.o
                0x08011618                        PROVIDE (__init_array_end = .)
                0x08011618                        . = ALIGN (0x4)

.fini_array     0x08011618        0x4
                0x08011618                        . = ALIGN (0x4)
                [!provide]                        PROVIDE (__fini_array_start = .)
 *(SORT_BY_NAME(.fini_array.*))
 *(.fini_array*)
 .fini_array    0x08011618        0x4 C:/ST/STM32CubeIDE_1.15.1/STM32CubeIDE/plugins/com.st.stm32cube.ide.mcu.externaltools.gnu-tools-for-stm32.13.3.rel1.win32_1.0.0.202411081344/tools/bin/../lib/gcc/arm-none-eabi/13.3.1/thumb/v7e-m+dp/hard/crtbegin.o
                [!provide]                        PROVIDE (__fini_array_end = .)
                0x0801161c                        . = ALIGN (0x4)
                0x0801161c                        _sidata = LOADADDR (.data)

.rel.dyn        0x0801161c        0x0
 .rel.iplt      0x0801161c        0x0 C:/ST/STM32CubeIDE_1.15.1/STM32CubeIDE/plugins/com.st.stm32cube.ide.mcu.externaltools.gnu-tools-for-stm32.13.3.rel1.win32_1.0.0.202411081344/tools/bin/../lib/gcc/arm-none-eabi/13.3.1/thumb/v7e-m+dp/hard/crtbegin.o

.data           0x20000000       0x98 load address 0x0801161c
                0x20000000                        . = ALIGN (0x4)
                0x20000000                        _sdata = .
 *(.data)
 *(.data*)
 .data.audio_drv
                0x20000000        0x4 ./Core/Src/My_Audio.o
                0x20000000                audio_drv
 .data.fileIndex.0
                0x20000004        0x2 ./Core/Src/My_SdCard.o
 *fill*         0x20000006        0x2 
 .data.SystemCoreClock
                0x20000008        0x4 ./Core/Src/system_stm32f7xx.o
                0x20000008                SystemCoreClock
 .data.wm8994_drv
                0x2000000c       0x30 ./Drivers/BSP/Components/wm8994/wm8994.o
                0x2000000c                wm8994_drv
 .data.uwTickPrio
                0x2000003c        0x4 ./Drivers/STM32F7xx_HAL_Driver/Src/stm32f7xx_hal.o
                0x2000003c                uwTickPrio
 .data.uwTickFreq
                0x20000040        0x1 ./Drivers/STM32F7xx_HAL_Driver/Src/stm32f7xx_hal.o
                0x20000040                uwTickFreq
 .data.Stat     0x20000041        0x1 ./FATFS/Target/sd_diskio.o
 *fill*         0x20000042        0x2 
 .data.uxCriticalNesting
                0x20000044        0x4 ./Middlewares/Third_Party/FreeRTOS/Source/portable/GCC/ARM_CM7/r0p1/port.o
 .data._impure_ptr
                0x20000048        0x4 C:/ST/STM32CubeIDE_1.15.1/STM32CubeIDE/plugins/com.st.stm32cube.ide.mcu.externaltools.gnu-tools-for-stm32.13.3.rel1.win32_1.0.0.202411081344/tools/bin/../lib/gcc/arm-none-eabi/13.3.1/../../../../arm-none-eabi/lib/thumb/v7e-m+dp/hard\libc_nano.a(libc_a-impure.o)
                0x20000048                _impure_ptr
 .data._impure_data
                0x2000004c       0x4c C:/ST/STM32CubeIDE_1.15.1/STM32CubeIDE/plugins/com.st.stm32cube.ide.mcu.externaltools.gnu-tools-for-stm32.13.3.rel1.win32_1.0.0.202411081344/tools/bin/../lib/gcc/arm-none-eabi/13.3.1/../../../../arm-none-eabi/lib/thumb/v7e-m+dp/hard\libc_nano.a(libc_a-impure.o)
                0x2000004c                _impure_data
 *(.RamFunc)
 *(.RamFunc*)
                0x20000098                        . = ALIGN (0x4)
                0x20000098                        _edata = .

.igot.plt       0x20000098        0x0 load address 0x080116b4
 .igot.plt      0x20000098        0x0 C:/ST/STM32CubeIDE_1.15.1/STM32CubeIDE/plugins/com.st.stm32cube.ide.mcu.externaltools.gnu-tools-for-stm32.13.3.rel1.win32_1.0.0.202411081344/tools/bin/../lib/gcc/arm-none-eabi/13.3.1/thumb/v7e-m+dp/hard/crtbegin.o

.bss            0x20000098    0x12104 load address 0x080116b4
                0x20000098                        _sbss = .
                0x20000098                        __bss_start__ = _sbss
 *(.bss)
 .bss           0x20000098       0x1c C:/ST/STM32CubeIDE_1.15.1/STM32CubeIDE/plugins/com.st.stm32cube.ide.mcu.externaltools.gnu-tools-for-stm32.13.3.rel1.win32_1.0.0.202411081344/tools/bin/../lib/gcc/arm-none-eabi/13.3.1/thumb/v7e-m+dp/hard/crtbegin.o
 *(.bss*)
 .bss.record_buffer
                0x200000b4     0x2000 ./Core/Src/My_Audio.o
                0x200000b4                record_buffer
 .bss.play_buffer
                0x200020b4     0x2000 ./Core/Src/My_Audio.o
                0x200020b4                play_buffer
 .bss.compressed_buffer
                0x200040b4     0x1000 ./Core/Src/My_Audio.o
                0x200040b4                compressed_buffer
 .bss.haudio_out_sai
                0x200050b4       0x84 ./Core/Src/My_Audio.o
                0x200050b4                haudio_out_sai
 .bss.haudio_in_sai
                0x20005138       0x84 ./Core/Src/My_Audio.o
                0x20005138                haudio_in_sai
 .bss.hdma_sai_tx
                0x200051bc       0x60 ./Core/Src/My_Audio.o
                0x200051bc                hdma_sai_tx
 .bss.hdma_sai_rx
                0x2000521c       0x60 ./Core/Src/My_Audio.o
                0x2000521c                hdma_sai_rx
 .bss.audio_rec_buffer_state
                0x2000527c        0x4 ./Core/Src/My_Audio.o
                0x2000527c                audio_rec_buffer_state
 .bss.audio_tx_buffer_state
                0x20005280        0x4 ./Core/Src/My_Audio.o
                0x20005280                audio_tx_buffer_state
 .bss.header    0x20005284       0x2c ./Core/Src/My_SdCard.o
                0x20005284                header
 .bss.byteswritten
                0x200052b0        0x4 ./Core/Src/My_SdCard.o
                0x200052b0                byteswritten
 .bss.xIdleTaskTCBBuffer
                0x200052b4       0xa0 ./Core/Src/freertos.o
 .bss.xIdleStack
                0x20005354      0x200 ./Core/Src/freertos.o
 .bss.hdfsdm1_filter0
                0x20005554       0x54 ./Core/Src/main.o
                0x20005554                hdfsdm1_filter0
 .bss.hdfsdm1_channel0
                0x200055a8       0x38 ./Core/Src/main.o
                0x200055a8                hdfsdm1_channel0
 .bss.hsai_BlockA1
                0x200055e0       0x84 ./Core/Src/main.o
                0x200055e0                hsai_BlockA1
 .bss.hsai_BlockB1
                0x20005664       0x84 ./Core/Src/main.o
                0x20005664                hsai_BlockB1
 .bss.hdma_sai1_a
                0x200056e8       0x60 ./Core/Src/main.o
                0x200056e8                hdma_sai1_a
 .bss.hdma_sai1_b
                0x20005748       0x60 ./Core/Src/main.o
                0x20005748                hdma_sai1_b
 .bss.hsd2      0x200057a8       0x84 ./Core/Src/main.o
                0x200057a8                hsd2
 .bss.hdma_sdmmc2_rx
                0x2000582c       0x60 ./Core/Src/main.o
                0x2000582c                hdma_sdmmc2_rx
 .bss.hdma_sdmmc2_tx
                0x2000588c       0x60 ./Core/Src/main.o
                0x2000588c                hdma_sdmmc2_tx
 .bss.huart1    0x200058ec       0x88 ./Core/Src/main.o
                0x200058ec                huart1
 .bss.SDCardTaskHandle
                0x20005974        0x4 ./Core/Src/main.o
                0x20005974                SDCardTaskHandle
 .bss.GUI_TaskHandle
                0x20005978        0x4 ./Core/Src/main.o
                0x20005978                GUI_TaskHandle
 .bss.Record_TaskHandle