../Core/Src/My_Audio.c:49:6:Audio_passThrough	8	static
../Core/Src/My_Audio.c:107:6:dosth	4	static
../Core/Src/My_Audio.c:120:6:simple_noise_filter	56	static
../Core/Src/My_Audio.c:157:6:sin_wave_data_to_buffer	24	static
../Core/Src/My_Audio.c:167:13:convert_to_dma_buffer	40	static
../Core/Src/My_Audio.c:184:13:extract_from_dma_buffer	32	static
../Core/Src/My_Audio.c:192:13:CopyBuffer	32	static
../Core/Src/My_Audio.c:201:13:SAIx_Out_Init	16	static
../Core/Src/My_Audio.c:246:13:SAIx_In_Init	16	static
../Core/Src/My_Audio.c:291:13:SAIx_In_DeInit	8	static
../Core/Src/My_Audio.c:302:13:SAIx_Out_DeInit	8	static
../Core/Src/My_Audio.c:312:6:SAI_Clock_Configuration	160	static
../Core/Src/My_Audio.c:363:6:Sai_Out_MspInit	56	static
../Core/Src/My_Audio.c:424:6:Sai_In_MspInit	56	static
../Core/Src/My_Audio.c:493:6:CodekInit	24	static
../Core/Src/My_Audio.c:503:6:AudioInit	16	static
