../Core/Src/stm32f7xx_it.c:77:6:NMI_Handler	4	static
../Core/Src/stm32f7xx_it.c:92:6:HardFault_Handler	4	static
../Core/Src/stm32f7xx_it.c:107:6:MemManage_Handler	4	static
../Core/Src/stm32f7xx_it.c:122:6:BusFault_Handler	4	static
../Core/Src/stm32f7xx_it.c:137:6:UsageFault_Handler	4	static
../Core/Src/stm32f7xx_it.c:152:6:DebugMon_Handler	4	static
../Core/Src/stm32f7xx_it.c:165:6:SysTick_Handler	8	static
../Core/Src/stm32f7xx_it.c:194:6:DMA2_Stream0_IRQHandler	8	static
../Core/Src/stm32f7xx_it.c:208:6:DMA2_Stream1_IRQHandler	8	static
../Core/Src/stm32f7xx_it.c:222:6:DMA2_Stream4_IRQHandler	8	static
../Core/Src/stm32f7xx_it.c:236:6:DMA2_Stream5_IRQHandler	8	static
../Core/Src/stm32f7xx_it.c:250:6:DFSDM1_FLT0_IRQHandler	8	static
../Core/Src/stm32f7xx_it.c:264:6:SDMMC2_IRQHandler	8	static
